Component: ARM Compiler 5.06 update 6 (build 750) Tool: armlink [4d35ed]

==============================================================================

Section Cross References

    startup_mk64f12.o(RESET) refers to startup_mk64f12.o(.text) for Reset_Handler
    startup_mk64f12.o(RESET) refers to hal_cm4.o(.emb_text) for SVC_Handler
    startup_mk64f12.o(RESET) refers to main.o(i.ADC0_IRQHandler) for ADC0_IRQHandler
    startup_mk64f12.o(RESET) refers to main.o(i.PDB0_IRQHandler) for PDB0_IRQHandler
    startup_mk64f12.o(RESET) refers to main.o(i.PORTA_IRQHandler) for PORTA_IRQHandler
    startup_mk64f12.o(RESET) refers to main.o(i.PORTC_IRQHandler) for PORTC_IRQHandler
    startup_mk64f12.o(.text) refers to startup_mk64f12.o(FlashConfig) for FlashConfig
    startup_mk64f12.o(.text) refers to startup_mk64f12.o(RESET) for __Vectors
    startup_mk64f12.o(.text) refers to system_mk64f12.o(i.SystemInit) for SystemInit
    startup_mk64f12.o(.text) refers to entry.o(.ARM.Collect$$$$00000000) for __main
    startup_mk64f12.o(.text) refers to fsl_uart.o(i.UART0_RX_TX_DriverIRQHandler) for UART0_RX_TX_DriverIRQHandler
    startup_mk64f12.o(.text) refers to fsl_uart.o(i.UART1_RX_TX_DriverIRQHandler) for UART1_RX_TX_DriverIRQHandler
    startup_mk64f12.o(.text) refers to fsl_uart.o(i.UART2_RX_TX_DriverIRQHandler) for UART2_RX_TX_DriverIRQHandler
    startup_mk64f12.o(.text) refers to fsl_uart.o(i.UART3_RX_TX_DriverIRQHandler) for UART3_RX_TX_DriverIRQHandler
    startup_mk64f12.o(.text) refers to fsl_uart.o(i.UART4_RX_TX_DriverIRQHandler) for UART4_RX_TX_DriverIRQHandler
    startup_mk64f12.o(.text) refers to fsl_uart.o(i.UART5_RX_TX_DriverIRQHandler) for UART5_RX_TX_DriverIRQHandler
    system_mk64f12.o(i.SystemCoreClockUpdate) refers to system_mk64f12.o(.data) for SystemCoreClock
    fsl_uart.o(i.UART0_DriverIRQHandler) refers to fsl_uart.o(.bss) for s_uartHandle
    fsl_uart.o(i.UART0_DriverIRQHandler) refers to fsl_uart.o(.data) for s_uartIsr
    fsl_uart.o(i.UART0_RX_TX_DriverIRQHandler) refers to fsl_uart.o(i.UART0_DriverIRQHandler) for UART0_DriverIRQHandler
    fsl_uart.o(i.UART1_DriverIRQHandler) refers to fsl_uart.o(.bss) for s_uartHandle
    fsl_uart.o(i.UART1_DriverIRQHandler) refers to fsl_uart.o(.data) for s_uartIsr
    fsl_uart.o(i.UART1_RX_TX_DriverIRQHandler) refers to fsl_uart.o(i.UART1_DriverIRQHandler) for UART1_DriverIRQHandler
    fsl_uart.o(i.UART2_DriverIRQHandler) refers to fsl_uart.o(.bss) for s_uartHandle
    fsl_uart.o(i.UART2_DriverIRQHandler) refers to fsl_uart.o(.data) for s_uartIsr
    fsl_uart.o(i.UART2_RX_TX_DriverIRQHandler) refers to fsl_uart.o(i.UART2_DriverIRQHandler) for UART2_DriverIRQHandler
    fsl_uart.o(i.UART3_DriverIRQHandler) refers to fsl_uart.o(.bss) for s_uartHandle
    fsl_uart.o(i.UART3_DriverIRQHandler) refers to fsl_uart.o(.data) for s_uartIsr
    fsl_uart.o(i.UART3_RX_TX_DriverIRQHandler) refers to fsl_uart.o(i.UART3_DriverIRQHandler) for UART3_DriverIRQHandler
    fsl_uart.o(i.UART4_DriverIRQHandler) refers to fsl_uart.o(.bss) for s_uartHandle
    fsl_uart.o(i.UART4_DriverIRQHandler) refers to fsl_uart.o(.data) for s_uartIsr
    fsl_uart.o(i.UART4_RX_TX_DriverIRQHandler) refers to fsl_uart.o(i.UART4_DriverIRQHandler) for UART4_DriverIRQHandler
    fsl_uart.o(i.UART5_DriverIRQHandler) refers to fsl_uart.o(.bss) for s_uartHandle
    fsl_uart.o(i.UART5_DriverIRQHandler) refers to fsl_uart.o(.data) for s_uartIsr
    fsl_uart.o(i.UART5_RX_TX_DriverIRQHandler) refers to fsl_uart.o(i.UART5_DriverIRQHandler) for UART5_DriverIRQHandler
    fsl_uart.o(i.UART_ClearStatusFlags) refers to fsl_uart.o(i.UART_GetStatusFlags) for UART_GetStatusFlags
    fsl_uart.o(i.UART_Deinit) refers to fsl_uart.o(i.UART_GetInstance) for UART_GetInstance
    fsl_uart.o(i.UART_Deinit) refers to fsl_uart.o(.constdata) for s_uartClock
    fsl_uart.o(i.UART_GetDefaultConfig) refers to fsl_common.o(i.__aeabi_assert) for __aeabi_assert
    fsl_uart.o(i.UART_GetInstance) refers to fsl_common.o(i.__aeabi_assert) for __aeabi_assert
    fsl_uart.o(i.UART_GetInstance) refers to fsl_uart.o(.constdata) for s_uartBases
    fsl_uart.o(i.UART_Init) refers to fsl_common.o(i.__aeabi_assert) for __aeabi_assert
    fsl_uart.o(i.UART_Init) refers to fsl_uart.o(i.UART_GetInstance) for UART_GetInstance
    fsl_uart.o(i.UART_Init) refers to fsl_uart.o(.constdata) for s_uartClock
    fsl_uart.o(i.UART_ReadBlocking) refers to fsl_uart.o(i.UART_GetStatusFlags) for UART_GetStatusFlags
    fsl_uart.o(i.UART_TransferAbortReceive) refers to fsl_uart.o(i.UART_DisableInterrupts) for UART_DisableInterrupts
    fsl_uart.o(i.UART_TransferAbortSend) refers to fsl_uart.o(i.UART_DisableInterrupts) for UART_DisableInterrupts
    fsl_uart.o(i.UART_TransferCreateHandle) refers to fsl_common.o(i.__aeabi_assert) for __aeabi_assert
    fsl_uart.o(i.UART_TransferCreateHandle) refers to memseta.o(.text) for __aeabi_memclr4
    fsl_uart.o(i.UART_TransferCreateHandle) refers to fsl_uart.o(i.UART_GetInstance) for UART_GetInstance
[...]
    .bss                                     0x20012658   Section       52  rt_task.o(.bss)
    .bss                                     0x2001268c   Section       48  rt_list.o(.bss)

    Global Symbols

    Symbol Name                              Value     Ov Type        Size  Object(Section)

    BuildAttributes$$THM_ISAv4$E$P$D$K$B$S$7EM$VFPi3$EXTD16$VFPS$VFMA$PE$A:L22UL41UL21$X:L11$S22US41US21$IEEE1$IW$USESV6$~STKCKD$USESV7$~SHL$OTIME$ROPI$IEEEX$EBA8$MICROLIB$REQ8$PRES8$EABIv2 0x00000000   Number         0  anon$$obj.o ABSOLUTE
    Image$$VECTOR_RAM$$Base                  0x00000000   Number         0  anon$$obj.o ABSOLUTE
    Image$$VECTOR_ROM$$Base                  0x00000000   Number         0  anon$$obj.o ABSOLUTE
    __ARM_use_no_argv                        0x00000000   Number         0  main.o ABSOLUTE
    __Vectors                                0x00000000   Data           4  startup_mk64f12.o(RESET)
    __cpp_initialize__aeabi_                  - Undefined Weak Reference
    __cxa_finalize                            - Undefined Weak Reference
    __decompress                              - Undefined Weak Reference
    _clock_init                               - Undefined Weak Reference
    _microlib_exit                            - Undefined Weak Reference
    __Vectors_End                            0x00000400   Data           0  startup_mk64f12.o(RESET)
    __Vectors_Size                           0x00000400   Number         0  startup_mk64f12.o ABSOLUTE
    __main                                   0x00000411   Thumb Code     0  entry.o(.ARM.Collect$$$$00000000)
    _main_stk                                0x00000411   Thumb Code     0  entry4.o(.ARM.Collect$$$$00000003)
    _main_scatterload                        0x00000415   Thumb Code     0  entry5.o(.ARM.Collect$$$$00000004)
    __main_after_scatterload                 0x00000419   Thumb Code     0  entry5.o(.ARM.Collect$$$$00000004)
    __rt_final_cpp                           0x00000419   Thumb Code     0  entry10a.o(.ARM.Collect$$$$0000000D)
    __rt_final_exit                          0x00000419   Thumb Code     0  entry11a.o(.ARM.Collect$$$$0000000F)
    _main_clock                              0x00000419   Thumb Code     0  entry7b.o(.ARM.Collect$$$$00000008)
    _main_cpp_init                           0x00000419   Thumb Code     0  entry8b.o(.ARM.Collect$$$$0000000A)
    _main_init                               0x00000419   Thumb Code    18  rtx_conf_cm.o(.ARM.Collect$$$$000000FF)
    rt_set_PSP                               0x00000435   Thumb Code     6  hal_cm4.o(.emb_text)
    rt_get_PSP                               0x0000043b   Thumb Code     6  hal_cm4.o(.emb_text)
    os_set_env                               0x00000441   Thumb Code    24  hal_cm4.o(.emb_text)
    _alloc_box                               0x0000045d   Thumb Code    28  hal_cm4.o(.emb_text)
    _free_box                                0x0000047d   Thumb Code    28  hal_cm4.o(.emb_text)
    __RL_RTX_VER                             0x00000482   Number         0  rt_system.o ABSOLUTE
    SVC_Handler                              0x0000049d   Thumb Code   168  hal_cm4.o(.emb_text)
    PendSV_Handler                           0x00000555   Thumb Code    96  hal_cm4.o(.emb_text)
    SysTick_Handler                          0x000005b9   Thumb Code     8  hal_cm4.o(.emb_text)
    OS_Tick_Handler                          0x000005c1   Thumb Code    12  hal_cm4.o(.emb_text)
    Reset_Handler                            0x000005cd   Thumb Code    18  startup_mk64f12.o(.text)
    NMI_Handler                              0x000005df   Thumb Code     2  startup_mk64f12.o(.text)
    HardFault_Handler                        0x000005e1   Thumb Code     2  startup_mk64f12.o(.text)
    MemManage_Handler                        0x000005e3   Thumb Code     2  startup_mk64f12.o(.text)
    BusFault_Handler                         0x000005e5   Thumb Code     2  startup_mk64f12.o(.text)
    UsageFault_Handler                       0x000005e7   Thumb Code     2  startup_mk64f12.o(.text)
    DebugMon_Handler                         0x000005eb   Thumb Code     2  startup_mk64f12.o(.text)
    DMA0_IRQHandler                          0x000005f1   Thumb Code     4  startup_mk64f12.o(.text)
    DMA1_IRQHandler                          0x000005f5   Thumb Code     4  startup_mk64f12.o(.text)
    DMA2_IRQHandler                          0x000005f9   Thumb Code     4  startup_mk64f12.o(.text)
    DMA3_IRQHandler                          0x000005fd   Thumb Code     4  startup_mk64f12.o(.text)
    DMA4_IRQHandler                          0x00000601   Thumb Code     4  startup_mk64f12.o(.text)
    DMA5_IRQHandler                          0x00000605   Thumb Code     4  startup_mk64f12.o(.text)
    DMA6_IRQHandler                          0x00000609   Thumb Code     4  startup_mk64f12.o(.text)
    DMA7_IRQHandler                          0x0000060d   Thumb Code     4  startup_mk64f12.o(.text)
    DMA8_IRQHandler                          0x00000611   Thumb Code     4  startup_mk64f12.o(.text)
    DMA9_IRQHandler                          0x00000615   Thumb Code     4  startup_mk64f12.o(.text)
    DMA10_IRQHandler                         0x00000619   Thumb Code     4  startup_mk64f12.o(.text)
    DMA11_IRQHandler                         0x0000061d   Thumb Code     4  startup_mk64f12.o(.text)
    DMA12_IRQHandler                         0x00000621   Thumb Code     4  startup_mk64f12.o(.text)
    DMA13_IRQHandler                         0x00000625   Thumb Code     4  startup_mk64f12.o(.text)
    DMA14_IRQHandler                         0x00000629   Thumb Code     4  startup_mk64f12.o(.text)
    DMA15_IRQHandler                         0x0000062d   Thumb Code     4  startup_mk64f12.o(.text)
    DMA_Error_IRQHandler                     0x00000631   Thumb Code     4  startup_mk64f12.o(.text)
    I2C0_IRQHandler                          0x00000635   Thumb Code     4  startup_mk64f12.o(.text)
    I2C1_IRQHandler                          0x00000639   Thumb Code     4  startup_mk64f12.o(.text)
    SPI0_IRQHandler                          0x0000063d   Thumb Code     4  startup_mk64f12.o(.text)
    SPI1_IRQHandler                          0x00000641   Thumb Code     4  startup_mk64f12.o(.text)
    I2S0_Tx_IRQHandler                       0x00000645   Thumb Code     4  startup_mk64f12.o(.text)
    I2S0_Rx_IRQHandler                       0x00000649   Thumb Code     4  startup_mk64f12.o(.text)
    UART0_LON_IRQHandler                     0x0000064d   Thumb Code     4  startup_mk64f12.o(.text)
    UART0_RX_TX_IRQHandler                   0x00000651   Thumb Code     4  startup_mk64f12.o(.text)
    UART0_ERR_IRQHandler                     0x00000655   Thumb Code     4  startup_mk64f12.o(.text)
    UART1_RX_TX_IRQHandler                   0x00000659   Thumb Code     4  startup_mk64f12.o(.text)
    UART1_ERR_IRQHandler                     0x0000065d   Thumb Code     4  startup_mk64f12.o(.text)
    UART2_RX_TX_IRQHandler                   0x00000661   Thumb Code     4  startup_mk64f12.o(.text)
    UART2_ERR_IRQHandler                     0x00000665   Thumb Code     4  startup_mk64f12.o(.text)
    UART3_RX_TX_IRQHandler                   0x00000669   Thumb Code     4  startup_mk64f12.o(.text)
    UART3_ERR_IRQHandler                     0x0000066d   Thumb Code     4  startup_mk64f12.o(.text)
    SPI2_IRQHandler                          0x00000671   Thumb Code     4  startup_mk64f12.o(.text)
    UART4_RX_TX_IRQHandler                   0x00000675   Thumb Code     4  startup_mk64f12.o(.text)
    UART4_ERR_IRQHandler                     0x00000679   Thumb Code     4  startup_mk64f12.o(.text)
    UART5_RX_TX_IRQHandler                   0x0000067d   Thumb Code     4  startup_mk64f12.o(.text)
    UART5_ERR_IRQHandler                     0x00000681   Thumb Code     4  startup_mk64f12.o(.text)
    I2C2_IRQHandler                          0x00000685   Thumb Code     4  startup_mk64f12.o(.text)
    CAN0_ORed_Message_buffer_IRQHandler      0x00000689   Thumb Code     4  startup_mk64f12.o(.text)
    CAN0_Bus_Off_IRQHandler                  0x0000068d   Thumb Code     4  startup_mk64f12.o(.text)
    CAN0_Error_IRQHandler                    0x00000691   Thumb Code     4  startup_mk64f12.o(.text)
    CAN0_Tx_Warning_IRQHandler               0x00000695   Thumb Code     4  startup_mk64f12.o(.text)
    CAN0_Rx_Warning_IRQHandler               0x00000699   Thumb Code     4  startup_mk64f12.o(.text)
    CAN0_Wake_Up_IRQHandler                  0x0000069d   Thumb Code     4  startup_mk64f12.o(.text)
    SDHC_IRQHandler                          0x000006a1   Thumb Code     4  startup_mk64f12.o(.text)
    ENET_1588_Timer_IRQHandler               0x000006a5   Thumb Code     4  startup_mk64f12.o(.text)
    ENET_Transmit_IRQHandler                 0x000006a9   Thumb Code     4  startup_mk64f12.o(.text)
    ENET_Receive_IRQHandler                  0x000006ad   Thumb Code     4  startup_mk64f12.o(.text)
    ENET_Error_IRQHandler                    0x000006b1   Thumb Code     4  startup_mk64f12.o(.text)
    ADC1_IRQHandler                          0x000006b5   Thumb Code     0  startup_mk64f12.o(.text)
    CAN0_DriverIRQHandler                    0x000006b5   Thumb Code     0  startup_mk64f12.o(.text)
    CMP0_IRQHandler                          0x000006b5   Thumb Code     0  startup_mk64f12.o(.text)
    CMP1_IRQHandler                          0x000006b5   Thumb Code     0  startup_mk64f12.o(.text)
    CMP2_IRQHandler                          0x000006b5   Thumb Code     0  startup_mk64f12.o(.text)
    CMT_IRQHandler                           0x000006b5   Thumb Code     0  startup_mk64f12.o(.text)
    DAC0_IRQHandler                          0x000006b5   Thumb Code     0  startup_mk64f12.o(.text)
    DAC1_IRQHandler                          0x000006b5   Thumb Code     0  startup_mk64f12.o(.text)
    DMA0_DriverIRQHandler                    0x000006b5   Thumb Code     0  startup_mk64f12.o(.text)
    DMA10_DriverIRQHandler                   0x000006b5   Thumb Code     0  startup_mk64f12.o(.text)
    DMA11_DriverIRQHandler                   0x000006b5   Thumb Code     0  startup_mk64f12.o(.text)
    DMA12_DriverIRQHandler                   0x000006b5   Thumb Code     0  startup_mk64f12.o(.text)
    DMA13_DriverIRQHandler                   0x000006b5   Thumb Code     0  startup_mk64f12.o(.text)
    DMA14_DriverIRQHandler                   0x000006b5   Thumb Code     0  startup_mk64f12.o(.text)
    DMA15_DriverIRQHandler                   0x000006b5   Thumb Code     0  startup_mk64f12.o(.text)
    DMA1_DriverIRQHandler                    0x000006b5   Thumb Code     0  startup_mk64f12.o(.text)
    DMA2_DriverIRQHandler                    0x000006b5   Thumb Code     0  startup_mk64f12.o(.text)
    DMA3_DriverIRQHandler                    0x000006b5   Thumb Code     0  startup_mk64f12.o(.text)
    DMA4_DriverIRQHandler                    0x000006b5   Thumb Code     0  startup_mk64f12.o(.text)
    DMA5_DriverIRQHandler                    0x000006b5   Thumb Code     0  startup_mk64f12.o(.text)
    DMA6_DriverIRQHandler                    0x000006b5   Thumb Code     0  startup_mk64f12.o(.text)
    DMA7_DriverIRQHandler                    0x000006b5   Thumb Code     0  startup_mk64f12.o(.text)
    DMA8_DriverIRQHandler                    0x000006b5   Thumb Code     0  startup_mk64f12.o(.text)
    DMA9_DriverIRQHandler                    0x000006b5   Thumb Code     0  startup_mk64f12.o(.text)
    DMA_Error_DriverIRQHandler               0x000006b5   Thumb Code     0  startup_mk64f12.o(.text)
    DefaultISR                               0x000006b5   Thumb Code     0  startup_mk64f12.o(.text)
    ENET_1588_Timer_DriverIRQHandler         0x000006b5   Thumb Code     0  startup_mk64f12.o(.text)
    ENET_Error_DriverIRQHandler              0x000006b5   Thumb Code     0  startup_mk64f12.o(.text)
    ENET_Receive_DriverIRQHandler            0x000006b5   Thumb Code     0  startup_mk64f12.o(.text)
    ENET_Transmit_DriverIRQHandler           0x000006b5   Thumb Code     0  startup_mk64f12.o(.text)
    FTFE_IRQHandler                          0x000006b5   Thumb Code     0  startup_mk64f12.o(.text)
    FTM0_IRQHandler                          0x000006b5   Thumb Code     0  startup_mk64f12.o(.text)
    FTM1_IRQHandler                          0x000006b5   Thumb Code     0  startup_mk64f12.o(.text)
    FTM2_IRQHandler                          0x000006b5   Thumb Code     0  startup_mk64f12.o(.text)
    FTM3_IRQHandler                          0x000006b5   Thumb Code     0  startup_mk64f12.o(.text)
    I2C0_DriverIRQHandler                    0x000006b5   Thumb Code     0  startup_mk64f12.o(.text)
    I2C1_DriverIRQHandler                    0x000006b5   Thumb Code     0  startup_mk64f12.o(.text)
    I2C2_DriverIRQHandler                    0x000006b5   Thumb Code     0  startup_mk64f12.o(.text)
    I2S0_Rx_DriverIRQHandler                 0x000006b5   Thumb Code     0  startup_mk64f12.o(.text)
    I2S0_Tx_DriverIRQHandler                 0x000006b5   Thumb Code     0  startup_mk64f12.o(.text)
    LLWU_IRQHandler                          0x000006b5   Thumb Code     0  startup_mk64f12.o(.text)
    LPTMR0_IRQHandler                        0x000006b5   Thumb Code     0  startup_mk64f12.o(.text)
    LVD_LVW_IRQHandler                       0x000006b5   Thumb Code     0  startup_mk64f12.o(.text)
    MCG_IRQHandler                           0x000006b5   Thumb Code     0  startup_mk64f12.o(.text)
    MCM_IRQHandler                           0x000006b5   Thumb Code     0  startup_mk64f12.o(.text)
    PIT0_IRQHandler                          0x000006b5   Thumb Code     0  startup_mk64f12.o(.text)
    PIT1_IRQHandler                          0x000006b5   Thumb Code     0  startup_mk64f12.o(.text)
    PIT2_IRQHandler                          0x000006b5   Thumb Code     0  startup_mk64f12.o(.text)
    PIT3_IRQHandler                          0x000006b5   Thumb Code     0  startup_mk64f12.o(.text)
    PORTB_IRQHandler                         0x000006b5   Thumb Code     0  startup_mk64f12.o(.text)
    PORTD_IRQHandler                         0x000006b5   Thumb Code     0  startup_mk64f12.o(.text)
    PORTE_IRQHandler                         0x000006b5   Thumb Code     0  startup_mk64f12.o(.text)
    RNG_IRQHandler                           0x000006b5   Thumb Code     0  startup_mk64f12.o(.text)
    RTC_IRQHandler                           0x000006b5   Thumb Code     0  startup_mk64f12.o(.text)
    RTC_Seconds_IRQHandler                   0x000006b5   Thumb Code     0  startup_mk64f12.o(.text)
    Read_Collision_IRQHandler                0x000006b5   Thumb Code     0  startup_mk64f12.o(.text)
    Reserved71_IRQHandler                    0x000006b5   Thumb Code     0  startup_mk64f12.o(.text)
    SDHC_DriverIRQHandler                    0x000006b5   Thumb Code     0  startup_mk64f12.o(.text)
    SPI0_DriverIRQHandler                    0x000006b5   Thumb Code     0  startup_mk64f12.o(.text)
    SPI1_DriverIRQHandler                    0x000006b5   Thumb Code     0  startup_mk64f12.o(.text)
    SPI2_DriverIRQHandler                    0x000006b5   Thumb Code     0  startup_mk64f12.o(.text)
    SWI_IRQHandler                           0x000006b5   Thumb Code     0  startup_mk64f12.o(.text)
    UART0_ERR_DriverIRQHandler               0x000006b5   Thumb Code     0  startup_mk64f12.o(.text)
    UART0_LON_DriverIRQHandler               0x000006b5   Thumb Code     0  startup_mk64f12.o(.text)
    UART1_ERR_DriverIRQHandler               0x000006b5   Thumb Code     0  startup_mk64f12.o(.text)
    UART2_ERR_DriverIRQHandler               0x000006b5   Thumb Code     0  startup_mk64f12.o(.text)
    UART3_ERR_DriverIRQHandler               0x000006b5   Thumb Code     0  startup_mk64f12.o(.text)
    UART4_ERR_DriverIRQHandler               0x000006b5   Thumb Code     0  startup_mk64f12.o(.text)
    UART5_ERR_DriverIRQHandler               0x000006b5   Thumb Code     0  startup_mk64f12.o(.text)
    USB0_IRQHandler                          0x000006b5   Thumb Code     0  startup_mk64f12.o(.text)
    USBDCD_IRQHandler                        0x000006b5   Thumb Code     0  startup_mk64f12.o(.text)
    WDOG_EWM_IRQHandler                      0x000006b5   Thumb Code     0  startup_mk64f12.o(.text)
    __aeabi_uldivmod                         0x0000078d   Thumb Code    98  uldiv.o(.text)
    __aeabi_ldivmod                          0x000007ef   Thumb Code    98  ldiv.o(.text)
    __aeabi_memset                           0x00000851   Thumb Code    14  memseta.o(.text)
    __aeabi_memset4                          0x00000851   Thumb Code     0  memseta.o(.text)
    __aeabi_memset8                          0x00000851   Thumb Code     0  memseta.o(.text)
    __aeabi_memclr                           0x0000085f   Thumb Code     4  memseta.o(.text)
    __aeabi_memclr4                          0x0000085f   Thumb Code     0  memseta.o(.text)
    __aeabi_memclr8                          0x0000085f   Thumb Code     0  memseta.o(.text)
    _memset$wrapper                          0x00000863   Thumb Code    18  memseta.o(.text)
    strlen                                   0x00000875   Thumb Code    14  strlen.o(.text)
    strcmp                                   0x00000883   Thumb Code    28  strcmp.o(.text)
    strcpy                                   0x0000089f   Thumb Code    18  strcpy.o(.text)
    strncmp                                  0x000008b1   Thumb Code    30  strncmp.o(.text)
    atoi                                     0x000008cf   Thumb Code    26  atoi.o(.text)
    __aeabi_dadd                             0x000008e9   Thumb Code   322  dadd.o(.text)
    __aeabi_dsub                             0x00000a2b   Thumb Code     6  dadd.o(.text)
    __aeabi_drsub                            0x00000a31   Thumb Code     6  dadd.o(.text)
    __aeabi_dmul                             0x00000a37   Thumb Code   228  dmul.o(.text)
    __aeabi_ddiv                             0x00000b1b   Thumb Code   222  ddiv.o(.text)
    __aeabi_i2d                              0x00000bf9   Thumb Code    34  dflti.o(.text)
    __aeabi_ui2d                             0x00000c1b   Thumb Code    26  dfltui.o(.text)
    __aeabi_l2d                              0x00000c35   Thumb Code    40  dfltl.o(.text)
    __aeabi_d2iz                             0x00000c5d   Thumb Code    62  dfixi.o(.text)
    __aeabi_d2lz                             0x00000c9b   Thumb Code    74  dfixl.o(.text)
    __aeabi_f2d                              0x00000ce5   Thumb Code    38  f2d.o(.text)
    __aeabi_cdcmpeq                          0x00000d0d   Thumb Code     0  cdcmple.o(.text)
    __aeabi_cdcmple                          0x00000d0d   Thumb Code    48  cdcmple.o(.text)
    __aeabi_cdrcmple                         0x00000d3d   Thumb Code    48  cdrcmple.o(.text)
    __aeabi_d2f                              0x00000d6d   Thumb Code    56  d2f.o(.text)
    __aeabi_llsl                             0x00000da5   Thumb Code    30  llshl.o(.text)
    _ll_shift_l                              0x00000da5   Thumb Code     0  llshl.o(.text)
    __aeabi_llsr                             0x00000dc3   Thumb Code    32  llushr.o(.text)
    _ll_ushift_r                             0x00000dc3   Thumb Code     0  llushr.o(.text)
    __aeabi_lasr                             0x00000de3   Thumb Code    36  llsshr.o(.text)
    _ll_sshift_r                             0x00000de3   Thumb Code     0  llsshr.o(.text)
    strtol                                   0x00000e07   Thumb Code   112  strtol.o(.text)
    __I$use$fp                               0x00000e77   Thumb Code     0  iusefp.o(.text)
    _float_round                             0x00000e77   Thumb Code    18  fepilogue.o(.text)
    _float_epilogue                          0x00000e89   Thumb Code    92  fepilogue.o(.text)
    _double_round                            0x00000ee5   Thumb Code    30  depilogue.o(.text)
    _double_epilogue                         0x00000f03   Thumb Code   156  depilogue.o(.text)
    __ARM_scalbn                             0x00000f9f   Thumb Code    46  dscalb.o(.text)
    scalbn                                   0x00000f9f   Thumb Code     0  dscalb.o(.text)
    __scatterload                            0x00000fcd   Thumb Code    28  init.o(.text)
    __scatterload_rt2                        0x00000fcd   Thumb Code     0  init.o(.text)
    __rt_ctype_table                         0x00000ff1   Thumb Code     4  ctype_o.o(.text)
    _strtoul                                 0x00000ff9   Thumb Code   158  _strtoul.o(.text)
    _dsqrt                                   0x00001097   Thumb Code   162  dsqrt.o(.text)
    _chval                                   0x00001139   Thumb Code    28  _chval.o(.text)
    SVC_Count                                0x00001154   Data           4  svc_table.o(SVC_TABLE)
    ADC0_IRQHandler                          0x00001159   Thumb Code    70  main.o(i.ADC0_IRQHandler)
    SVC_Table                                0x00001158   Data           0  svc_table.o(SVC_TABLE)
    ADC16_DoAutoCalibration                  0x00001201   Thumb Code   172  fsl_adc16.o(i.ADC16_DoAutoCalibration)
    ADC16_GetChannelStatusFlags              0x000012ad   Thumb Code    44  fsl_adc16.o(i.ADC16_GetChannelStatusFlags)
    ADC16_GetDefaultConfig                   0x00001331   Thumb Code    52  fsl_adc16.o(i.ADC16_GetDefaultConfig)
    ADC16_GetStatusFlags                     0x00001441   Thumb Code    30  fsl_adc16.o(i.ADC16_GetStatusFlags)
    ADC16_Init                               0x00001461   Thumb Code   180  fsl_adc16.o(i.ADC16_Init)
    ADC16_SetChannelConfig                   0x00001565   Thumb Code    74  fsl_adc16.o(i.ADC16_SetChannelConfig)
    BOARD_BootClockRUN                       0x00001619   Thumb Code    78  clock_config.o(i.BOARD_BootClockRUN)
    BOARD_InitDebugConsole                   0x0000167d   Thumb Code    24  board.o(i.BOARD_InitDebugConsole)
    BOARD_InitPins                           0x00001699   Thumb Code   160  pin_mux.o(i.BOARD_InitPins)
    CLOCK_BootToPeeMode                      0x0000174d   Thumb Code    68  fsl_clock.o(i.CLOCK_BootToPeeMode)
    CLOCK_EnablePll0                         0x000017ed   Thumb Code    78  fsl_clock.o(i.CLOCK_EnablePll0)
    CLOCK_GetCoreSysClkFreq                  0x00001881   Thumb Code    22  fsl_clock.o(i.CLOCK_GetCoreSysClkFreq)
    CLOCK_GetFllFreq                         0x0000190d   Thumb Code    66  fsl_clock.o(i.CLOCK_GetFllFreq)
    CLOCK_GetOutClkFreq                      0x00001a7d   Thumb Code    56  fsl_clock.o(i.CLOCK_GetOutClkFreq)
    CLOCK_GetPll0Freq                        0x00001ab9   Thumb Code    52  fsl_clock.o(i.CLOCK_GetPll0Freq)
    CLOCK_InitOsc0                           0x00001af9   Thumb Code    98  fsl_clock.o(i.CLOCK_InitOsc0)
    CLOCK_SetExternalRefClkConfig            0x00001b65   Thumb Code    82  fsl_clock.o(i.CLOCK_SetExternalRefClkConfig)
    CLOCK_SetInternalRefClkConfig            0x00001bbd   Thumb Code   148  fsl_clock.o(i.CLOCK_SetInternalRefClkConfig)
    CLOCK_SetPbeMode                         0x00001c55   Thumb Code   108  fsl_clock.o(i.CLOCK_SetPbeMode)
    CLOCK_SetSimConfig                       0x00001cc5   Thumb Code    38  fsl_clock.o(i.CLOCK_SetSimConfig)
    DbgConsole_Getchar                       0x0000209d   Thumb Code    32  fsl_debug_console.o(i.DbgConsole_Getchar)
    DbgConsole_Init                          0x000020c1   Thumb Code   130  fsl_debug_console.o(i.DbgConsole_Init)
    DbgConsole_Printf                        0x00002151   Thumb Code    44  fsl_debug_console.o(i.DbgConsole_Printf)
    DbgConsole_Putchar                       0x00002799   Thumb Code    30  fsl_debug_console.o(i.DbgConsole_Putchar)
    GPIO_ClearPinsInterruptFlags             0x000027d9   Thumb Code    30  fsl_gpio.o(i.GPIO_ClearPinsInterruptFlags)
    GPIO_PinInit                             0x00002895   Thumb Code    72  fsl_gpio.o(i.GPIO_PinInit)
    InitADC                                  0x0000292d   Thumb Code   104  main.o(i.InitADC)
    InitPDB                                  0x000029f9   Thumb Code    82  main.o(i.InitPDB)
    LED_Off                                  0x00002a51   Thumb Code    58  elec422.o(i.LED_Off)
    LED_On                                   0x00002a91   Thumb Code    58  elec422.o(i.LED_On)
    PDB0_IRQHandler                          0x00002ad1   Thumb Code    44  main.o(i.PDB0_IRQHandler)
    PDB_GetDefaultConfig                     0x00002b75   Thumb Code    36  fsl_pdb.o(i.PDB_GetDefaultConfig)
    PDB_Init                                 0x00002c6d   Thumb Code   128  fsl_pdb.o(i.PDB_Init)
    PORTA_IRQHandler                         0x00002e29   Thumb Code    22  main.o(i.PORTA_IRQHandler)
    PORTC_IRQHandler                         0x00002e49   Thumb Code    22  main.o(i.PORTC_IRQHandler)
    SystemInit                               0x00002ee9   Thumb Code    34  system_mk64f12.o(i.SystemInit)
    Thread_1                                 0x00002f15   Thumb Code   516  main.o(i.Thread_1)
    Thread_2                                 0x00003285   Thumb Code   248  main.o(i.Thread_2)
    Thread_3                                 0x00003445   Thumb Code    78  main.o(i.Thread_3)
    Thread_4                                 0x000034a1   Thumb Code    78  main.o(i.Thread_4)
    Thread_5                                 0x000034fd   Thumb Code   100  main.o(i.Thread_5)
    Thread_6                                 0x00003561   Thumb Code    56  main.o(i.Thread_6)
    Thread_7                                 0x0000359d   Thumb Code    56  main.o(i.Thread_7)
    UART0_DriverIRQHandler                   0x000035d9   Thumb Code    16  fsl_uart.o(i.UART0_DriverIRQHandler)
    UART0_RX_TX_DriverIRQHandler             0x000035f5   Thumb Code     8  fsl_uart.o(i.UART0_RX_TX_DriverIRQHandler)
    UART1_DriverIRQHandler                   0x000035fd   Thumb Code    16  fsl_uart.o(i.UART1_DriverIRQHandler)
    UART1_RX_TX_DriverIRQHandler             0x00003619   Thumb Code     8  fsl_uart.o(i.UART1_RX_TX_DriverIRQHandler)
    UART2_DriverIRQHandler                   0x00003621   Thumb Code    16  fsl_uart.o(i.UART2_DriverIRQHandler)
    UART2_RX_TX_DriverIRQHandler             0x0000363d   Thumb Code     8  fsl_uart.o(i.UART2_RX_TX_DriverIRQHandler)
    UART3_DriverIRQHandler                   0x00003645   Thumb Code    16  fsl_uart.o(i.UART3_DriverIRQHandler)
    UART3_RX_TX_DriverIRQHandler             0x00003661   Thumb Code     8  fsl_uart.o(i.UART3_RX_TX_DriverIRQHandler)
    UART4_DriverIRQHandler                   0x00003669   Thumb Code    16  fsl_uart.o(i.UART4_DriverIRQHandler)
    UART4_RX_TX_DriverIRQHandler             0x00003685   Thumb Code     8  fsl_uart.o(i.UART4_RX_TX_DriverIRQHandler)
    UART5_DriverIRQHandler                   0x0000368d   Thumb Code    16  fsl_uart.o(i.UART5_DriverIRQHandler)
    UART5_RX_TX_DriverIRQHandler             0x000036a9   Thumb Code     8  fsl_uart.o(i.UART5_RX_TX_DriverIRQHandler)
    UART_GetDefaultConfig                    0x000036b1   Thumb Code    46  fsl_uart.o(i.UART_GetDefaultConfig)
    UART_GetInstance                         0x00003721   Thumb Code    50  fsl_uart.o(i.UART_GetInstance)
    UART_GetStatusFlags                      0x000037ad   Thumb Code    24  fsl_uart.o(i.UART_GetStatusFlags)
    UART_Init                                0x000037c5   Thumb Code   360  fsl_uart.o(i.UART_Init)
    UART_ReadBlocking                        0x00003a0d   Thumb Code    92  fsl_uart.o(i.UART_ReadBlocking)
    UART_WriteBlocking                       0x00003a69   Thumb Code    32  fsl_uart.o(i.UART_WriteBlocking)
    __ARM_fpclassify                         0x00003a89   Thumb Code    48  fpclassify.o(i.__ARM_fpclassify)
    __aeabi_assert                           0x00003ab9   Thumb Code    24  fsl_common.o(i.__aeabi_assert)
    __aeabi_errno_addr                       0x00003afd   Thumb Code     4  errno.o(i.__aeabi_errno_addr)
    __rt_errno_addr                          0x00003afd   Thumb Code     0  errno.o(i.__aeabi_errno_addr)
    __hardfp_modf                            0x00003b05   Thumb Code   202  modf.o(i.__hardfp_modf)
    __hardfp_pow                             0x00003bd9   Thumb Code  3072  pow.o(i.__hardfp_pow)
    __kernel_poly                            0x00004829   Thumb Code   248  poly.o(i.__kernel_poly)
    __mathlib_dbl_divzero                    0x00004921   Thumb Code    28  dunder.o(i.__mathlib_dbl_divzero)
    __mathlib_dbl_infnan2                    0x00004951   Thumb Code    20  dunder.o(i.__mathlib_dbl_infnan2)
    __mathlib_dbl_invalid                    0x00004969   Thumb Code    24  dunder.o(i.__mathlib_dbl_invalid)
    __mathlib_dbl_overflow                   0x00004989   Thumb Code    24  dunder.o(i.__mathlib_dbl_overflow)
    __mathlib_dbl_underflow                  0x000049a9   Thumb Code    24  dunder.o(i.__mathlib_dbl_underflow)
    __scatterload_copy                       0x000049c9   Thumb Code    14  handlers.o(i.__scatterload_copy)
    __scatterload_null                       0x000049d7   Thumb Code     2  handlers.o(i.__scatterload_null)
    __scatterload_zeroinit                   0x000049d9   Thumb Code    14  handlers.o(i.__scatterload_zeroinit)
    __set_errno                              0x000049e9   Thumb Code     6  errno.o(i.__set_errno)
    _init_box                                0x000049f5   Thumb Code    70  rt_membox.o(i._init_box)
    callback                                 0x00004a3d   Thumb Code    16  main.o(i.callback)
    dbg_init                                 0x00004a51   Thumb Code    34  hal_cm.o(i.dbg_init)
    dbg_task_notify                          0x00004a81   Thumb Code    32  hal_cm.o(i.dbg_task_notify)
    dbg_task_switch                          0x00004aa1   Thumb Code    16  hal_cm.o(i.dbg_task_switch)
    elec422_startup                          0x00004ab1   Thumb Code   156  elec422.o(i.elec422_startup)
    execute_timer                            0x00004b5d   Thumb Code    60  main.o(i.execute_timer)
    fabs                                     0x00004b99   Thumb Code    24  fabs.o(i.fabs)
    isrMessageGet                            0x00004bb1   Thumb Code    42  rt_cmsis.o(i.isrMessageGet)
    isrMessagePut                            0x00004bdb   Thumb Code    44  rt_cmsis.o(i.isrMessagePut)
    isrSignalSet                             0x00004c07   Thumb Code    36  rt_cmsis.o(i.isrSignalSet)
    isr_evt_set                              0x00004c2d   Thumb Code    34  rt_event.o(i.isr_evt_set)
    isr_mbx_receive                          0x00004c55   Thumb Code    86  rt_mailbox.o(i.isr_mbx_receive)
    isr_mbx_send                             0x00004cab   Thumb Code    14  rt_mailbox.o(i.isr_mbx_send)
    main                                     0x00004cb9   Thumb Code   212  main.o(i.main)
    osKernelInitialize                       0x00004ded   Thumb Code    30  rt_cmsis.o(i.osKernelInitialize)
    osKernelStart                            0x00004e11   Thumb Code    98  rt_cmsis.o(i.osKernelStart)
    osMailAlloc                              0x00004e7d   Thumb Code    22  rt_cmsis.o(i.osMailAlloc)
    osMailCreate                             0x00004e99   Thumb Code    36  rt_cmsis.o(i.osMailCreate)
    osMailFree                               0x00004ec5   Thumb Code    22  rt_cmsis.o(i.osMailFree)
    osMailGet                                0x00004ee1   Thumb Code    22  rt_cmsis.o(i.osMailGet)
    osMailPut                                0x00004ef7   Thumb Code    20  rt_cmsis.o(i.osMailPut)
    osMessageCreate                          0x00004f0d   Thumb Code    36  rt_cmsis.o(i.osMessageCreate)
    osMessageGet                             0x00004f39   Thumb Code    18  rt_cmsis.o(i.osMessageGet)
    osMessagePut                             0x00004f51   Thumb Code    18  rt_cmsis.o(i.osMessagePut)
    osMutexCreate                            0x00004f69   Thumb Code    36  rt_cmsis.o(i.osMutexCreate)
    osMutexRelease                           0x00004f95   Thumb Code    18  rt_cmsis.o(i.osMutexRelease)
    osMutexWait                              0x00004fad   Thumb Code    18  rt_cmsis.o(i.osMutexWait)
    osSignalSet                              0x00004fc5   Thumb Code    18  rt_cmsis.o(i.osSignalSet)
    osSignalWait                             0x00004fdd   Thumb Code    18  rt_cmsis.o(i.osSignalWait)
    osThreadCreate                           0x00004ff5   Thumb Code    36  rt_cmsis.o(i.osThreadCreate)
    osThreadExit                             0x00005021   Thumb Code    14  rt_cmsis.o(i.osThreadExit)
    osThreadGetId                            0x00005039   Thumb Code    18  rt_cmsis.o(i.osThreadGetId)
    osThreadTerminate                        0x00005051   Thumb Code    18  rt_cmsis.o(i.osThreadTerminate)
    osThreadYield                            0x00005069   Thumb Code    18  rt_cmsis.o(i.osThreadYield)
    osTimerCall                              0x00005081   Thumb Code     8  rt_cmsis.o(i.osTimerCall)
    osTimerCreate                            0x0000508d   Thumb Code    36  rt_cmsis.o(i.osTimerCreate)
    osTimerDelete                            0x000050b9   Thumb Code    18  rt_cmsis.o(i.osTimerDelete)
    osTimerStart                             0x000050d1   Thumb Code    18  rt_cmsis.o(i.osTimerStart)
    osTimerStop                              0x000050e9   Thumb Code    18  rt_cmsis.o(i.osTimerStop)
    osTimerThread                            0x00005101   Thumb Code    38  rt_cmsis.o(i.osTimerThread)
    os_error                                 0x0000512d   Thumb Code    34  rtx_conf_cm.o(i.os_error)
    os_idle_demon                            0x0000514f   Thumb Code     4  rtx_conf_cm.o(i.os_idle_demon)
    os_tick_init                             0x00005155   Thumb Code    32  rt_system.o(i.os_tick_init)
    os_tick_irqack                           0x0000517d   Thumb Code     2  rt_system.o(i.os_tick_irqack)
    rt_alloc_box                             0x0000517f   Thumb Code    26  rt_membox.o(i.rt_alloc_box)
    rt_alloc_mem                             0x00005199   Thumb Code    62  rt_memory.o(i.rt_alloc_mem)
    rt_block                                 0x000051d9   Thumb Code    48  rt_task.o(i.rt_block)
    rt_chk_robin                             0x00005211   Thumb Code    60  rt_robin.o(i.rt_chk_robin)
    rt_dec_dly                               0x00005259   Thumb Code   102  rt_list.o(i.rt_dec_dly)
    rt_dispatch                              0x000052c9   Thumb Code    60  rt_task.o(i.rt_dispatch)
    rt_evt_psh                               0x0000530d   Thumb Code    76  rt_event.o(i.rt_evt_psh)
    rt_evt_set                               0x0000535d   Thumb Code    88  rt_event.o(i.rt_evt_set)
    rt_evt_wait                              0x000053b9   Thumb Code    56  rt_event.o(i.rt_evt_wait)
    rt_free_box                              0x000053f5   Thumb Code    44  rt_membox.o(i.rt_free_box)
    rt_free_mem                              0x00005421   Thumb Code    40  rt_memory.o(i.rt_free_mem)
    rt_get_first                             0x00005449   Thumb Code    40  rt_list.o(i.rt_get_first)
    rt_get_same_rdy_prio                     0x00005471   Thumb Code    26  rt_list.o(i.rt_get_same_rdy_prio)
    rt_init_mem                              0x000054e5   Thumb Code    26  rt_memory.o(i.rt_init_mem)
    rt_init_robin                            0x00005501   Thumb Code    14  rt_robin.o(i.rt_init_robin)
    rt_init_stack                            0x00005519   Thumb Code   118  hal_cm.o(i.rt_init_stack)
    rt_mbx_check                             0x00005599   Thumb Code     8  rt_mailbox.o(i.rt_mbx_check)
    rt_mbx_init                              0x000055a1   Thumb Code    26  rt_mailbox.o(i.rt_mbx_init)
    rt_mbx_psh                               0x000055bd   Thumb Code   236  rt_mailbox.o(i.rt_mbx_psh)
    rt_mbx_send                              0x000056ad   Thumb Code   148  rt_mailbox.o(i.rt_mbx_send)
    rt_mbx_wait                              0x00005745   Thumb Code   174  rt_mailbox.o(i.rt_mbx_wait)
    rt_mut_init                              0x0000583d   Thumb Code    16  rt_mutex.o(i.rt_mut_init)
    rt_mut_release                           0x0000584d   Thumb Code   208  rt_mutex.o(i.rt_mut_release)
    rt_mut_wait                              0x00005925   Thumb Code   114  rt_mutex.o(i.rt_mut_wait)
    rt_pop_req                               0x0000599d   Thumb Code   112  rt_system.o(i.rt_pop_req)
    rt_psh_req                               0x00005a19   Thumb Code    22  rt_system.o(i.rt_psh_req)
    rt_psq_enq                               0x00005a39   Thumb Code    88  rt_list.o(i.rt_psq_enq)
    rt_put_dly                               0x00005a95   Thumb Code    68  rt_list.o(i.rt_put_dly)
    rt_put_prio                              0x00005add   Thumb Code    54  rt_list.o(i.rt_put_prio)
    rt_put_rdy_first                         0x00005b15   Thumb Code    14  rt_list.o(i.rt_put_rdy_first)
    rt_resort_prio                           0x00005b29   Thumb Code    46  rt_list.o(i.rt_resort_prio)
    rt_ret_val                               0x00005b6d   Thumb Code    12  hal_cm.o(i.rt_ret_val)
    rt_ret_val2                              0x00005b79   Thumb Code    16  hal_cm.o(i.rt_ret_val2)
    rt_rmv_dly                               0x00005b89   Thumb Code    40  rt_list.o(i.rt_rmv_dly)
    rt_rmv_list                              0x00005bb1   Thumb Code    44  rt_list.o(i.rt_rmv_list)
    rt_sem_psh                               0x00005be1   Thumb Code    48  rt_semaphore.o(i.rt_sem_psh)
    rt_stk_check                             0x00005c15   Thumb Code    28  rt_system.o(i.rt_stk_check)
    rt_switch_req                            0x00005c39   Thumb Code    30  rt_task.o(i.rt_switch_req)
    rt_sys_init                              0x00005c61   Thumb Code   138  rt_task.o(i.rt_sys_init)
    rt_sys_start                             0x00005d2d   Thumb Code   110  rt_task.o(i.rt_sys_start)
    rt_systick                               0x00005da5   Thumb Code    50  rt_system.o(i.rt_systick)
    rt_tsk_create                            0x00005e69   Thumb Code   118  rt_task.o(i.rt_tsk_create)
    rt_tsk_delete                            0x00005ef1   Thumb Code   352  rt_task.o(i.rt_tsk_delete)
    rt_tsk_pass                              0x0000606d   Thumb Code    38  rt_task.o(i.rt_tsk_pass)
    rt_tsk_prio                              0x0000609d   Thumb Code   108  rt_task.o(i.rt_tsk_prio)
    rt_tsk_self                              0x00006119   Thumb Code    12  rt_task.o(i.rt_tsk_self)
    sample_port                              0x00006129   Thumb Code   270  main.o(i.sample_port)
    sqrt                                     0x0000625d   Thumb Code   110  sqrt.o(i.sqrt)
    svcKernelInitialize                      0x000062cd   Thumb Code    80  rt_cmsis.o(i.svcKernelInitialize)
    svcKernelStart                           0x0000633d   Thumb Code    62  rt_cmsis.o(i.svcKernelStart)
    svcMailCreate                            0x00006385   Thumb Code    66  rt_cmsis.o(i.svcMailCreate)
    svcMessageCreate                         0x000063c7   Thumb Code    36  rt_cmsis.o(i.svcMessageCreate)
    svcMessageGet                            0x000063eb   Thumb Code    58  rt_cmsis.o(i.svcMessageGet)
    svcMessagePut                            0x00006425   Thumb Code    54  rt_cmsis.o(i.svcMessagePut)
    svcMutexCreate                           0x0000645b   Thumb Code    28  rt_cmsis.o(i.svcMutexCreate)
    svcMutexRelease                          0x00006477   Thumb Code    34  rt_cmsis.o(i.svcMutexRelease)
    svcMutexWait                             0x00006499   Thumb Code    58  rt_cmsis.o(i.svcMutexWait)
    svcSignalSet                             0x000064d3   Thumb Code    36  rt_cmsis.o(i.svcSignalSet)
    svcSignalWait                            0x000064f9   Thumb Code    80  rt_cmsis.o(i.svcSignalWait)
    svcThreadCreate                          0x0000654d   Thumb Code    96  rt_cmsis.o(i.svcThreadCreate)
    svcThreadGetId                           0x000065b9   Thumb Code    22  rt_cmsis.o(i.svcThreadGetId)
    svcThreadTerminate                       0x000065d5   Thumb Code    50  rt_cmsis.o(i.svcThreadTerminate)
    svcThreadYield                           0x0000660d   Thumb Code    10  rt_cmsis.o(i.svcThreadYield)
    svcTimerCall                             0x00006617   Thumb Code    24  rt_cmsis.o(i.svcTimerCall)
    svcTimerCreate                           0x00006631   Thumb Code    52  rt_cmsis.o(i.svcTimerCreate)
    svcTimerDelete                           0x00006669   Thumb Code    40  rt_cmsis.o(i.svcTimerDelete)
    svcTimerStart                            0x00006691   Thumb Code    96  rt_cmsis.o(i.svcTimerStart)
    svcTimerStop                             0x000066f5   Thumb Code    36  rt_cmsis.o(i.svcTimerStop)
    sysMailAlloc                             0x00006719   Thumb Code    84  rt_cmsis.o(i.sysMailAlloc)
    sysMailFree                              0x00006771   Thumb Code    96  rt_cmsis.o(i.sysMailFree)
    sysTimerTick                             0x000067d1   Thumb Code    84  rt_cmsis.o(i.sysTimerTick)
    s_adc16Clocks                            0x000068f4   Data           8  fsl_adc16.o(.constdata)
    s_pdbClocks                              0x00006900   Data           4  fsl_pdb.o(.constdata)
    os_thread_def_Thread_1                   0x00006904   Data          16  main.o(.constdata)
    os_thread_def_Thread_2                   0x00006914   Data          16  main.o(.constdata)
    os_thread_def_Thread_3                   0x00006924   Data          16  main.o(.constdata)
    os_thread_def_Thread_4                   0x00006934   Data          16  main.o(.constdata)
    os_thread_def_Thread_5                   0x00006944   Data          16  main.o(.constdata)
    os_thread_def_Thread_6                   0x00006954   Data          16  main.o(.constdata)
    os_thread_def_Thread_7                   0x00006964   Data          16  main.o(.constdata)
    os_timer_def_timer0_handle               0x00006974   Data           8  main.o(.constdata)
    os_mutex_def_VCP_mutex                   0x0000697c   Data           4  main.o(.constdata)
    os_mutex_def_ADC_mutex                   0x00006980   Data           4  main.o(.constdata)
    os_mailQ_def_MailQueue                   0x00006984   Data          12  main.o(.constdata)
    os_messageQ_def_MsgQueue                 0x00006990   Data           8  main.o(.constdata)
    g_defaultClockConfigVlpr                 0x000069a4   Data          32  clock_config.o(.constdata)
    g_defaultClockConfigRun                  0x000069c4   Data          32  clock_config.o(.constdata)
    os_maxtaskrun                            0x000069e4   Data           2  rtx_conf_cm.o(.constdata)
    os_stackinfo                             0x000069e8   Data           4  rtx_conf_cm.o(.constdata)
    os_rrobin                                0x000069ec   Data           4  rtx_conf_cm.o(.constdata)
    os_tickfreq                              0x000069f0   Data           4  rtx_conf_cm.o(.constdata)
    os_tickus_i                              0x000069f4   Data           2  rtx_conf_cm.o(.constdata)
    os_tickus_f                              0x000069f6   Data           2  rtx_conf_cm.o(.constdata)
    os_trv                                   0x000069f8   Data           4  rtx_conf_cm.o(.constdata)
    os_flags                                 0x000069fc   Data           1  rtx_conf_cm.o(.constdata)
    CMSIS_RTOS_API_Version                   0x00006a00   Data           4  rtx_conf_cm.o(.constdata)
    CMSIS_RTOS_RTX_Version                   0x00006a04   Data           4  rtx_conf_cm.o(.constdata)
    os_clockrate                             0x00006a08   Data           4  rtx_conf_cm.o(.constdata)
    os_timernum                              0x00006a0c   Data           4  rtx_conf_cm.o(.constdata)
    mp_tcb_size                              0x00006a10   Data           2  rtx_conf_cm.o(.constdata)
    mp_stk_size                              0x00006a14   Data           4  rtx_conf_cm.o(.constdata)
    os_stack_sz                              0x00006a18   Data           4  rtx_conf_cm.o(.constdata)
    os_fifo_size                             0x00006a1c   Data           1  rtx_conf_cm.o(.constdata)
    os_thread_def_osTimerThread              0x00006a20   Data          16  rtx_conf_cm.o(.constdata)
    os_messageQ_def_osTimerMessageQ          0x00006a30   Data           8  rtx_conf_cm.o(.constdata)
    mp_tmr_size                              0x00006a38   Data           2  rtx_conf_cm.o(.constdata)
    os_thread_def_main                       0x00006a3c   Data          16  rtx_conf_cm.o(.constdata)
    __mathlib_zero                           0x00006ad8   Data           8  qnan.o(.constdata)
    __ctype_table                            0x00006ae0   Data         129  ctype_o.o(.constdata)
    Region$$Table$$Base                      0x00006bb4   Number         0  anon$$obj.o(Region$$Table)
    Region$$Table$$Limit                     0x00006bd4   Number         0  anon$$obj.o(Region$$Table)
    Image$$RW_m_data$$Base                   0x1fff0000   Number         0  anon$$obj.o ABSOLUTE
    SystemCoreClock                          0x20000000   Data           4  system_mk64f12.o(.data)
    g_xtal0Freq                              0x20000010   Data           4  fsl_clock.o(.data)
    g_xtal32Freq                             0x20000014   Data           4  fsl_clock.o(.data)
    main_id                                  0x20000018   Data           4  main.o(.data)
    tid_Thread_1                             0x2000001c   Data           4  main.o(.data)
    tid_Thread_2                             0x20000020   Data           4  main.o(.data)
    tid_Thread_3                             0x20000024   Data           4  main.o(.data)
    tid_Thread_4                             0x20000028   Data           4  main.o(.data)
    tid_Thread_5                             0x2000002c   Data           4  main.o(.data)
    tid_Thread_6                             0x20000030   Data           4  main.o(.data)
    tid_Thread_7                             0x20000034   Data           4  main.o(.data)
    VCP_mutex                                0x20000038   Data           4  main.o(.data)
    ADC_mutex                                0x2000003c   Data           4  main.o(.data)
    qid_MailQueue                            0x20000040   Data           4  main.o(.data)
    os_mailQ_p_MailQueue                     0x20000044   Data           8  main.o(.data)
    mid_MsgQueue                             0x2000004c   Data           4  main.o(.data)
    g_PdbDelayInterruptFlag                  0x20000050   Data           1  main.o(.data)
    g_AdcConvValue                           0x20000054   Data           4  main.o(.data)
    osThreadId_osTimerThread                 0x20000058   Data           4  rtx_conf_cm.o(.data)
    osMessageQId_osTimerMessageQ             0x2000005c   Data           4  rtx_conf_cm.o(.data)
    os_tmr                                   0x20000060   Data           4  rtx_conf_cm.o(.data)
    m_tmr                                    0x20000064   Data           4  rtx_conf_cm.o(.data)
    os_initialized                           0x20000068   Data           1  rt_cmsis.o(.data)
    os_running                               0x20000069   Data           1  rt_cmsis.o(.data)
    os_timer_head                            0x2000006c   Data           4  rt_cmsis.o(.data)
    os_tsk                                   0x20000070   Data           8  rt_task.o(.data)
    os_tick_irqn                             0x2000007c   Data           4  rt_system.o(.data)
    os_time                                  0x20000080   Data           4  rt_time.o(.data)
    dbg_msg                                  0x20000084   Data           1  hal_cm.o(.data)
    os_robin                                 0x20000088   Data           8  rt_robin.o(.data)
    os_timer_cb_timer0_handle                0x200000ac   Data          24  main.o(.bss)
    os_mutex_cb_VCP_mutex                    0x200000c4   Data          16  main.o(.bss)
    os_mutex_cb_ADC_mutex                    0x200000d4   Data          16  main.o(.bss)
    os_mailQ_q_MailQueue                     0x200000e4   Data         816  main.o(.bss)
    os_mailQ_m_MailQueue                     0x20000414   Data       28812  main.o(.bss)
    os_messageQ_q_MsgQueue                   0x200074a0   Data          80  main.o(.bss)
    mp_tcb                                   0x20007500   Data        1104  rtx_conf_cm.o(.bss)
    mp_stk                                   0x20007950   Data       40016  rtx_conf_cm.o(.bss)
    os_stack_mem                             0x200115a0   Data        4032  rtx_conf_cm.o(.bss)
    os_fifo                                  0x20012560   Data         132  rtx_conf_cm.o(.bss)
    os_active_TCB                            0x200125e4   Data          84  rtx_conf_cm.o(.bss)
    os_messageQ_q_osTimerMessageQ            0x20012638   Data          32  rtx_conf_cm.o(.bss)
    os_idle_TCB                              0x20012658   Data          52  rt_task.o(.bss)
    os_rdy                                   0x2001268c   Data          24  rt_list.o(.bss)
    os_dly                                   0x200126a4   Data          24  rt_list.o(.bss)
    Image$$ARM_LIB_STACK$$ZI$$Limit          0x20030000   Number         0  anon$$obj.o ABSOLUTE



==============================================================================

Memory Map of the image

  Image Entry point : 0x00000411

  Load Region LR_m_text (Base: 0x00000410, Size: 0x00006858, Max: 0x000ffbf0, ABSOLUTE)

    Execution Region ER_m_text (Exec base: 0x00000410, Load base: 0x00000410, Size: 0x000067c4, Max: 0x000ffbf0, ABSOLUTE)

    Exec Addr    Load Addr    Size         Type   Attr      Idx    E Section Name        Object

    0x00000410   0x00000410   0x00000000   Code   RO         2799  * .ARM.Collect$$$$00000000  mc_w.l(entry.o)
    0x00000410   0x00000410   0x00000004   Code   RO         2879    .ARM.Collect$$$$00000003  mc_w.l(entry4.o)
    0x00000414   0x00000414   0x00000004   Code   RO         2882    .ARM.Collect$$$$00000004  mc_w.l(entry5.o)
    0x00000418   0x00000418   0x00000000   Code   RO         2884    .ARM.Collect$$$$00000008  mc_w.l(entry7b.o)
    0x00000418   0x00000418   0x00000000   Code   RO         2886    .ARM.Collect$$$$0000000A  mc_w.l(entry8b.o)
    0x00000418   0x00000418   0x00000000   Code   RO         2887    .ARM.Collect$$$$0000000D  mc_w.l(entry10a.o)
    0x00000418   0x00000418   0x00000000   Code   RO         2889    .ARM.Collect$$$$0000000F  mc_w.l(entry11a.o)
    0x00000418   0x00000418   0x00000018   Code   RO         1519    .ARM.Collect$$$$000000FF  rtx_conf_cm.o
    0x00000430   0x00000430   0x00000004   Code   RO         2880    .ARM.Collect$$$$00002714  mc_w.l(entry4.o)
    0x00000434   0x00000434   0x00000198   Code   RO         2760    .emb_text           RTX_CM4.lib(hal_cm4.o)
    0x000005cc   0x000005cc   0x000001c0   Code   RO            6    .text               startup_mk64f12.o
    0x0000078c   0x0000078c   0x00000062   Code   RO         2802    .text               mc_w.l(uldiv.o)
    0x000007ee   0x000007ee   0x00000062   Code   RO         2804    .text               mc_w.l(ldiv.o)
    0x00000850   0x00000850   0x00000024   Code   RO         2806    .text               mc_w.l(memseta.o)
    0x00000874   0x00000874   0x0000000e   Code   RO         2808    .text               mc_w.l(strlen.o)
    0x00000882   0x00000882   0x0000001c   Code   RO         2810    .text               mc_w.l(strcmp.o)
    0x0000089e   0x0000089e   0x00000012   Code   RO         2812    .text               mc_w.l(strcpy.o)
    0x000008b0   0x000008b0   0x0000001e   Code   RO         2814    .text               mc_w.l(strncmp.o)
    0x000008ce   0x000008ce   0x0000001a   Code   RO         2816    .text               mc_w.l(atoi.o)
    0x000008e8   0x000008e8   0x0000014e   Code   RO         2818    .text               mf_w.l(dadd.o)
    0x00000a36   0x00000a36   0x000000e4   Code   RO         2820    .text               mf_w.l(dmul.o)
    0x00000b1a   0x00000b1a   0x000000de   Code   RO         2822    .text               mf_w.l(ddiv.o)
    0x00000bf8   0x00000bf8   0x00000022   Code   RO         2824    .text               mf_w.l(dflti.o)
    0x00000c1a   0x00000c1a   0x0000001a   Code   RO         2826    .text               mf_w.l(dfltui.o)
    0x00000c34   0x00000c34   0x00000028   Code   RO         2828    .text               mf_w.l(dfltl.o)
    0x00000c5c   0x00000c5c   0x0000003e   Code   RO         2830    .text               mf_w.l(dfixi.o)
    0x00000c9a   0x00000c9a   0x0000004a   Code   RO         2832    .text               mf_w.l(dfixl.o)
    0x00000ce4   0x00000ce4   0x00000026   Code   RO         2834    .text               mf_w.l(f2d.o)
    0x00000d0a   0x00000d0a   0x00000002   PAD
    0x00000d0c   0x00000d0c   0x00000030   Code   RO         2836    .text               mf_w.l(cdcmple.o)
    0x00000d3c   0x00000d3c   0x00000030   Code   RO         2838    .text               mf_w.l(cdrcmple.o)
    0x00000d6c   0x00000d6c   0x00000038   Code   RO         2840    .text               mf_w.l(d2f.o)
    0x00000da4   0x00000da4   0x0000001e   Code   RO         2891    .text               mc_w.l(llshl.o)
    0x00000dc2   0x00000dc2   0x00000020   Code   RO         2893    .text               mc_w.l(llushr.o)
    0x00000de2   0x00000de2   0x00000024   Code   RO         2895    .text               mc_w.l(llsshr.o)
    0x00000e06   0x00000e06   0x00000070   Code   RO         2906    .text               mc_w.l(strtol.o)
    0x00000e76   0x00000e76   0x00000000   Code   RO         2908    .text               mc_w.l(iusefp.o)
    0x00000e76   0x00000e76   0x0000006e   Code   RO         2909    .text               mf_w.l(fepilogue.o)
    0x00000ee4   0x00000ee4   0x000000ba   Code   RO         2911    .text               mf_w.l(depilogue.o)
    0x00000f9e   0x00000f9e   0x0000002e   Code   RO         2915    .text               mf_w.l(dscalb.o)
    0x00000fcc   0x00000fcc   0x00000024   Code   RO         2917    .text               mc_w.l(init.o)
    0x00000ff0   0x00000ff0   0x00000008   Code   RO         2921    .text               mc_w.l(ctype_o.o)
    0x00000ff8   0x00000ff8   0x0000009e   Code   RO         2955    .text               mc_w.l(_strtoul.o)
    0x00001096   0x00001096   0x000000a2   Code   RO         2957    .text               mf_w.l(dsqrt.o)
    0x00001138   0x00001138   0x0000001c   Code   RO         2962    .text               mc_w.l(_chval.o)
    0x00001154   0x00001154   0x00000004   Code   RO         2770    SVC_TABLE           RTX_CM4.lib(svc_table.o)
    0x00001158   0x00001158   0x000000a8   Code   RO         1008    i.ADC0_IRQHandler   main.o
    0x00001200   0x00001200   0x000000ac   Code   RO          850    i.ADC16_DoAutoCalibration  fsl_adc16.o
    0x000012ac   0x000012ac   0x00000084   Code   RO          851    i.ADC16_GetChannelStatusFlags  fsl_adc16.o
    0x00001330   0x00001330   0x0000007c   Code   RO          852    i.ADC16_GetDefaultConfig  fsl_adc16.o
    0x000013ac   0x000013ac   0x00000094   Code   RO          853    i.ADC16_GetInstance  fsl_adc16.o
    0x00001440   0x00001440   0x0000001e   Code   RO          854    i.ADC16_GetStatusFlags  fsl_adc16.o
    0x0000145e   0x0000145e   0x00000002   PAD
    0x00001460   0x00001460   0x00000104   Code   RO          855    i.ADC16_Init        fsl_adc16.o
    0x00001564   0x00001564   0x000000b4   Code   RO          856    i.ADC16_SetChannelConfig  fsl_adc16.o
    0x00001618   0x00001618   0x00000064   Code   RO         1362    i.BOARD_BootClockRUN  clock_config.o
    0x0000167c   0x0000167c   0x0000001c   Code   RO         1325    i.BOARD_InitDebugConsole  board.o
    0x00001698   0x00001698   0x000000b4   Code   RO         1263    i.BOARD_InitPins    pin_mux.o
    0x0000174c   0x0000174c   0x00000088   Code   RO          522    i.CLOCK_BootToPeeMode  fsl_clock.o
    0x000017d4   0x000017d4   0x00000018   Code   RO         1264    i.CLOCK_EnableClock  pin_mux.o
    0x000017ec   0x000017ec   0x00000094   Code   RO          526    i.CLOCK_EnablePll0  fsl_clock.o
    0x00001880   0x00001880   0x0000001c   Code   RO          531    i.CLOCK_GetCoreSysClkFreq  fsl_clock.o
    0x0000189c   0x0000189c   0x00000070   Code   RO          536    i.CLOCK_GetFllExtRefClkFreq  fsl_clock.o
    0x0000190c   0x0000190c   0x0000004c   Code   RO          537    i.CLOCK_GetFllFreq  fsl_clock.o
    0x00001958   0x00001958   0x00000020   Code   RO          538    i.CLOCK_GetFllRefClkFreq  fsl_clock.o
    0x00001978   0x00001978   0x0000002c   Code   RO          541    i.CLOCK_GetInternalRefClkSelectFreq  fsl_clock.o
    0x000019a4   0x000019a4   0x000000b8   Code   RO          542    i.CLOCK_GetMcgExtClkFreq  fsl_clock.o
    0x00001a5c   0x00001a5c   0x00000020   Code   RO          545    i.CLOCK_GetOscRangeFromFreq  fsl_clock.o
    0x00001a7c   0x00001a7c   0x0000003c   Code   RO          546    i.CLOCK_GetOutClkFreq  fsl_clock.o
    0x00001ab8   0x00001ab8   0x00000038   Code   RO          548    i.CLOCK_GetPll0Freq  fsl_clock.o
    0x00001af0   0x00001af0   0x00000008   Code   RO          549    i.CLOCK_GetPll0RefFreq  fsl_clock.o
    0x00001af8   0x00001af8   0x0000006c   Code   RO          552    i.CLOCK_InitOsc0    fsl_clock.o
    0x00001b64   0x00001b64   0x00000058   Code   RO          556    i.CLOCK_SetExternalRefClkConfig  fsl_clock.o
    0x00001bbc   0x00001bbc   0x00000098   Code   RO          561    i.CLOCK_SetInternalRefClkConfig  fsl_clock.o
    0x00001c54   0x00001c54   0x00000070   Code   RO          564    i.CLOCK_SetPbeMode  fsl_clock.o
    0x00001cc4   0x00001cc4   0x00000030   Code   RO          568    i.CLOCK_SetSimConfig  fsl_clock.o
    0x00001cf4   0x00001cf4   0x0000025c   Code   RO         1402    i.DbgConsole_ConvertFloatRadixNumToString  fsl_debug_console.o
    0x00001f50   0x00001f50   0x0000014c   Code   RO         1403    i.DbgConsole_ConvertRadixNumToString  fsl_debug_console.o
    0x0000209c   0x0000209c   0x00000024   Code   RO         1405    i.DbgConsole_Getchar  fsl_debug_console.o
    0x000020c0   0x000020c0   0x00000090   Code   RO         1406    i.DbgConsole_Init   fsl_debug_console.o
    0x00002150   0x00002150   0x00000034   Code   RO         1407    i.DbgConsole_Printf  fsl_debug_console.o
    0x00002184   0x00002184   0x000005ec   Code   RO         1408    i.DbgConsole_PrintfFormattedData  fsl_debug_console.o
    0x00002770   0x00002770   0x00000028   Code   RO         1409    i.DbgConsole_PrintfPaddingCharacter  fsl_debug_console.o
    0x00002798   0x00002798   0x00000024   Code   RO         1410    i.DbgConsole_Putchar  fsl_debug_console.o
    0x000027bc   0x000027bc   0x0000001a   Code   RO         1183    i.EnableIRQ         elec422.o
    0x000027d6   0x000027d6   0x00000002   PAD
    0x000027d8   0x000027d8   0x00000024   Code   RO          362    i.GPIO_ClearPinsInterruptFlags  fsl_gpio.o
    0x000027fc   0x000027fc   0x00000004   Code   RO         1184    i.GPIO_ClearPinsOutput  elec422.o
    0x00002800   0x00002800   0x00000094   Code   RO          363    i.GPIO_GetInstance  fsl_gpio.o
    0x00002894   0x00002894   0x00000088   Code   RO          365    i.GPIO_PinInit      fsl_gpio.o
    0x0000291c   0x0000291c   0x0000000c   Code   RO         1009    i.GPIO_ReadPinInput  main.o
    0x00002928   0x00002928   0x00000004   Code   RO         1185    i.GPIO_SetPinsOutput  elec422.o
    0x0000292c   0x0000292c   0x000000cc   Code   RO         1010    i.InitADC           main.o
    0x000029f8   0x000029f8   0x00000058   Code   RO         1011    i.InitPDB           main.o
    0x00002a50   0x00002a50   0x00000040   Code   RO         1187    i.LED_Off           elec422.o
    0x00002a90   0x00002a90   0x00000040   Code   RO         1188    i.LED_On            elec422.o
    0x00002ad0   0x00002ad0   0x0000008c   Code   RO         1012    i.PDB0_IRQHandler   main.o
    0x00002b5c   0x00002b5c   0x00000016   Code   RO          951    i.PDB_Enable        fsl_pdb.o
    0x00002b72   0x00002b72   0x00000002   PAD
    0x00002b74   0x00002b74   0x00000068   Code   RO          952    i.PDB_GetDefaultConfig  fsl_pdb.o
    0x00002bdc   0x00002bdc   0x00000090   Code   RO          953    i.PDB_GetInstance   fsl_pdb.o
    0x00002c6c   0x00002c6c   0x000000d0   Code   RO          954    i.PDB_Init          fsl_pdb.o
    0x00002d3c   0x00002d3c   0x00000080   Code   RO         1013    i.PDB_SetADCPreTriggerConfig  main.o
    0x00002dbc   0x00002dbc   0x0000006c   Code   RO         1014    i.PDB_SetADCPreTriggerDelayValue  main.o
    0x00002e28   0x00002e28   0x00000020   Code   RO         1015    i.PORTA_IRQHandler  main.o
    0x00002e48   0x00002e48   0x00000020   Code   RO         1016    i.PORTC_IRQHandler  main.o
    0x00002e68   0x00002e68   0x00000064   Code   RO         1265    i.PORT_SetPinConfig  pin_mux.o
    0x00002ecc   0x00002ecc   0x0000000e   Code   RO         1190    i.PORT_SetPinInterruptConfig  elec422.o
    0x00002eda   0x00002eda   0x0000000e   Code   RO         1266    i.PORT_SetPinMux    pin_mux.o
    0x00002ee8   0x00002ee8   0x0000002c   Code   RO           16    i.SystemInit        system_mk64f12.o
    0x00002f14   0x00002f14   0x00000370   Code   RO         1017    i.Thread_1          main.o
    0x00003284   0x00003284   0x000001c0   Code   RO         1018    i.Thread_2          main.o
    0x00003444   0x00003444   0x0000005c   Code   RO         1019    i.Thread_3          main.o
    0x000034a0   0x000034a0   0x0000005c   Code   RO         1020    i.Thread_4          main.o
    0x000034fc   0x000034fc   0x00000064   Code   RO         1021    i.Thread_5          main.o
    0x00003560   0x00003560   0x0000003c   Code   RO         1022    i.Thread_6          main.o
    0x0000359c   0x0000359c   0x0000003c   Code   RO         1023    i.Thread_7          main.o
    0x000035d8   0x000035d8   0x0000001c   Code   RO           80    i.UART0_DriverIRQHandler  fsl_uart.o
    0x000035f4   0x000035f4   0x00000008   Code   RO           81    i.UART0_RX_TX_DriverIRQHandler  fsl_uart.o
    0x000035fc   0x000035fc   0x0000001c   Code   RO           82    i.UART1_DriverIRQHandler  fsl_uart.o
    0x00003618   0x00003618   0x00000008   Code   RO           83    i.UART1_RX_TX_DriverIRQHandler  fsl_uart.o
    0x00003620   0x00003620   0x0000001c   Code   RO           84    i.UART2_DriverIRQHandler  fsl_uart.o
    0x0000363c   0x0000363c   0x00000008   Code   RO           85    i.UART2_RX_TX_DriverIRQHandler  fsl_uart.o
    0x00003644   0x00003644   0x0000001c   Code   RO           86    i.UART3_DriverIRQHandler  fsl_uart.o
    0x00003660   0x00003660   0x00000008   Code   RO           87    i.UART3_RX_TX_DriverIRQHandler  fsl_uart.o
    0x00003668   0x00003668   0x0000001c   Code   RO           88    i.UART4_DriverIRQHandler  fsl_uart.o
    0x00003684   0x00003684   0x00000008   Code   RO           89    i.UART4_RX_TX_DriverIRQHandler  fsl_uart.o
    0x0000368c   0x0000368c   0x0000001c   Code   RO           90    i.UART5_DriverIRQHandler  fsl_uart.o
    0x000036a8   0x000036a8   0x00000008   Code   RO           91    i.UART5_RX_TX_DriverIRQHandler  fsl_uart.o
    0x000036b0   0x000036b0   0x00000070   Code   RO           96    i.UART_GetDefaultConfig  fsl_uart.o
    0x00003720   0x00003720   0x0000008c   Code   RO           98    i.UART_GetInstance  fsl_uart.o
    0x000037ac   0x000037ac   0x00000018   Code   RO           99    i.UART_GetStatusFlags  fsl_uart.o
    0x000037c4   0x000037c4   0x00000248   Code   RO          100    i.UART_Init         fsl_uart.o
    0x00003a0c   0x00003a0c   0x0000005c   Code   RO          101    i.UART_ReadBlocking  fsl_uart.o
    0x00003a68   0x00003a68   0x00000020   Code   RO          117    i.UART_WriteBlocking  fsl_uart.o
    0x00003a88   0x00003a88   0x00000030   Code   RO         2862    i.__ARM_fpclassify  m_wm.l(fpclassify.o)
    0x00003ab8   0x00003ab8   0x00000044   Code   RO          416    i.__aeabi_assert    fsl_common.o
    0x00003afc   0x00003afc   0x00000008   Code   RO         2897    i.__aeabi_errno_addr  mc_w.l(errno.o)
    0x00003b04   0x00003b04   0x000000d0   Code   RO         2773    i.__hardfp_modf     m_wm.l(modf.o)
    0x00003bd4   0x00003bd4   0x00000004   PAD
    0x00003bd8   0x00003bd8   0x00000c50   Code   RO         2779    i.__hardfp_pow      m_wm.l(pow.o)
    0x00004828   0x00004828   0x000000f8   Code   RO         2864    i.__kernel_poly     m_wm.l(poly.o)
    0x00004920   0x00004920   0x00000030   Code   RO         2842    i.__mathlib_dbl_divzero  m_wm.l(dunder.o)
    0x00004950   0x00004950   0x00000014   Code   RO         2844    i.__mathlib_dbl_infnan2  m_wm.l(dunder.o)
    0x00004964   0x00004964   0x00000004   PAD
    0x00004968   0x00004968   0x00000020   Code   RO         2845    i.__mathlib_dbl_invalid  m_wm.l(dunder.o)
    0x00004988   0x00004988   0x00000020   Code   RO         2846    i.__mathlib_dbl_overflow  m_wm.l(dunder.o)
    0x000049a8   0x000049a8   0x00000020   Code   RO         2848    i.__mathlib_dbl_underflow  m_wm.l(dunder.o)
    0x000049c8   0x000049c8   0x0000000e   Code   RO         2968    i.__scatterload_copy  mc_w.l(handlers.o)
    0x000049d6   0x000049d6   0x00000002   Code   RO         2969    i.__scatterload_null  mc_w.l(handlers.o)
    0x000049d8   0x000049d8   0x0000000e   Code   RO         2970    i.__scatterload_zeroinit  mc_w.l(handlers.o)
    0x000049e6   0x000049e6   0x00000002   PAD
    0x000049e8   0x000049e8   0x0000000c   Code   RO         2899    i.__set_errno       mc_w.l(errno.o)
    0x000049f4   0x000049f4   0x00000046   Code   RO         2633    i._init_box         RTX_CM4.lib(rt_membox.o)
    0x00004a3a   0x00004a3a   0x00000002   PAD
    0x00004a3c   0x00004a3c   0x00000014   Code   RO         1024    i.callback          main.o
    0x00004a50   0x00004a50   0x00000030   Code   RO         2686    i.dbg_init          RTX_CM4.lib(hal_cm.o)
    0x00004a80   0x00004a80   0x00000020   Code   RO         2687    i.dbg_task_notify   RTX_CM4.lib(hal_cm.o)
    0x00004aa0   0x00004aa0   0x00000010   Code   RO         2688    i.dbg_task_switch   RTX_CM4.lib(hal_cm.o)
    0x00004ab0   0x00004ab0   0x000000ac   Code   RO         1192    i.elec422_startup   elec422.o
    0x00004b5c   0x00004b5c   0x0000003c   Code   RO         1025    i.execute_timer     main.o
    0x00004b98   0x00004b98   0x00000018   Code   RO         2858    i.fabs              m_wm.l(fabs.o)
    0x00004bb0   0x00004bb0   0x0000002a   Code   RO         1560    i.isrMessageGet     RTX_CM4.lib(rt_cmsis.o)
    0x00004bda   0x00004bda   0x0000002c   Code   RO         1561    i.isrMessagePut     RTX_CM4.lib(rt_cmsis.o)
    0x00004c06   0x00004c06   0x00000024   Code   RO         1563    i.isrSignalSet      RTX_CM4.lib(rt_cmsis.o)
    0x00004c2a   0x00004c2a   0x00000002   PAD
    0x00004c2c   0x00004c2c   0x00000028   Code   RO         2357    i.isr_evt_set       RTX_CM4.lib(rt_event.o)
    0x00004c54   0x00004c54   0x00000056   Code   RO         2479    i.isr_mbx_receive   RTX_CM4.lib(rt_mailbox.o)
    0x00004caa   0x00004caa   0x0000000e   Code   RO         2480    i.isr_mbx_send      RTX_CM4.lib(rt_mailbox.o)
    0x00004cb8   0x00004cb8   0x00000134   Code   RO         1026    i.main              main.o
    0x00004dec   0x00004dec   0x00000024   Code   RO         1565    i.osKernelInitialize  RTX_CM4.lib(rt_cmsis.o)
    0x00004e10   0x00004e10   0x0000006c   Code   RO         1567    i.osKernelStart     RTX_CM4.lib(rt_cmsis.o)
    0x00004e7c   0x00004e7c   0x0000001c   Code   RO         1569    i.osMailAlloc       RTX_CM4.lib(rt_cmsis.o)
    0x00004e98   0x00004e98   0x0000002c   Code   RO         1571    i.osMailCreate      RTX_CM4.lib(rt_cmsis.o)
    0x00004ec4   0x00004ec4   0x0000001c   Code   RO         1572    i.osMailFree        RTX_CM4.lib(rt_cmsis.o)
    0x00004ee0   0x00004ee0   0x00000016   Code   RO         1573    i.osMailGet         RTX_CM4.lib(rt_cmsis.o)
    0x00004ef6   0x00004ef6   0x00000014   Code   RO         1574    i.osMailPut         RTX_CM4.lib(rt_cmsis.o)
    0x00004f0a   0x00004f0a   0x00000002   PAD
    0x00004f0c   0x00004f0c   0x0000002c   Code   RO         1575    i.osMessageCreate   RTX_CM4.lib(rt_cmsis.o)
    0x00004f38   0x00004f38   0x00000018   Code   RO         1576    i.osMessageGet      RTX_CM4.lib(rt_cmsis.o)
    0x00004f50   0x00004f50   0x00000018   Code   RO         1577    i.osMessagePut      RTX_CM4.lib(rt_cmsis.o)
    0x00004f68   0x00004f68   0x0000002c   Code   RO         1578    i.osMutexCreate     RTX_CM4.lib(rt_cmsis.o)
    0x00004f94   0x00004f94   0x00000018   Code   RO         1580    i.osMutexRelease    RTX_CM4.lib(rt_cmsis.o)
    0x00004fac   0x00004fac   0x00000018   Code   RO         1581    i.osMutexWait       RTX_CM4.lib(rt_cmsis.o)
    0x00004fc4   0x00004fc4   0x00000018   Code   RO         1591    i.osSignalSet       RTX_CM4.lib(rt_cmsis.o)
    0x00004fdc   0x00004fdc   0x00000018   Code   RO         1592    i.osSignalWait      RTX_CM4.lib(rt_cmsis.o)
    0x00004ff4   0x00004ff4   0x0000002c   Code   RO         1593    i.osThreadCreate    RTX_CM4.lib(rt_cmsis.o)
    0x00005020   0x00005020   0x00000018   Code   RO         1594    i.osThreadExit      RTX_CM4.lib(rt_cmsis.o)
    0x00005038   0x00005038   0x00000018   Code   RO         1595    i.osThreadGetId     RTX_CM4.lib(rt_cmsis.o)
    0x00005050   0x00005050   0x00000018   Code   RO         1598    i.osThreadTerminate  RTX_CM4.lib(rt_cmsis.o)
    0x00005068   0x00005068   0x00000018   Code   RO         1599    i.osThreadYield     RTX_CM4.lib(rt_cmsis.o)
    0x00005080   0x00005080   0x0000000c   Code   RO         1600    i.osTimerCall       RTX_CM4.lib(rt_cmsis.o)
    0x0000508c   0x0000508c   0x0000002c   Code   RO         1601    i.osTimerCreate     RTX_CM4.lib(rt_cmsis.o)
    0x000050b8   0x000050b8   0x00000018   Code   RO         1602    i.osTimerDelete     RTX_CM4.lib(rt_cmsis.o)
    0x000050d0   0x000050d0   0x00000018   Code   RO         1603    i.osTimerStart      RTX_CM4.lib(rt_cmsis.o)
    0x000050e8   0x000050e8   0x00000018   Code   RO         1604    i.osTimerStop       RTX_CM4.lib(rt_cmsis.o)
    0x00005100   0x00005100   0x0000002c   Code   RO         1605    i.osTimerThread     RTX_CM4.lib(rt_cmsis.o)
    0x0000512c   0x0000512c   0x00000022   Code   RO         1520    i.os_error          rtx_conf_cm.o
    0x0000514e   0x0000514e   0x00000004   Code   RO         1521    i.os_idle_demon     rtx_conf_cm.o
    0x00005152   0x00005152   0x00000002   PAD
    0x00005154   0x00005154   0x00000028   Code   RO         2267    i.os_tick_init      RTX_CM4.lib(rt_system.o)
    0x0000517c   0x0000517c   0x00000002   Code   RO         2268    i.os_tick_irqack    RTX_CM4.lib(rt_system.o)
    0x0000517e   0x0000517e   0x0000001a   Code   RO         2634    i.rt_alloc_box      RTX_CM4.lib(rt_membox.o)
    0x00005198   0x00005198   0x0000003e   Code   RO         2662    i.rt_alloc_mem      RTX_CM4.lib(rt_memory.o)
    0x000051d6   0x000051d6   0x00000002   PAD
    0x000051d8   0x000051d8   0x00000038   Code   RO         2182    i.rt_block          RTX_CM4.lib(rt_task.o)
    0x00005210   0x00005210   0x00000048   Code   RO         2739    i.rt_chk_robin      RTX_CM4.lib(rt_robin.o)
    0x00005258   0x00005258   0x00000070   Code   RO         2403    i.rt_dec_dly        RTX_CM4.lib(rt_list.o)
    0x000052c8   0x000052c8   0x00000044   Code   RO         2183    i.rt_dispatch       RTX_CM4.lib(rt_task.o)
    0x0000530c   0x0000530c   0x00000050   Code   RO         2360    i.rt_evt_psh        RTX_CM4.lib(rt_event.o)
    0x0000535c   0x0000535c   0x0000005c   Code   RO         2361    i.rt_evt_set        RTX_CM4.lib(rt_event.o)
    0x000053b8   0x000053b8   0x0000003c   Code   RO         2362    i.rt_evt_wait       RTX_CM4.lib(rt_event.o)
    0x000053f4   0x000053f4   0x0000002c   Code   RO         2635    i.rt_free_box       RTX_CM4.lib(rt_membox.o)
    0x00005420   0x00005420   0x00000028   Code   RO         2663    i.rt_free_mem       RTX_CM4.lib(rt_memory.o)
    0x00005448   0x00005448   0x00000028   Code   RO         2404    i.rt_get_first      RTX_CM4.lib(rt_list.o)
    0x00005470   0x00005470   0x00000024   Code   RO         2405    i.rt_get_same_rdy_prio  RTX_CM4.lib(rt_list.o)
    0x00005494   0x00005494   0x00000008   Code   RO         1610    i.rt_id2obj         RTX_CM4.lib(rt_cmsis.o)
    0x0000549c   0x0000549c   0x00000048   Code   RO         2184    i.rt_init_context   RTX_CM4.lib(rt_task.o)
    0x000054e4   0x000054e4   0x0000001a   Code   RO         2664    i.rt_init_mem       RTX_CM4.lib(rt_memory.o)
    0x000054fe   0x000054fe   0x00000002   PAD
    0x00005500   0x00005500   0x00000018   Code   RO         2740    i.rt_init_robin     RTX_CM4.lib(rt_robin.o)
    0x00005518   0x00005518   0x00000080   Code   RO         2689    i.rt_init_stack     RTX_CM4.lib(hal_cm.o)
    0x00005598   0x00005598   0x00000008   Code   RO         2481    i.rt_mbx_check      RTX_CM4.lib(rt_mailbox.o)
    0x000055a0   0x000055a0   0x0000001a   Code   RO         2482    i.rt_mbx_init       RTX_CM4.lib(rt_mailbox.o)
    0x000055ba   0x000055ba   0x00000002   PAD
    0x000055bc   0x000055bc   0x000000f0   Code   RO         2483    i.rt_mbx_psh        RTX_CM4.lib(rt_mailbox.o)
    0x000056ac   0x000056ac   0x00000098   Code   RO         2484    i.rt_mbx_send       RTX_CM4.lib(rt_mailbox.o)
    0x00005744   0x00005744   0x000000b4   Code   RO         2485    i.rt_mbx_wait       RTX_CM4.lib(rt_mailbox.o)
    0x000057f8   0x000057f8   0x00000044   Code   RO         1611    i.rt_ms2tick        RTX_CM4.lib(rt_cmsis.o)
    0x0000583c   0x0000583c   0x00000010   Code   RO         2603    i.rt_mut_init       RTX_CM4.lib(rt_mutex.o)
    0x0000584c   0x0000584c   0x000000d8   Code   RO         2604    i.rt_mut_release    RTX_CM4.lib(rt_mutex.o)
    0x00005924   0x00005924   0x00000078   Code   RO         2605    i.rt_mut_wait       RTX_CM4.lib(rt_mutex.o)
    0x0000599c   0x0000599c   0x0000007c   Code   RO         2271    i.rt_pop_req        RTX_CM4.lib(rt_system.o)
    0x00005a18   0x00005a18   0x00000020   Code   RO         2272    i.rt_psh_req        RTX_CM4.lib(rt_system.o)
    0x00005a38   0x00005a38   0x0000005c   Code   RO         2406    i.rt_psq_enq        RTX_CM4.lib(rt_list.o)
    0x00005a94   0x00005a94   0x00000048   Code   RO         2407    i.rt_put_dly        RTX_CM4.lib(rt_list.o)
    0x00005adc   0x00005adc   0x00000036   Code   RO         2408    i.rt_put_prio       RTX_CM4.lib(rt_list.o)
    0x00005b12   0x00005b12   0x00000002   PAD
    0x00005b14   0x00005b14   0x00000014   Code   RO         2409    i.rt_put_rdy_first  RTX_CM4.lib(rt_list.o)
    0x00005b28   0x00005b28   0x00000034   Code   RO         2410    i.rt_resort_prio    RTX_CM4.lib(rt_list.o)
    0x00005b5c   0x00005b5c   0x00000010   Code   RO         2690    i.rt_ret_regs       RTX_CM4.lib(hal_cm.o)
    0x00005b6c   0x00005b6c   0x0000000c   Code   RO         2691    i.rt_ret_val        RTX_CM4.lib(hal_cm.o)
    0x00005b78   0x00005b78   0x00000010   Code   RO         2692    i.rt_ret_val2       RTX_CM4.lib(hal_cm.o)
    0x00005b88   0x00005b88   0x00000028   Code   RO         2411    i.rt_rmv_dly        RTX_CM4.lib(rt_list.o)
    0x00005bb0   0x00005bb0   0x00000030   Code   RO         2412    i.rt_rmv_list       RTX_CM4.lib(rt_list.o)
    0x00005be0   0x00005be0   0x00000034   Code   RO         2530    i.rt_sem_psh        RTX_CM4.lib(rt_semaphore.o)
    0x00005c14   0x00005c14   0x00000024   Code   RO         2274    i.rt_stk_check      RTX_CM4.lib(rt_system.o)
    0x00005c38   0x00005c38   0x00000028   Code   RO         2185    i.rt_switch_req     RTX_CM4.lib(rt_task.o)
    0x00005c60   0x00005c60   0x000000cc   Code   RO         2186    i.rt_sys_init       RTX_CM4.lib(rt_task.o)
    0x00005d2c   0x00005d2c   0x00000078   Code   RO         2187    i.rt_sys_start      RTX_CM4.lib(rt_task.o)
    0x00005da4   0x00005da4   0x00000040   Code   RO         2276    i.rt_systick        RTX_CM4.lib(rt_system.o)
    0x00005de4   0x00005de4   0x00000012   Code   RO         1612    i.rt_tid2ptcb       RTX_CM4.lib(rt_cmsis.o)
    0x00005df6   0x00005df6   0x00000002   PAD
    0x00005df8   0x00005df8   0x00000034   Code   RO         1613    i.rt_timer_insert   RTX_CM4.lib(rt_cmsis.o)
    0x00005e2c   0x00005e2c   0x0000003c   Code   RO         1614    i.rt_timer_remove   RTX_CM4.lib(rt_cmsis.o)
    0x00005e68   0x00005e68   0x00000088   Code   RO         2188    i.rt_tsk_create     RTX_CM4.lib(rt_task.o)
    0x00005ef0   0x00005ef0   0x0000017c   Code   RO         2189    i.rt_tsk_delete     RTX_CM4.lib(rt_task.o)
    0x0000606c   0x0000606c   0x00000030   Code   RO         2190    i.rt_tsk_pass       RTX_CM4.lib(rt_task.o)
    0x0000609c   0x0000609c   0x0000007c   Code   RO         2191    i.rt_tsk_prio       RTX_CM4.lib(rt_task.o)
    0x00006118   0x00006118   0x00000010   Code   RO         2192    i.rt_tsk_self       RTX_CM4.lib(rt_task.o)
    0x00006128   0x00006128   0x00000134   Code   RO         1027    i.sample_port       main.o
    0x0000625c   0x0000625c   0x0000006e   Code   RO         2869    i.sqrt              m_wm.l(sqrt.o)
    0x000062ca   0x000062ca   0x00000002   PAD
    0x000062cc   0x000062cc   0x00000070   Code   RO         1616    i.svcKernelInitialize  RTX_CM4.lib(rt_cmsis.o)
    0x0000633c   0x0000633c   0x00000048   Code   RO         1618    i.svcKernelStart    RTX_CM4.lib(rt_cmsis.o)
    0x00006384   0x00006384   0x00000042   Code   RO         1620    i.svcMailCreate     RTX_CM4.lib(rt_cmsis.o)
    0x000063c6   0x000063c6   0x00000024   Code   RO         1621    i.svcMessageCreate  RTX_CM4.lib(rt_cmsis.o)
    0x000063ea   0x000063ea   0x0000003a   Code   RO         1622    i.svcMessageGet     RTX_CM4.lib(rt_cmsis.o)
    0x00006424   0x00006424   0x00000036   Code   RO         1623    i.svcMessagePut     RTX_CM4.lib(rt_cmsis.o)
    0x0000645a   0x0000645a   0x0000001c   Code   RO         1624    i.svcMutexCreate    RTX_CM4.lib(rt_cmsis.o)
    0x00006476   0x00006476   0x00000022   Code   RO         1626    i.svcMutexRelease   RTX_CM4.lib(rt_cmsis.o)
    0x00006498   0x00006498   0x0000003a   Code   RO         1627    i.svcMutexWait      RTX_CM4.lib(rt_cmsis.o)
    0x000064d2   0x000064d2   0x00000024   Code   RO         1634    i.svcSignalSet      RTX_CM4.lib(rt_cmsis.o)
    0x000064f6   0x000064f6   0x00000002   PAD
    0x000064f8   0x000064f8   0x00000054   Code   RO         1635    i.svcSignalWait     RTX_CM4.lib(rt_cmsis.o)
    0x0000654c   0x0000654c   0x0000006c   Code   RO         1636    i.svcThreadCreate   RTX_CM4.lib(rt_cmsis.o)
    0x000065b8   0x000065b8   0x0000001c   Code   RO         1637    i.svcThreadGetId    RTX_CM4.lib(rt_cmsis.o)
    0x000065d4   0x000065d4   0x00000038   Code   RO         1640    i.svcThreadTerminate  RTX_CM4.lib(rt_cmsis.o)
    0x0000660c   0x0000660c   0x0000000a   Code   RO         1641    i.svcThreadYield    RTX_CM4.lib(rt_cmsis.o)
    0x00006616   0x00006616   0x00000018   Code   RO         1642    i.svcTimerCall      RTX_CM4.lib(rt_cmsis.o)
    0x0000662e   0x0000662e   0x00000002   PAD
    0x00006630   0x00006630   0x00000038   Code   RO         1643    i.svcTimerCreate    RTX_CM4.lib(rt_cmsis.o)
    0x00006668   0x00006668   0x00000028   Code   RO         1644    i.svcTimerDelete    RTX_CM4.lib(rt_cmsis.o)
    0x00006690   0x00006690   0x00000064   Code   RO         1645    i.svcTimerStart     RTX_CM4.lib(rt_cmsis.o)
    0x000066f4   0x000066f4   0x00000024   Code   RO         1646    i.svcTimerStop      RTX_CM4.lib(rt_cmsis.o)
    0x00006718   0x00006718   0x00000058   Code   RO         1647    i.sysMailAlloc      RTX_CM4.lib(rt_cmsis.o)
    0x00006770   0x00006770   0x00000060   Code   RO         1648    i.sysMailFree       RTX_CM4.lib(rt_cmsis.o)
    0x000067d0   0x000067d0   0x0000005c   Code   RO         1651    i.sysTimerTick      RTX_CM4.lib(rt_cmsis.o)
    0x0000682c   0x0000682c   0x00000038   Data   RO          120    .constdata          fsl_uart.o
    0x00006864   0x00006864   0x00000028   Data   RO          366    .constdata          fsl_gpio.o
    0x0000688c   0x0000688c   0x00000060   Data   RO          570    .constdata          fsl_clock.o
    0x000068ec   0x000068ec   0x00000010   Data   RO          860    .constdata          fsl_adc16.o
    0x000068fc   0x000068fc   0x00000008   Data   RO          956    .constdata          fsl_pdb.o
    0x00006904   0x00006904   0x00000094   Data   RO         1029    .constdata          main.o
    0x00006998   0x00006998   0x0000000a   Data   RO         1193    .constdata          elec422.o
    0x000069a2   0x000069a2   0x00000002   PAD
    0x000069a4   0x000069a4   0x00000040   Data   RO         1364    .constdata          clock_config.o
    0x000069e4   0x000069e4   0x00000068   Data   RO         1523    .constdata          rtx_conf_cm.o
    0x00006a4c   0x00006a4c   0x00000004   PAD
    0x00006a50   0x00006a50   0x00000088   Data   RO         2782    .constdata          m_wm.l(pow.o)
    0x00006ad8   0x00006ad8   0x00000008   Data   RO         2866    .constdata          m_wm.l(qnan.o)
    0x00006ae0   0x00006ae0   0x00000081   Data   RO         2922    .constdata          mc_w.l(ctype_o.o)
    0x00006b61   0x00006b61   0x00000003   PAD
    0x00006b64   0x00006b64   0x00000004   Data   RO         2923    .constdata          mc_w.l(ctype_o.o)
    0x00006b68   0x00006b68   0x0000004c   Data   RO         1030    .conststring        main.o
    0x00006bb4   0x00006bb4   0x00000020   Data   RO         2966    Region$$Table       anon$$obj.o


    Execution Region RW_m_data (Exec base: 0x1fff0000, Load base: 0x00006bd4, Size: 0x00000000, Max: 0x00010000, ABSOLUTE)

    **** No section assigned to this execution region ****


    Execution Region RW_m_data_2 (Exec base: 0x20000000, Load base: 0x00006bd4, Size: 0x000126bc, Max: 0x0002f800, ABSOLUTE)

    Exec Addr    Load Addr    Size         Type   Attr      Idx    E Section Name        Object

    0x20000000   0x00006bd4   0x00000004   Data   RW           17    .data               system_mk64f12.o
    0x20000004   0x00006bd8   0x00000004   Data   RW          121    .data               fsl_uart.o
    0x20000008   0x00006bdc   0x00000010   Data   RW          571    .data               fsl_clock.o
    0x20000018   0x00006bec   0x00000040   Data   RW         1031    .data               main.o
    0x20000058   0x00006c2c   0x00000010   Data   RW         1524    .data               rtx_conf_cm.o
    0x20000068   0x00006c3c   0x00000008   Data   RW         1654    .data               RTX_CM4.lib(rt_cmsis.o)
    0x20000070   0x00006c44   0x00000008   Data   RW         2194    .data               RTX_CM4.lib(rt_task.o)
    0x20000078   0x00006c4c   0x00000008   Data   RW         2279    .data               RTX_CM4.lib(rt_system.o)
    0x20000080   0x00006c54   0x00000004   Data   RW         2573    .data               RTX_CM4.lib(rt_time.o)
    0x20000084   0x00006c58   0x00000001   Data   RW         2693    .data               RTX_CM4.lib(hal_cm.o)
    0x20000085   0x00006c59   0x00000003   PAD
    0x20000088   0x00006c5c   0x00000008   Data   RW         2741    .data               RTX_CM4.lib(rt_robin.o)
    0x20000090   0x00006c64   0x00000004   Data   RW         2900    .data               mc_w.l(errno.o)
    0x20000094        -       0x00000018   Zero   RW          119    .bss                fsl_uart.o
    0x200000ac        -       0x00007444   Zero   RW         1028    .bss                main.o
    0x200074f0        -       0x00000010   Zero   RW         1416    .bss                fsl_debug_console.o
    0x20007500        -       0x0000b158   Zero   RW         1522    .bss                rtx_conf_cm.o
    0x20012658        -       0x00000034   Zero   RW         2193    .bss                RTX_CM4.lib(rt_task.o)
    0x2001268c        -       0x00000030   Zero   RW         2413    .bss                RTX_CM4.lib(rt_list.o)


    Execution Region ARM_LIB_HEAP (Exec base: 0x200126bc, Load base: 0x00006c68, Size: 0x00000400, Max: 0x00000400, ABSOLUTE)

    Exec Addr    Load Addr    Size         Type   Attr      Idx    E Section Name        Object

    0x200126bc        -       0x00000400   Zero   RW            1    ARM_LIB_HEAP.bss    anon$$obj.o


    Execution Region ARM_LIB_STACK (Exec base: 0x2002fc00, Load base: 0x00006c68, Size: 0x00000400, Max: 0x00000400, ABSOLUTE)

    Exec Addr    Load Addr    Size         Type   Attr      Idx    E Section Name        Object

    0x2002fc00        -       0x00000400   Zero   RW            2    ARM_LIB_STACK.bss   anon$$obj.o



  Load Region LR_m_interrupts (Base: 0x00000000, Size: 0x00000400, Max: 0x00000400, ABSOLUTE)

    Execution Region VECTOR_RAM (Exec base: 0x00000000, Load base: 0x00000000, Size: 0x00000000, Max: 0x00000000, ABSOLUTE)

    Exec Addr    Load Addr    Size         Type   Attr      Idx    E Section Name        Object

    0x00000000        -       0x00000000   Zero   RW            3    VECTOR_RAM.bss      anon$$obj.o


    Execution Region VECTOR_ROM (Exec base: 0x00000000, Load base: 0x00000000, Size: 0x00000400, Max: 0x00000400, ABSOLUTE)

    Exec Addr    Load Addr    Size         Type   Attr      Idx    E Section Name        Object

    0x00000000   0x00000000   0x00000400   Data   RO            4    RESET               startup_mk64f12.o



  Load Region LR_m_flash_config (Base: 0x00000400, Size: 0x00000010, Max: 0x00000010, ABSOLUTE)

    Execution Region ER_m_flash_config (Exec base: 0x00000400, Load base: 0x00000400, Size: 0x00000010, Max: 0x00000010, ABSOLUTE)

    Exec Addr    Load Addr    Size         Type   Attr      Idx    E Section Name        Object

    0x00000400   0x00000400   0x00000010   Data   RO            5    FlashConfig         startup_mk64f12.o


==============================================================================

Image component sizes


      Code (inc. data)   RO Data    RW Data    ZI Data      Debug   Object Name

        28          4          0          0          0        541   board.o
       100         22         64          0          0       9075   clock_config.o
       348         28         10          0          0       7385   elec422.o
      1046        446         16          0          0      19377   fsl_adc16.o
      1424        332         96         16          0      24143   fsl_clock.o
        68         44          0          0          0        733   fsl_common.o
      2760         82          0          0         16      18102   fsl_debug_console.o
       320        170         40          0          0       6582   fsl_gpio.o
       478        246          8          0          0       6916   fsl_pdb.o
      1200        452         56          4         24      51768   fsl_uart.o
      3340       1146        224         64      29764      31442   main.o
       318         90          0          0          0     475584   pin_mux.o
        62          6        104         16      45400       7940   rtx_conf_cm.o
       448        214       1040          0          0       3344   startup_mk64f12.o
        44         10          0          4          0     468623   system_mk64f12.o

    ----------------------------------------------------------------------
     11992       3292       1696        104      77252    1131555   Object Totals
         0          0         32          0       2048          0   (incl. Generated)
         8          0          6          0          0          0   (incl. Padding)

    ----------------------------------------------------------------------

      Code (inc. data)   RO Data    RW Data    ZI Data      Debug   Library Member Name

       268         24          0          1          0       4472   hal_cm.o
       408         34          0          0          0        816   hal_cm4.o
      2530        268          0          8          0      59181   rt_cmsis.o
       272         18          0          0          0       2810   rt_event.o
       566         44          0          0         48       9180   rt_list.o
       706         14          0          0          0       5067   rt_mailbox.o
       140          0          0          0          0       2045   rt_membox.o
       128          0          0          0          0       2419   rt_memory.o
       352         14          0          0          0       2229   rt_mutex.o
        96         22          0          8          0       1230   rt_robin.o
        52          4          0          0          0        613   rt_semaphore.o
       298         52          0          8          0       6439   rt_system.o
      1264        184          0          8         52      10583   rt_task.o
         0          0          0          4          0        210   rt_time.o
         4          4          0          0          0        200   svc_table.o
       164         44          0          0          0        620   dunder.o
        24          0          0          0          0        124   fabs.o
        48          0          0          0          0        124   fpclassify.o
       208          6          0          0          0        152   modf.o
       248          0          0          0          0        152   poly.o
      3152        296        136          0          0        352   pow.o
         0          0          8          0          0          0   qnan.o
       110          0          0          0          0        148   sqrt.o
        28          0          0          0          0         68   _chval.o
       158          0          0          0          0         92   _strtoul.o
        26          0          0          0          0         80   atoi.o
         8          4        133          0          0         68   ctype_o.o
         0          0          0          0          0          0   entry.o
         0          0          0          0          0          0   entry10a.o
         0          0          0          0          0          0   entry11a.o
         8          4          0          0          0          0   entry4.o
         4          0          0          0          0          0   entry5.o
         0          0          0          0          0          0   entry7b.o
         0          0          0          0          0          0   entry8b.o
        20         10          0          4          0        136   errno.o
        30          0          0          0          0          0   handlers.o
        36          8          0          0          0         68   init.o
         0          0          0          0          0          0   iusefp.o
        98          0          0          0          0         84   ldiv.o
        30          0          0          0          0         68   llshl.o
        36          0          0          0          0         68   llsshr.o
        32          0          0          0          0         68   llushr.o
        36          0          0          0          0        108   memseta.o
        28          0          0          0          0         76   strcmp.o
        18          0          0          0          0         68   strcpy.o
        14          0          0          0          0         68   strlen.o
        30          0          0          0          0         80   strncmp.o
       112          0          0          0          0         88   strtol.o
        98          0          0          0          0         92   uldiv.o
        48          0          0          0          0         68   cdcmple.o
        48          0          0          0          0         68   cdrcmple.o
        56          0          0          0          0         88   d2f.o
       334          0          0          0          0        148   dadd.o
       222          0          0          0          0        100   ddiv.o
       186          0          0          0          0        176   depilogue.o
        62          0          0          0          0         80   dfixi.o
        74          0          0          0          0         80   dfixl.o
        34          0          0          0          0         76   dflti.o
        40          0          0          0          0         80   dfltl.o
        26          0          0          0          0         76   dfltui.o
       228          0          0          0          0         96   dmul.o
        46          0          0          0          0         80   dscalb.o
       162          0          0          0          0        100   dsqrt.o
        38          0          0          0          0         68   f2d.o
       110          0          0          0          0        168   fepilogue.o

    ----------------------------------------------------------------------
     13636       1058        280         44        100     112098   Library Totals
        34          4          3          3          0          0   (incl. Padding)

    ----------------------------------------------------------------------

      Code (inc. data)   RO Data    RW Data    ZI Data      Debug   Library Name

      7084        682          0         37        100     107494   RTX_CM4.lib
      3954        346        144          0          0       1672   m_wm.l
       850         26        133          4          0       1380   mc_w.l
      1714          0          0          0          0       1552   mf_w.l

    ----------------------------------------------------------------------
     13636       1058        280         44        100     112098   Library Totals

    ----------------------------------------------------------------------

==============================================================================


      Code (inc. data)   RO Data    RW Data    ZI Data      Debug   

     25628       4350       1976        148      77352    1221197   Grand Totals
     25628       4350       1976        148      77352    1221197   ELF Image Totals
     25628       4350       1976        148          0          0   ROM Totals

==============================================================================

    Total RO  Size (Code + RO Data)                27604 (  26.96kB)
    Total RW  Size (RW Data + ZI Data)             77500 (  75.68kB)
    Total ROM Size (Code + RO Data + RW Data)      27752 (  27.10kB)

==============================================================================

