12:01:06 **** Auto Build of configuration Debug for project lab4_gprof ****
make pre-build main-build 
a9-linaro-pre-build-step
 
Building file: ../src/lab4_gproff.c
Invoking: ARM v7 gcc compiler
arm-none-eabi-gcc -Wall -O0 -g3 -pg -c -fmessage-length=0 -MT"src/lab4_gproff.o" -mcpu=cortex-a9 -mfpu=vfpv3 -mfloat-abi=hard -I../../standalone_bsp_0/ps7_cortexa9_0/include -MMD -MP -MF"src/lab4_gproff.d" -MT"src/lab4_gproff.o" -o "src/lab4_gproff.o" "../src/lab4_gproff.c"
../src/lab4_gproff.c: In function 'main':
../src/lab4_gproff.c:6:6: warning: variable 'B' set but not used [-Wunused-but-set-variable]
  int B[1024];
      ^
Finished building: ../src/lab4_gproff.c
 
Building target: lab4_gprof.elf
Invoking: ARM v7 gcc linker
arm-none-eabi-gcc -mcpu=cortex-a9 -mfpu=vfpv3 -mfloat-abi=hard -Wl,-build-id=none -specs=Xilinx.spec -Wl,-T -Wl,../src/lscript.ld -L../../standalone_bsp_0/ps7_cortexa9_0/lib -o "lab4_gprof.elf"  ./src/lab4_gproff.o   -Wl,--start-group,-lxil,-lgcc,-lc,--end-group
Finished building target: lab4_gprof.elf
 
Invoking: ARM v7 Print Size
arm-none-eabi-size lab4_gprof.elf  |tee "lab4_gprof.elf.size"
   text	   data	    bss	    dec	    hex	filename
  22384	   2748	  22592	  47724	   ba6c	lab4_gprof.elf
Finished building: lab4_gprof.elf.size
 

12:01:06 Build Finished (took 322ms)

