Archive member included because of file (symbol)

c:/altera/13.0sp1/nios2eds/bin/gnu/h-i686-mingw32/bin/../lib/gcc/nios2-elf/4.1.2/mno-hw-mul\libgcc.a(lib2-mul.o)
                              obj/default/hello_world_small.o (__mulsi3)
c:/altera/13.0sp1/nios2eds/bin/gnu/h-i686-mingw32/bin/../lib/gcc/nios2-elf/4.1.2/../../../../nios2-elf/lib/mno-hw-mul\libsmallc.a(lib_a-exit.o)
                              obj/default/hello_world_small.o (exit)
c:/altera/13.0sp1/nios2eds/bin/gnu/h-i686-mingw32/bin/../lib/gcc/nios2-elf/4.1.2/../../../../nios2-elf/lib/mno-hw-mul\libsmallc.a(lib_a-printf.o)
                              obj/default/hello_world_small.o (printf)
c:/altera/13.0sp1/nios2eds/bin/gnu/h-i686-mingw32/bin/../lib/gcc/nios2-elf/4.1.2/../../../../nios2-elf/lib/mno-hw-mul\libsmallc.a(lib_a-puts.o)
                              obj/default/hello_world_small.o (puts)
c:/altera/13.0sp1/nios2eds/bin/gnu/h-i686-mingw32/bin/../lib/gcc/nios2-elf/4.1.2/../../../../nios2-elf/lib/mno-hw-mul\libsmallc.a(lib_a-strlen.o)
                              c:/altera/13.0sp1/nios2eds/bin/gnu/h-i686-mingw32/bin/../lib/gcc/nios2-elf/4.1.2/../../../../nios2-elf/lib/mno-hw-mul\libsmallc.a(lib_a-puts.o) (strlen)
c:/altera/13.0sp1/nios2eds/bin/gnu/h-i686-mingw32/bin/../lib/gcc/nios2-elf/4.1.2/../../../../nios2-elf/lib/mno-hw-mul\libsmallc.a(lib_a-vfprintf.o)
                              c:/altera/13.0sp1/nios2eds/bin/gnu/h-i686-mingw32/bin/../lib/gcc/nios2-elf/4.1.2/../../../../nios2-elf/lib/mno-hw-mul\libsmallc.a(lib_a-printf.o) (___vfprintf_internal_r)
c:/altera/13.0sp1/nios2eds/bin/gnu/h-i686-mingw32/bin/../lib/gcc/nios2-elf/4.1.2/../../../../nios2-elf/lib/mno-hw-mul\libsmallc.a(lib_a-__call_atexit.o)
                              c:/altera/13.0sp1/nios2eds/bin/gnu/h-i686-mingw32/bin/../lib/gcc/nios2-elf/4.1.2/../../../../nios2-elf/lib/mno-hw-mul\libsmallc.a(lib_a-exit.o) (__call_exitprocs)
c:/altera/13.0sp1/nios2eds/bin/gnu/h-i686-mingw32/bin/../lib/gcc/nios2-elf/4.1.2/../../../../nios2-elf/lib/mno-hw-mul\libsmallc.a(lib_a-fvwrite_small_dev.o)
                              c:/altera/13.0sp1/nios2eds/bin/gnu/h-i686-mingw32/bin/../lib/gcc/nios2-elf/4.1.2/../../../../nios2-elf/lib/mno-hw-mul\libsmallc.a(lib_a-printf.o) (__sfvwrite_small_dev)
c:/altera/13.0sp1/nios2eds/bin/gnu/h-i686-mingw32/bin/../lib/gcc/nios2-elf/4.1.2/../../../../nios2-elf/lib/mno-hw-mul\libsmallc.a(lib_a-impure.o)
                              c:/altera/13.0sp1/nios2eds/bin/gnu/h-i686-mingw32/bin/../lib/gcc/nios2-elf/4.1.2/../../../../nios2-elf/lib/mno-hw-mul\libsmallc.a(lib_a-printf.o) (_impure_ptr)
c:/altera/13.0sp1/nios2eds/bin/gnu/h-i686-mingw32/bin/../lib/gcc/nios2-elf/4.1.2/../../../../nios2-elf/lib/mno-hw-mul\libsmallc.a(lib_a-writer.o)
                              c:/altera/13.0sp1/nios2eds/bin/gnu/h-i686-mingw32/bin/../lib/gcc/nios2-elf/4.1.2/../../../../nios2-elf/lib/mno-hw-mul\libsmallc.a(lib_a-fvwrite_small_dev.o) (_write_r)
c:/altera/13.0sp1/nios2eds/bin/gnu/h-i686-mingw32/bin/../lib/gcc/nios2-elf/4.1.2/../../../../nios2-elf/lib/mno-hw-mul\libsmallc.a(lib_a-int_errno.o)
                              c:/altera/13.0sp1/nios2eds/bin/gnu/h-i686-mingw32/bin/../lib/gcc/nios2-elf/4.1.2/../../../../nios2-elf/lib/mno-hw-mul\libsmallc.a(lib_a-writer.o) (errno)
c:/altera/13.0sp1/nios2eds/bin/gnu/h-i686-mingw32/bin/../lib/gcc/nios2-elf/4.1.2/mno-hw-mul\libgcc.a(lib2-divmod.o)
                              c:/altera/13.0sp1/nios2eds/bin/gnu/h-i686-mingw32/bin/../lib/gcc/nios2-elf/4.1.2/../../../../nios2-elf/lib/mno-hw-mul\libsmallc.a(lib_a-vfprintf.o) (__udivsi3)
../dsaf_bsp/\libhal_bsp.a(alt_load.o)
                              ../dsaf_bsp//obj/HAL/src/crt0.o (alt_load)
../dsaf_bsp/\libhal_bsp.a(alt_main.o)
                              ../dsaf_bsp//obj/HAL/src/crt0.o (alt_main)
../dsaf_bsp/\libhal_bsp.a(alt_write.o)
                              c:/altera/13.0sp1/nios2eds/bin/gnu/h-i686-mingw32/bin/../lib/gcc/nios2-elf/4.1.2/../../../../nios2-elf/lib/mno-hw-mul\libsmallc.a(lib_a-writer.o) (write)
../dsaf_bsp/\libhal_bsp.a(alt_sys_init.o)
                              ../dsaf_bsp/\libhal_bsp.a(alt_main.o) (alt_sys_init)
../dsaf_bsp/\libhal_bsp.a(altera_avalon_jtag_uart_write.o)
                              ../dsaf_bsp/\libhal_bsp.a(alt_write.o) (altera_avalon_jtag_uart_write)
../dsaf_bsp/\libhal_bsp.a(altera_avalon_timer_sc.o)
                              ../dsaf_bsp/\libhal_bsp.a(alt_sys_init.o) (alt_avalon_timer_sc_init)
../dsaf_bsp/\libhal_bsp.a(altera_avalon_timer_ts.o)
                              obj/default/hello_world_small.o (alt_timestamp_start)
../dsaf_bsp/\libhal_bsp.a(altera_avalon_timer_vars.o)
                              ../dsaf_bsp/\libhal_bsp.a(alt_sys_init.o) (altera_avalon_timer_ts_base)
../dsaf_bsp/\libhal_bsp.a(alt_dcache_flush_all.o)
                              ../dsaf_bsp/\libhal_bsp.a(alt_load.o) (alt_dcache_flush_all)
../dsaf_bsp/\libhal_bsp.a(alt_errno.o)
                              ../dsaf_bsp/\libhal_bsp.a(alt_write.o) (alt_errno)
../dsaf_bsp/\libhal_bsp.a(alt_icache_flush_all.o)
                              ../dsaf_bsp/\libhal_bsp.a(alt_load.o) (alt_icache_flush_all)
../dsaf_bsp/\libhal_bsp.a(alt_iic.o)
                              ../dsaf_bsp/\libhal_bsp.a(altera_avalon_timer_sc.o) (alt_ic_isr_register)
../dsaf_bsp/\libhal_bsp.a(alt_iic_isr_register.o)
                              ../dsaf_bsp/\libhal_bsp.a(alt_iic.o) (alt_iic_isr_register)
../dsaf_bsp/\libhal_bsp.a(alt_irq_entry.o)
                              ../dsaf_bsp/\libhal_bsp.a(alt_iic_isr_register.o) (alt_irq_entry)
../dsaf_bsp/\libhal_bsp.a(alt_irq_handler.o)
                              ../dsaf_bsp/\libhal_bsp.a(alt_iic_isr_register.o) (alt_irq_handler)
../dsaf_bsp/\libhal_bsp.a(alt_irq_vars.o)
                              ../dsaf_bsp/\libhal_bsp.a(alt_iic.o) (alt_irq_active)
../dsaf_bsp/\libhal_bsp.a(alt_tick.o)
                              ../dsaf_bsp/\libhal_bsp.a(altera_avalon_timer_sc.o) (alt_tick)
../dsaf_bsp/\libhal_bsp.a(altera_nios2_qsys_irq.o)
                              ../dsaf_bsp/\libhal_bsp.a(alt_sys_init.o) (altera_nios2_qsys_irq_init)
../dsaf_bsp/\libhal_bsp.a(alt_exception_entry.o)
                              ../dsaf_bsp/\libhal_bsp.a(alt_irq_entry.o) (alt_exception)
../dsaf_bsp/\libhal_bsp.a(alt_icache_flush.o)
                              ../dsaf_bsp/\libhal_bsp.a(alt_icache_flush_all.o) (alt_icache_flush)

Allocating common symbols
Common symbol       size              file

alt_irq             0x100             ../dsaf_bsp/\libhal_bsp.a(alt_irq_handler.o)
errno               0x4               c:/altera/13.0sp1/nios2eds/bin/gnu/h-i686-mingw32/bin/../lib/gcc/nios2-elf/4.1.2/../../../../nios2-elf/lib/mno-hw-mul\libsmallc.a(lib_a-int_errno.o)

Memory Configuration

Name             Origin             Length             Attributes
reset            0x00008000         0x00000020
onchip_mem       0x00008020         0x00004fe0
*default*        0x00000000         0xffffffff

Linker script and memory map

LOAD ../dsaf_bsp//obj/HAL/src/crt0.o
                0x0000801c                exit = _exit
LOAD obj/default/hello_world_small.o
LOAD c:/altera/13.0sp1/nios2eds/bin/gnu/h-i686-mingw32/bin/../lib/gcc/nios2-elf/4.1.2/../../../../nios2-elf/lib/mno-hw-mul\libstdc++.a
LOAD c:/altera/13.0sp1/nios2eds/bin/gnu/h-i686-mingw32/bin/../lib/gcc/nios2-elf/4.1.2/../../../../nios2-elf/lib/mno-hw-mul\libm.a
LOAD c:/altera/13.0sp1/nios2eds/bin/gnu/h-i686-mingw32/bin/../lib/gcc/nios2-elf/4.1.2/mno-hw-mul\libgcc.a
START GROUP
LOAD c:/altera/13.0sp1/nios2eds/bin/gnu/h-i686-mingw32/bin/../lib/gcc/nios2-elf/4.1.2/../../../../nios2-elf/lib/mno-hw-mul\libsmallc.a
LOAD c:/altera/13.0sp1/nios2eds/bin/gnu/h-i686-mingw32/bin/../lib/gcc/nios2-elf/4.1.2/mno-hw-mul\libgcc.a
LOAD ../dsaf_bsp/\libhal_bsp.a
END GROUP
LOAD c:/altera/13.0sp1/nios2eds/bin/gnu/h-i686-mingw32/bin/../lib/gcc/nios2-elf/4.1.2/mno-hw-mul\libgcc.a
                0x00008000                __alt_mem_onchip_mem = 0x8000

.entry          0x00008000       0x20
 *(.entry)
 .entry         0x00008000       0x20 ../dsaf_bsp//obj/HAL/src/crt0.o
                0x00008000                __reset
                0x0000801c                _exit

.exceptions     0x00008020      0x120
                0x00008020                PROVIDE (__ram_exceptions_start, ABSOLUTE (.))
                0x00008020                . = ALIGN (0x20)
 *(.irq)
 *(.exceptions.entry.label)
 .exceptions.entry.label
                0x00008020        0x0 ../dsaf_bsp/\libhal_bsp.a(alt_irq_entry.o)
                0x00008020                alt_irq_entry
 .exceptions.entry.label
                0x00008020        0x0 ../dsaf_bsp/\libhal_bsp.a(alt_exception_entry.o)
                0x00008020                alt_exception
 *(.exceptions.entry.user)
 *(.exceptions.entry)
 .exceptions.entry
                0x00008020       0x54 ../dsaf_bsp/\libhal_bsp.a(alt_exception_entry.o)
 *(.exceptions.irqtest.user)
 *(.exceptions.irqtest)
 .exceptions.irqtest
                0x00008074       0x10 ../dsaf_bsp/\libhal_bsp.a(alt_irq_entry.o)
 *(.exceptions.irqhandler.user)
 *(.exceptions.irqhandler)
 .exceptions.irqhandler
                0x00008084        0x4 ../dsaf_bsp/\libhal_bsp.a(alt_irq_entry.o)
 *(.exceptions.irqreturn.user)
 *(.exceptions.irqreturn)
 .exceptions.irqreturn
                0x00008088        0x4 ../dsaf_bsp/\libhal_bsp.a(alt_irq_entry.o)
 *(.exceptions.notirq.label)
 .exceptions.notirq.label
                0x0000808c        0x0 ../dsaf_bsp/\libhal_bsp.a(alt_irq_entry.o)
 *(.exceptions.notirq.user)
 *(.exceptions.notirq)
 .exceptions.notirq
                0x0000808c        0x8 ../dsaf_bsp/\libhal_bsp.a(alt_exception_entry.o)
 *(.exceptions.soft.user)
 *(.exceptions.soft)
 *(.exceptions.unknown.user)
 *(.exceptions.unknown)
 .exceptions.unknown
                0x00008094        0x4 ../dsaf_bsp/\libhal_bsp.a(alt_exception_entry.o)
 *(.exceptions.exit.label)
 .exceptions.exit.label
                0x00008098        0x0 ../dsaf_bsp/\libhal_bsp.a(alt_irq_entry.o)
 .exceptions.exit.label
                0x00008098        0x0 ../dsaf_bsp/\libhal_bsp.a(alt_exception_entry.o)
 *(.exceptions.exit.user)
 *(.exceptions.exit)
 .exceptions.exit
                0x00008098       0x54 ../dsaf_bsp/\libhal_bsp.a(alt_exception_entry.o)
 *(.exceptions)
 .exceptions    0x000080ec       0x54 ../dsaf_bsp/\libhal_bsp.a(alt_irq_handler.o)
                0x000080ec                alt_irq_handler
                0x00008140                PROVIDE (__ram_exceptions_end, ABSOLUTE (.))
                0x00008020                PROVIDE (__flash_exceptions_start, LOADADDR (.exceptions))

.text           0x00008140     0x14a4
                0x00008140                PROVIDE (stext, ABSOLUTE (.))
 *(.interp)
 *(.hash)
 *(.dynsym)
 *(.dynstr)
 *(.gnu.version)
 *(.gnu.version_d)
 *(.gnu.version_r)
 *(.rel.init)
 *(.rela.init)
 *(.rel.text .rel.text.* .rel.gnu.linkonce.t.*)
 *(.rela.text .rela.text.* .rela.gnu.linkonce.t.*)
 *(.rel.fini)
 *(.rela.fini)
 *(.rel.rodata .rel.rodata.* .rel.gnu.linkonce.r.*)
 *(.rela.rodata .rela.rodata.* .rela.gnu.linkonce.r.*)
 *(.rel.data .rel.data.* .rel.gnu.linkonce.d.*)
 *(.rela.data .rela.data.* .rela.gnu.linkonce.d.*)
 *(.rel.tdata .rel.tdata.* .rel.gnu.linkonce.td.*)
 *(.rela.tdata .rela.tdata.* .rela.gnu.linkonce.td.*)
 *(.rel.tbss .rel.tbss.* .rel.gnu.linkonce.tb.*)
 *(.rela.tbss .rela.tbss.* .rela.gnu.linkonce.tb.*)
 *(.rel.ctors)
 *(.rela.ctors)
 *(.rel.dtors)
 *(.rela.dtors)
 *(.rel.got)
 *(.rela.got)
 *(.rel.sdata .rel.sdata.* .rel.gnu.linkonce.s.*)
 *(.rela.sdata .rela.sdata.* .rela.gnu.linkonce.s.*)
 *(.rel.sbss .rel.sbss.* .rel.gnu.linkonce.sb.*)
 *(.rela.sbss .rela.sbss.* .rela.gnu.linkonce.sb.*)
 *(.rel.sdata2 .rel.sdata2.* .rel.gnu.linkonce.s2.*)
 *(.rela.sdata2 .rela.sdata2.* .rela.gnu.linkonce.s2.*)
 *(.rel.sbss2 .rel.sbss2.* .rel.gnu.linkonce.sb2.*)
 *(.rela.sbss2 .rela.sbss2.* .rela.gnu.linkonce.sb2.*)
 *(.rel.bss .rel.bss.* .rel.gnu.linkonce.b.*)
 *(.rela.bss .rela.bss.* .rela.gnu.linkonce.b.*)
 *(.rel.plt)
 *(.rela.plt)
 *(.rel.dyn)
 *(.init)
 *(.plt)
 *(.text .stub .text.* .gnu.linkonce.t.*)
 .text          0x00008140       0x3c ../dsaf_bsp//obj/HAL/src/crt0.o
                0x00008140                _start
 .text          0x0000817c      0x1f4 obj/default/hello_world_small.o
                0x0000817c                leading_zero_naive3
                0x000081a8                time_soft
                0x0000823c                time_hardware
                0x000082c8                main
 .text          0x00008370       0x38 c:/altera/13.0sp1/nios2eds/bin/gnu/h-i686-mingw32/bin/../lib/gcc/nios2-elf/4.1.2/mno-hw-mul\libgcc.a(lib2-mul.o)
                0x00008370                __mulsi3
 .text          0x000083a8       0x20 c:/altera/13.0sp1/nios2eds/bin/gnu/h-i686-mingw32/bin/../lib/gcc/nios2-elf/4.1.2/../../../../nios2-elf/lib/mno-hw-mul\libsmallc.a(lib_a-exit.o)
 .text          0x000083c8       0x98 c:/altera/13.0sp1/nios2eds/bin/gnu/h-i686-mingw32/bin/../lib/gcc/nios2-elf/4.1.2/../../../../nios2-elf/lib/mno-hw-mul\libsmallc.a(lib_a-printf.o)
                0x000083c8                printf
                0x0000841c                _printf_r
 .text          0x00008460       0xa4 c:/altera/13.0sp1/nios2eds/bin/gnu/h-i686-mingw32/bin/../lib/gcc/nios2-elf/4.1.2/../../../../nios2-elf/lib/mno-hw-mul\libsmallc.a(lib_a-puts.o)
                0x00008460                _puts_r
                0x000084f0                puts
 .text          0x00008504       0x20 c:/altera/13.0sp1/nios2eds/bin/gnu/h-i686-mingw32/bin/../lib/gcc/nios2-elf/4.1.2/../../../../nios2-elf/lib/mno-hw-mul\libsmallc.a(lib_a-strlen.o)
                0x00008504                strlen
 .text          0x00008524      0x740 c:/altera/13.0sp1/nios2eds/bin/gnu/h-i686-mingw32/bin/../lib/gcc/nios2-elf/4.1.2/../../../../nios2-elf/lib/mno-hw-mul\libsmallc.a(lib_a-vfprintf.o)
                0x000085a4                ___vfprintf_internal_r
                0x00008c40                __vfprintf_internal
 .text          0x00008c64      0x1c0 c:/altera/13.0sp1/nios2eds/bin/gnu/h-i686-mingw32/bin/../lib/gcc/nios2-elf/4.1.2/../../../../nios2-elf/lib/mno-hw-mul\libsmallc.a(lib_a-__call_atexit.o)
                0x00008c68                __call_exitprocs
 .text          0x00008e24       0xbc c:/altera/13.0sp1/nios2eds/bin/gnu/h-i686-mingw32/bin/../lib/gcc/nios2-elf/4.1.2/../../../../nios2-elf/lib/mno-hw-mul\libsmallc.a(lib_a-fvwrite_small_dev.o)
                0x00008e24                __sfvwrite_small_dev
 .text          0x00008ee0        0x0 c:/altera/13.0sp1/nios2eds/bin/gnu/h-i686-mingw32/bin/../lib/gcc/nios2-elf/4.1.2/../../../../nios2-elf/lib/mno-hw-mul\libsmallc.a(lib_a-impure.o)
 .text          0x00008ee0       0x78 c:/altera/13.0sp1/nios2eds/bin/gnu/h-i686-mingw32/bin/../lib/gcc/nios2-elf/4.1.2/../../../../nios2-elf/lib/mno-hw-mul\libsmallc.a(lib_a-writer.o)
                0x00008ee0                _write_r
 .text          0x00008f58        0x0 c:/altera/13.0sp1/nios2eds/bin/gnu/h-i686-mingw32/bin/../lib/gcc/nios2-elf/4.1.2/../../../../nios2-elf/lib/mno-hw-mul\libsmallc.a(lib_a-int_errno.o)
 .text          0x00008f58      0x14c c:/altera/13.0sp1/nios2eds/bin/gnu/h-i686-mingw32/bin/../lib/gcc/nios2-elf/4.1.2/mno-hw-mul\libgcc.a(lib2-divmod.o)
                0x00008fd4                __divsi3
                0x00009034                __modsi3
                0x00009094                __udivsi3
                0x0000909c                __umodsi3
 .text          0x000090a4       0x8c ../dsaf_bsp/\libhal_bsp.a(alt_load.o)
                0x000090c4                alt_load
 .text          0x00009130       0x2c ../dsaf_bsp/\libhal_bsp.a(alt_main.o)
                0x00009130                alt_main
 .text          0x0000915c       0x78 ../dsaf_bsp/\libhal_bsp.a(alt_write.o)
                0x0000915c                write
 .text          0x000091d4       0x74 ../dsaf_bsp/\libhal_bsp.a(alt_sys_init.o)
                0x000091d4                alt_sys_init
                0x00009228                alt_irq_init
 .text          0x00009248       0x34 ../dsaf_bsp/\libhal_bsp.a(altera_avalon_jtag_uart_write.o)
                0x00009248                altera_avalon_jtag_uart_write
 .text          0x0000927c       0x8c ../dsaf_bsp/\libhal_bsp.a(altera_avalon_timer_sc.o)
                0x0000927c                alt_avalon_timer_sc_init
 .text          0x00009308       0xa0 ../dsaf_bsp/\libhal_bsp.a(altera_avalon_timer_ts.o)
                0x00009308                alt_timestamp_freq
                0x00009318                alt_timestamp_start
                0x00009360                alt_timestamp
 .text          0x000093a8        0x0 ../dsaf_bsp/\libhal_bsp.a(altera_avalon_timer_vars.o)
 .text          0x000093a8        0x4 ../dsaf_bsp/\libhal_bsp.a(alt_dcache_flush_all.o)
                0x000093a8                alt_dcache_flush_all
 .text          0x000093ac        0x0 ../dsaf_bsp/\libhal_bsp.a(alt_errno.o)
 .text          0x000093ac        0xc ../dsaf_bsp/\libhal_bsp.a(alt_icache_flush_all.o)
                0x000093ac                alt_icache_flush_all
 .text          0x000093b8       0x9c ../dsaf_bsp/\libhal_bsp.a(alt_iic.o)
                0x000093b8                alt_ic_irq_enabled
                0x000093d0                alt_ic_irq_enable
                0x00009410                alt_ic_irq_disable
                0x00009450                alt_ic_isr_register
 .text          0x00009454       0x6c ../dsaf_bsp/\libhal_bsp.a(alt_iic_isr_register.o)
                0x00009454                alt_iic_isr_register
 .text          0x000094c0        0x0 ../dsaf_bsp/\libhal_bsp.a(alt_irq_entry.o)
 .text          0x000094c0        0x0 ../dsaf_bsp/\libhal_bsp.a(alt_irq_handler.o)
 .text          0x000094c0        0x0 ../dsaf_bsp/\libhal_bsp.a(alt_irq_vars.o)
 .text          0x000094c0       0xe0 ../dsaf_bsp/\libhal_bsp.a(alt_tick.o)
                0x000094c0                alt_alarm_stop
                0x000094f4                alt_tick
 .text          0x000095a0        0x8 ../dsaf_bsp/\libhal_bsp.a(altera_nios2_qsys_irq.o)
                0x000095a0                altera_nios2_qsys_irq_init
 .text          0x000095a8        0x0 ../dsaf_bsp/\libhal_bsp.a(alt_exception_entry.o)
 .text          0x000095a8       0x38 ../dsaf_bsp/\libhal_bsp.a(alt_icache_flush.o)
                0x000095a8                alt_icache_flush
 *(.gnu.warning.*)
 *(.fini)
                0x000095e0                PROVIDE (__etext, ABSOLUTE (.))
                0x000095e0                PROVIDE (_etext, ABSOLUTE (.))
                0x000095e0                PROVIDE (etext, ABSOLUTE (.))
 *(.eh_frame_hdr)
                0x000095e0                . = ALIGN (0x4)
                0x000095e0                PROVIDE (__preinit_array_start, ABSOLUTE (.))
 *(.preinit_array)
                0x000095e0                PROVIDE (__preinit_array_end, ABSOLUTE (.))
                0x000095e0                PROVIDE (__init_array_start, ABSOLUTE (.))
 *(.init_array)
                0x000095e0                PROVIDE (__init_array_end, ABSOLUTE (.))
                0x000095e0                PROVIDE (__fini_array_start, ABSOLUTE (.))
 *(.fini_array)
                0x000095e0                PROVIDE (__fini_array_end, ABSOLUTE (.))
 *(.eh_frame)
 *(.gcc_except_table)
 *(.dynamic)
                0x000095e0                PROVIDE (__CTOR_LIST__, ABSOLUTE (.))
 *(.ctors)
 *(SORT(.ctors.*))
 .ctors.65535   0x000095e0        0x4 c:/altera/13.0sp1/nios2eds/bin/gnu/h-i686-mingw32/bin/../lib/gcc/nios2-elf/4.1.2/../../../../nios2-elf/lib/mno-hw-mul\libsmallc.a(lib_a-__call_atexit.o)
                0x000095e4                PROVIDE (__CTOR_END__, ABSOLUTE (.))
                0x000095e4                PROVIDE (__DTOR_LIST__, ABSOLUTE (.))
 *(.dtors)
 *(SORT(.dtors.*))
                0x000095e4                PROVIDE (__DTOR_END__, ABSOLUTE (.))
 *(.jcr)
                0x000095e4                . = ALIGN (0x4)

.rodata         0x000095e4       0xb0
                0x000095e4                PROVIDE (__ram_rodata_start, ABSOLUTE (.))
                0x000095e4                . = ALIGN (0x4)
 *(.rodata .rodata.* .gnu.linkonce.r.*)
 .rodata.str1.4
                0x000095e4       0xae obj/default/hello_world_small.o
                                 0xb0 (size before relaxing)
 .rodata.str1.4
                0x00000000       0xb0 c:/altera/13.0sp1/nios2eds/bin/gnu/h-i686-mingw32/bin/../lib/gcc/nios2-elf/4.1.2/../../../../nios2-elf/lib/mno-hw-mul\libsmallc.a(lib_a-puts.o)
                                  0x4 (size before relaxing)
 *(.rodata1)
                0x00009694                . = ALIGN (0x4)
 *fill*         0x00009692        0x2 00
                0x00009694                PROVIDE (__ram_rodata_end, ABSOLUTE (.))
                0x000095e4                PROVIDE (__flash_rodata_start, LOADADDR (.rodata))

.rwdata         0x00009694       0xfc load address 0x00009790
                0x00009694                PROVIDE (__ram_rwdata_start, ABSOLUTE (.))
                0x00009694                . = ALIGN (0x4)
 *(.got.plt)
 *(.got)
 *(.data1)
 *(.data .data.* .gnu.linkonce.d.*)
 .data          0x00009694        0x0 ../dsaf_bsp//obj/HAL/src/crt0.o
 .data          0x00009694        0x0 obj/default/hello_world_small.o
 .data          0x00009694        0x0 c:/altera/13.0sp1/nios2eds/bin/gnu/h-i686-mingw32/bin/../lib/gcc/nios2-elf/4.1.2/mno-hw-mul\libgcc.a(lib2-mul.o)
 .data          0x00009694        0x0 c:/altera/13.0sp1/nios2eds/bin/gnu/h-i686-mingw32/bin/../lib/gcc/nios2-elf/4.1.2/../../../../nios2-elf/lib/mno-hw-mul\libsmallc.a(lib_a-exit.o)
 .data          0x00009694        0x0 c:/altera/13.0sp1/nios2eds/bin/gnu/h-i686-mingw32/bin/../lib/gcc/nios2-elf/4.1.2/../../../../nios2-elf/lib/mno-hw-mul\libsmallc.a(lib_a-printf.o)
 .data          0x00009694        0x0 c:/altera/13.0sp1/nios2eds/bin/gnu/h-i686-mingw32/bin/../lib/gcc/nios2-elf/4.1.2/../../../../nios2-elf/lib/mno-hw-mul\libsmallc.a(lib_a-puts.o)
 .data          0x00009694        0x0 c:/altera/13.0sp1/nios2eds/bin/gnu/h-i686-mingw32/bin/../lib/gcc/nios2-elf/4.1.2/../../../../nios2-elf/lib/mno-hw-mul\libsmallc.a(lib_a-strlen.o)
 .data          0x00009694        0x0 c:/altera/13.0sp1/nios2eds/bin/gnu/h-i686-mingw32/bin/../lib/gcc/nios2-elf/4.1.2/../../../../nios2-elf/lib/mno-hw-mul\libsmallc.a(lib_a-vfprintf.o)
 .data          0x00009694        0x0 c:/altera/13.0sp1/nios2eds/bin/gnu/h-i686-mingw32/bin/../lib/gcc/nios2-elf/4.1.2/../../../../nios2-elf/lib/mno-hw-mul\libsmallc.a(lib_a-__call_atexit.o)
 .data          0x00009694        0x0 c:/altera/13.0sp1/nios2eds/bin/gnu/h-i686-mingw32/bin/../lib/gcc/nios2-elf/4.1.2/../../../../nios2-elf/lib/mno-hw-mul\libsmallc.a(lib_a-fvwrite_small_dev.o)
 .data          0x00009694       0xe0 c:/altera/13.0sp1/nios2eds/bin/gnu/h-i686-mingw32/bin/../lib/gcc/nios2-elf/4.1.2/../../../../nios2-elf/lib/mno-hw-mul\libsmallc.a(lib_a-impure.o)
 .data          0x00009774        0x0 c:/altera/13.0sp1/nios2eds/bin/gnu/h-i686-mingw32/bin/../lib/gcc/nios2-elf/4.1.2/../../../../nios2-elf/lib/mno-hw-mul\libsmallc.a(lib_a-writer.o)
 .data          0x00009774        0x0 c:/altera/13.0sp1/nios2eds/bin/gnu/h-i686-mingw32/bin/../lib/gcc/nios2-elf/4.1.2/../../../../nios2-elf/lib/mno-hw-mul\libsmallc.a(lib_a-int_errno.o)
 .data          0x00009774        0x0 c:/altera/13.0sp1/nios2eds/bin/gnu/h-i686-mingw32/bin/../lib/gcc/nios2-elf/4.1.2/mno-hw-mul\libgcc.a(lib2-divmod.o)
 .data          0x00009774        0x0 ../dsaf_bsp/\libhal_bsp.a(alt_load.o)
 .data          0x00009774        0x0 ../dsaf_bsp/\libhal_bsp.a(alt_main.o)
 .data          0x00009774        0x0 ../dsaf_bsp/\libhal_bsp.a(alt_write.o)
 .data          0x00009774        0x0 ../dsaf_bsp/\libhal_bsp.a(alt_sys_init.o)
 .data          0x00009774        0x0 ../dsaf_bsp/\libhal_bsp.a(altera_avalon_jtag_uart_write.o)
 .data          0x00009774        0x0 ../dsaf_bsp/\libhal_bsp.a(altera_avalon_timer_sc.o)
 .data          0x00009774        0x0 ../dsaf_bsp/\libhal_bsp.a(altera_avalon_timer_ts.o)
 .data          0x00009774        0x0 ../dsaf_bsp/\libhal_bsp.a(altera_avalon_timer_vars.o)
 .data          0x00009774        0x0 ../dsaf_bsp/\libhal_bsp.a(alt_dcache_flush_all.o)
 .data          0x00009774        0x0 ../dsaf_bsp/\libhal_bsp.a(alt_errno.o)
 .data          0x00009774        0x0 ../dsaf_bsp/\libhal_bsp.a(alt_icache_flush_all.o)
 .data          0x00009774        0x0 ../dsaf_bsp/\libhal_bsp.a(alt_iic.o)
 .data          0x00009774        0x0 ../dsaf_bsp/\libhal_bsp.a(alt_iic_isr_register.o)
 .data          0x00009774        0x0 ../dsaf_bsp/\libhal_bsp.a(alt_irq_entry.o)
 .data          0x00009774        0x0 ../dsaf_bsp/\libhal_bsp.a(alt_irq_handler.o)
 .data          0x00009774        0x0 ../dsaf_bsp/\libhal_bsp.a(alt_irq_vars.o)
 .data          0x00009774        0x0 ../dsaf_bsp/\libhal_bsp.a(alt_tick.o)
 .data          0x00009774        0x0 ../dsaf_bsp/\libhal_bsp.a(altera_nios2_qsys_irq.o)
 .data          0x00009774        0x0 ../dsaf_bsp/\libhal_bsp.a(alt_exception_entry.o)
 .data          0x00009774        0x0 ../dsaf_bsp/\libhal_bsp.a(alt_icache_flush.o)
                0x00011774                _gp = ABSOLUTE ((. + 0x8000))
                0x00011774                PROVIDE (gp, _gp)
 *(.rwdata .rwdata.*)
 *(.sdata .sdata.* .gnu.linkonce.s.*)
 .sdata         0x00009774        0x8 c:/altera/13.0sp1/nios2eds/bin/gnu/h-i686-mingw32/bin/../lib/gcc/nios2-elf/4.1.2/../../../../nios2-elf/lib/mno-hw-mul\libsmallc.a(lib_a-impure.o)
                0x00009774                _impure_ptr
                0x00009778                _global_impure_ptr
 .sdata         0x0000977c        0x4 ../dsaf_bsp/\libhal_bsp.a(alt_sys_init.o)
                0x0000977c                jtag_uart
 .sdata         0x00009780        0x4 ../dsaf_bsp/\libhal_bsp.a(alt_errno.o)
                0x00009780                alt_errno
 .sdata         0x00009784        0x4 ../dsaf_bsp/\libhal_bsp.a(alt_irq_vars.o)
                0x00009784                alt_priority_mask
 .sdata         0x00009788        0x8 ../dsaf_bsp/\libhal_bsp.a(alt_tick.o)
                0x00009788                alt_alarm_list
 *(.sdata2 .sdata2.* .gnu.linkonce.s2.*)
                0x00009790                . = ALIGN (0x4)
                0x00009790                _edata = ABSOLUTE (.)
                0x00009790                PROVIDE (edata, ABSOLUTE (.))
                0x00009790                PROVIDE (__ram_rwdata_end, ABSOLUTE (.))
                0x00009790                PROVIDE (__flash_rwdata_start, LOADADDR (.rwdata))

.bss            0x0000988c      0x124
                0x0000988c                __bss_start = ABSOLUTE (.)
                0x0000988c                PROVIDE (__sbss_start, ABSOLUTE (.))
                0x0000988c                PROVIDE (___sbss_start, ABSOLUTE (.))
 *(.dynsbss)
 *(.sbss .sbss.* .gnu.linkonce.sb.*)
 .sbss          0x0000988c        0x4 c:/altera/13.0sp1/nios2eds/bin/gnu/h-i686-mingw32/bin/../lib/gcc/nios2-elf/4.1.2/../../../../nios2-elf/lib/mno-hw-mul\libsmallc.a(lib_a-int_errno.o)
                0x0000988c                errno
 .sbss          0x00009890        0xc ../dsaf_bsp/\libhal_bsp.a(alt_main.o)
                0x00009890                alt_argc
                0x00009894                alt_argv
                0x00009898                alt_envp
 .sbss          0x0000989c        0x8 ../dsaf_bsp/\libhal_bsp.a(altera_avalon_timer_vars.o)
                0x0000989c                altera_avalon_timer_ts_base
                0x000098a0                altera_avalon_timer_ts_freq
 .sbss          0x000098a4        0x4 ../dsaf_bsp/\libhal_bsp.a(alt_irq_vars.o)
                0x000098a4                alt_irq_active
 .sbss          0x000098a8        0x8 ../dsaf_bsp/\libhal_bsp.a(alt_tick.o)
                0x000098a8                _alt_tick_rate
                0x000098ac                _alt_nticks
 *(.sbss2 .sbss2.* .gnu.linkonce.sb2.*)
 *(.scommon)
                0x000098b0                PROVIDE (__sbss_end, ABSOLUTE (.))
                0x000098b0                PROVIDE (___sbss_end, ABSOLUTE (.))
 *(.dynbss)
 *(.bss .bss.* .gnu.linkonce.b.*)
 .bss           0x000098b0        0x0 ../dsaf_bsp//obj/HAL/src/crt0.o
 .bss           0x000098b0        0x0 obj/default/hello_world_small.o
 .bss           0x000098b0        0x0 c:/altera/13.0sp1/nios2eds/bin/gnu/h-i686-mingw32/bin/../lib/gcc/nios2-elf/4.1.2/mno-hw-mul\libgcc.a(lib2-mul.o)
 .bss           0x000098b0        0x0 c:/altera/13.0sp1/nios2eds/bin/gnu/h-i686-mingw32/bin/../lib/gcc/nios2-elf/4.1.2/../../../../nios2-elf/lib/mno-hw-mul\libsmallc.a(lib_a-exit.o)
 .bss           0x000098b0        0x0 c:/altera/13.0sp1/nios2eds/bin/gnu/h-i686-mingw32/bin/../lib/gcc/nios2-elf/4.1.2/../../../../nios2-elf/lib/mno-hw-mul\libsmallc.a(lib_a-printf.o)
 .bss           0x000098b0        0x0 c:/altera/13.0sp1/nios2eds/bin/gnu/h-i686-mingw32/bin/../lib/gcc/nios2-elf/4.1.2/../../../../nios2-elf/lib/mno-hw-mul\libsmallc.a(lib_a-puts.o)
 .bss           0x000098b0        0x0 c:/altera/13.0sp1/nios2eds/bin/gnu/h-i686-mingw32/bin/../lib/gcc/nios2-elf/4.1.2/../../../../nios2-elf/lib/mno-hw-mul\libsmallc.a(lib_a-strlen.o)
 .bss           0x000098b0        0x0 c:/altera/13.0sp1/nios2eds/bin/gnu/h-i686-mingw32/bin/../lib/gcc/nios2-elf/4.1.2/../../../../nios2-elf/lib/mno-hw-mul\libsmallc.a(lib_a-vfprintf.o)
 .bss           0x000098b0        0x0 c:/altera/13.0sp1/nios2eds/bin/gnu/h-i686-mingw32/bin/../lib/gcc/nios2-elf/4.1.2/../../../../nios2-elf/lib/mno-hw-mul\libsmallc.a(lib_a-__call_atexit.o)
 .bss           0x000098b0        0x0 c:/altera/13.0sp1/nios2eds/bin/gnu/h-i686-mingw32/bin/../lib/gcc/nios2-elf/4.1.2/../../../../nios2-elf/lib/mno-hw-mul\libsmallc.a(lib_a-fvwrite_small_dev.o)
 .bss           0x000098b0        0x0 c:/altera/13.0sp1/nios2eds/bin/gnu/h-i686-mingw32/bin/../lib/gcc/nios2-elf/4.1.2/../../../../nios2-elf/lib/mno-hw-mul\libsmallc.a(lib_a-impure.o)
 .bss           0x000098b0        0x0 c:/altera/13.0sp1/nios2eds/bin/gnu/h-i686-mingw32/bin/../lib/gcc/nios2-elf/4.1.2/../../../../nios2-elf/lib/mno-hw-mul\libsmallc.a(lib_a-writer.o)
 .bss           0x000098b0        0x0 c:/altera/13.0sp1/nios2eds/bin/gnu/h-i686-mingw32/bin/../lib/gcc/nios2-elf/4.1.2/../../../../nios2-elf/lib/mno-hw-mul\libsmallc.a(lib_a-int_errno.o)
 .bss           0x000098b0        0x0 c:/altera/13.0sp1/nios2eds/bin/gnu/h-i686-mingw32/bin/../lib/gcc/nios2-elf/4.1.2/mno-hw-mul\libgcc.a(lib2-divmod.o)
 .bss           0x000098b0        0x0 ../dsaf_bsp/\libhal_bsp.a(alt_load.o)
 .bss           0x000098b0        0x0 ../dsaf_bsp/\libhal_bsp.a(alt_main.o)
 .bss           0x000098b0        0x0 ../dsaf_bsp/\libhal_bsp.a(alt_write.o)
 .bss           0x000098b0        0x0 ../dsaf_bsp/\libhal_bsp.a(alt_sys_init.o)
 .bss           0x000098b0        0x0 ../dsaf_bsp/\libhal_bsp.a(altera_avalon_jtag_uart_write.o)
 .bss           0x000098b0        0x0 ../dsaf_bsp/\libhal_bsp.a(altera_avalon_timer_sc.o)
 .bss           0x000098b0        0x0 ../dsaf_bsp/\libhal_bsp.a(altera_avalon_timer_ts.o)
 .bss           0x000098b0        0x0 ../dsaf_bsp/\libhal_bsp.a(altera_avalon_timer_vars.o)
 .bss           0x000098b0        0x0 ../dsaf_bsp/\libhal_bsp.a(alt_dcache_flush_all.o)
 .bss           0x000098b0        0x0 ../dsaf_bsp/\libhal_bsp.a(alt_errno.o)
 .bss           0x000098b0        0x0 ../dsaf_bsp/\libhal_bsp.a(alt_icache_flush_all.o)
 .bss           0x000098b0        0x0 ../dsaf_bsp/\libhal_bsp.a(alt_iic.o)
 .bss           0x000098b0        0x0 ../dsaf_bsp/\libhal_bsp.a(alt_iic_isr_register.o)
 .bss           0x000098b0        0x0 ../dsaf_bsp/\libhal_bsp.a(alt_irq_entry.o)
 .bss           0x000098b0        0x0 ../dsaf_bsp/\libhal_bsp.a(alt_irq_handler.o)
 .bss           0x000098b0        0x0 ../dsaf_bsp/\libhal_bsp.a(alt_irq_vars.o)
 .bss           0x000098b0        0x0 ../dsaf_bsp/\libhal_bsp.a(alt_tick.o)
 .bss           0x000098b0        0x0 ../dsaf_bsp/\libhal_bsp.a(altera_nios2_qsys_irq.o)
 .bss           0x000098b0        0x0 ../dsaf_bsp/\libhal_bsp.a(alt_exception_entry.o)
 .bss           0x000098b0        0x0 ../dsaf_bsp/\libhal_bsp.a(alt_icache_flush.o)
 *(COMMON)
 COMMON         0x000098b0      0x100 ../dsaf_bsp/\libhal_bsp.a(alt_irq_handler.o)
                0x000098b0                alt_irq
                0x000099b0                . = ALIGN (0x4)
                0x000099b0                __bss_end = ABSOLUTE (.)

.onchip_mem     0x000099b0        0x0
                0x000099b0                PROVIDE (_alt_partition_onchip_mem_start, ABSOLUTE (.))
 *(.onchip_mem. onchip_mem.*)
                0x000099b0                . = ALIGN (0x4)
                0x000099b0                PROVIDE (_alt_partition_onchip_mem_end, ABSOLUTE (.))
                0x000099b0                _end = ABSOLUTE (.)
                0x000099b0                end = ABSOLUTE (.)
                0x000099b0                __alt_stack_base = ABSOLUTE (.)
                0x000099b0                PROVIDE (_alt_partition_onchip_mem_load_addr, LOADADDR (.onchip_mem))

.stab
 *(.stab)

.stabstr
 *(.stabstr)

.stab.excl
 *(.stab.excl)

.stab.exclstr
 *(.stab.exclstr)

.stab.index
 *(.stab.index)

.stab.indexstr
 *(.stab.indexstr)

.comment        0x00000000       0x26
 *(.comment)
 .comment       0x00000000       0x26 obj/default/hello_world_small.o
                                 0x27 (size before relaxing)
 .comment       0x00000000       0x27 c:/altera/13.0sp1/nios2eds/bin/gnu/h-i686-mingw32/bin/../lib/gcc/nios2-elf/4.1.2/mno-hw-mul\libgcc.a(lib2-mul.o)
 .comment       0x00000000       0x27 c:/altera/13.0sp1/nios2eds/bin/gnu/h-i686-mingw32/bin/../lib/gcc/nios2-elf/4.1.2/../../../../nios2-elf/lib/mno-hw-mul\libsmallc.a(lib_a-exit.o)
 .comment       0x00000000       0x27 c:/altera/13.0sp1/nios2eds/bin/gnu/h-i686-mingw32/bin/../lib/gcc/nios2-elf/4.1.2/../../../../nios2-elf/lib/mno-hw-mul\libsmallc.a(lib_a-printf.o)
 .comment       0x00000000       0x27 c:/altera/13.0sp1/nios2eds/bin/gnu/h-i686-mingw32/bin/../lib/gcc/nios2-elf/4.1.2/../../../../nios2-elf/lib/mno-hw-mul\libsmallc.a(lib_a-puts.o)
 .comment       0x00000000       0x27 c:/altera/13.0sp1/nios2eds/bin/gnu/h-i686-mingw32/bin/../lib/gcc/nios2-elf/4.1.2/../../../../nios2-elf/lib/mno-hw-mul\libsmallc.a(lib_a-strlen.o)
 .comment       0x00000000       0x27 c:/altera/13.0sp1/nios2eds/bin/gnu/h-i686-mingw32/bin/../lib/gcc/nios2-elf/4.1.2/../../../../nios2-elf/lib/mno-hw-mul\libsmallc.a(lib_a-vfprintf.o)
 .comment       0x00000000       0x27 c:/altera/13.0sp1/nios2eds/bin/gnu/h-i686-mingw32/bin/../lib/gcc/nios2-elf/4.1.2/../../../../nios2-elf/lib/mno-hw-mul\libsmallc.a(lib_a-__call_atexit.o)
 .comment       0x00000000       0x27 c:/altera/13.0sp1/nios2eds/bin/gnu/h-i686-mingw32/bin/../lib/gcc/nios2-elf/4.1.2/../../../../nios2-elf/lib/mno-hw-mul\libsmallc.a(lib_a-fvwrite_small_dev.o)
 .comment       0x00000000       0x27 c:/altera/13.0sp1/nios2eds/bin/gnu/h-i686-mingw32/bin/../lib/gcc/nios2-elf/4.1.2/../../../../nios2-elf/lib/mno-hw-mul\libsmallc.a(lib_a-impure.o)
 .comment       0x00000000       0x27 c:/altera/13.0sp1/nios2eds/bin/gnu/h-i686-mingw32/bin/../lib/gcc/nios2-elf/4.1.2/../../../../nios2-elf/lib/mno-hw-mul\libsmallc.a(lib_a-writer.o)
 .comment       0x00000000       0x27 c:/altera/13.0sp1/nios2eds/bin/gnu/h-i686-mingw32/bin/../lib/gcc/nios2-elf/4.1.2/../../../../nios2-elf/lib/mno-hw-mul\libsmallc.a(lib_a-int_errno.o)
 .comment       0x00000000       0x27 c:/altera/13.0sp1/nios2eds/bin/gnu/h-i686-mingw32/bin/../lib/gcc/nios2-elf/4.1.2/mno-hw-mul\libgcc.a(lib2-divmod.o)
 .comment       0x00000000       0x27 ../dsaf_bsp/\libhal_bsp.a(alt_load.o)
 .comment       0x00000000       0x27 ../dsaf_bsp/\libhal_bsp.a(alt_main.o)
 .comment       0x00000000       0x27 ../dsaf_bsp/\libhal_bsp.a(alt_write.o)
 .comment       0x00000000       0x27 ../dsaf_bsp/\libhal_bsp.a(alt_sys_init.o)
 .comment       0x00000000       0x27 ../dsaf_bsp/\libhal_bsp.a(altera_avalon_jtag_uart_write.o)
 .comment       0x00000000       0x27 ../dsaf_bsp/\libhal_bsp.a(altera_avalon_timer_sc.o)
 .comment       0x00000000       0x27 ../dsaf_bsp/\libhal_bsp.a(altera_avalon_timer_ts.o)
 .comment       0x00000000       0x27 ../dsaf_bsp/\libhal_bsp.a(altera_avalon_timer_vars.o)
 .comment       0x00000000       0x27 ../dsaf_bsp/\libhal_bsp.a(alt_dcache_flush_all.o)
 .comment       0x00000000       0x27 ../dsaf_bsp/\libhal_bsp.a(alt_errno.o)
 .comment       0x00000000       0x27 ../dsaf_bsp/\libhal_bsp.a(alt_icache_flush_all.o)
 .comment       0x00000000       0x27 ../dsaf_bsp/\libhal_bsp.a(alt_iic.o)
 .comment       0x00000000       0x27 ../dsaf_bsp/\libhal_bsp.a(alt_iic_isr_register.o)
 .comment       0x00000000       0x27 ../dsaf_bsp/\libhal_bsp.a(alt_irq_handler.o)
 .comment       0x00000000       0x27 ../dsaf_bsp/\libhal_bsp.a(alt_irq_vars.o)
 .comment       0x00000000       0x27 ../dsaf_bsp/\libhal_bsp.a(alt_tick.o)
 .comment       0x00000000       0x27 ../dsaf_bsp/\libhal_bsp.a(altera_nios2_qsys_irq.o)
 .comment       0x00000000       0x27 ../dsaf_bsp/\libhal_bsp.a(alt_icache_flush.o)

.debug
 *(.debug)

.line
 *(.line)

.debug_srcinfo
 *(.debug_srcinfo)

.debug_sfnames
 *(.debug_sfnames)

.debug_aranges  0x00000000      0x3d8
 *(.debug_aranges)
 .debug_aranges
                0x00000000       0x28 ../dsaf_bsp//obj/HAL/src/crt0.o
 .debug_aranges
                0x00000028       0x20 obj/default/hello_world_small.o
 .debug_aranges
                0x00000048       0x20 c:/altera/13.0sp1/nios2eds/bin/gnu/h-i686-mingw32/bin/../lib/gcc/nios2-elf/4.1.2/mno-hw-mul\libgcc.a(lib2-mul.o)
 .debug_aranges
                0x00000068       0x20 c:/altera/13.0sp1/nios2eds/bin/gnu/h-i686-mingw32/bin/../lib/gcc/nios2-elf/4.1.2/../../../../nios2-elf/lib/mno-hw-mul\libsmallc.a(lib_a-exit.o)
 .debug_aranges
                0x00000088       0x20 c:/altera/13.0sp1/nios2eds/bin/gnu/h-i686-mingw32/bin/../lib/gcc/nios2-elf/4.1.2/../../../../nios2-elf/lib/mno-hw-mul\libsmallc.a(lib_a-printf.o)
 .debug_aranges
                0x000000a8       0x20 c:/altera/13.0sp1/nios2eds/bin/gnu/h-i686-mingw32/bin/../lib/gcc/nios2-elf/4.1.2/../../../../nios2-elf/lib/mno-hw-mul\libsmallc.a(lib_a-puts.o)
 .debug_aranges
                0x000000c8       0x20 c:/altera/13.0sp1/nios2eds/bin/gnu/h-i686-mingw32/bin/../lib/gcc/nios2-elf/4.1.2/../../../../nios2-elf/lib/mno-hw-mul\libsmallc.a(lib_a-strlen.o)
 .debug_aranges
                0x000000e8       0x20 c:/altera/13.0sp1/nios2eds/bin/gnu/h-i686-mingw32/bin/../lib/gcc/nios2-elf/4.1.2/../../../../nios2-elf/lib/mno-hw-mul\libsmallc.a(lib_a-vfprintf.o)
 .debug_aranges
                0x00000108       0x20 c:/altera/13.0sp1/nios2eds/bin/gnu/h-i686-mingw32/bin/../lib/gcc/nios2-elf/4.1.2/../../../../nios2-elf/lib/mno-hw-mul\libsmallc.a(lib_a-__call_atexit.o)
 .debug_aranges
                0x00000128       0x20 c:/altera/13.0sp1/nios2eds/bin/gnu/h-i686-mingw32/bin/../lib/gcc/nios2-elf/4.1.2/../../../../nios2-elf/lib/mno-hw-mul\libsmallc.a(lib_a-fvwrite_small_dev.o)
 .debug_aranges
                0x00000148       0x20 c:/altera/13.0sp1/nios2eds/bin/gnu/h-i686-mingw32/bin/../lib/gcc/nios2-elf/4.1.2/../../../../nios2-elf/lib/mno-hw-mul\libsmallc.a(lib_a-writer.o)
 .debug_aranges
                0x00000168       0x20 c:/altera/13.0sp1/nios2eds/bin/gnu/h-i686-mingw32/bin/../lib/gcc/nios2-elf/4.1.2/mno-hw-mul\libgcc.a(lib2-divmod.o)
 .debug_aranges
                0x00000188       0x20 ../dsaf_bsp/\libhal_bsp.a(alt_load.o)
 .debug_aranges
                0x000001a8       0x20 ../dsaf_bsp/\libhal_bsp.a(alt_main.o)
 .debug_aranges
                0x000001c8       0x20 ../dsaf_bsp/\libhal_bsp.a(alt_write.o)
 .debug_aranges
                0x000001e8       0x20 ../dsaf_bsp/\libhal_bsp.a(alt_sys_init.o)
 .debug_aranges
                0x00000208       0x20 ../dsaf_bsp/\libhal_bsp.a(altera_avalon_jtag_uart_write.o)
 .debug_aranges
                0x00000228       0x20 ../dsaf_bsp/\libhal_bsp.a(altera_avalon_timer_sc.o)
 .debug_aranges
                0x00000248       0x20 ../dsaf_bsp/\libhal_bsp.a(altera_avalon_timer_ts.o)
 .debug_aranges
                0x00000268       0x20 ../dsaf_bsp/\libhal_bsp.a(alt_dcache_flush_all.o)
 .debug_aranges
                0x00000288       0x20 ../dsaf_bsp/\libhal_bsp.a(alt_icache_flush_all.o)
 .debug_aranges
                0x000002a8       0x20 ../dsaf_bsp/\libhal_bsp.a(alt_iic.o)
 .debug_aranges
                0x000002c8       0x20 ../dsaf_bsp/\libhal_bsp.a(alt_iic_isr_register.o)
 .debug_aranges
                0x000002e8       0x30 ../dsaf_bsp/\libhal_bsp.a(alt_irq_entry.o)
 .debug_aranges
                0x00000318       0x28 ../dsaf_bsp/\libhal_bsp.a(alt_irq_handler.o)
 .debug_aranges
                0x00000340       0x20 ../dsaf_bsp/\libhal_bsp.a(alt_tick.o)
 .debug_aranges
                0x00000360       0x20 ../dsaf_bsp/\libhal_bsp.a(altera_nios2_qsys_irq.o)
 .debug_aranges
                0x00000380       0x38 ../dsaf_bsp/\libhal_bsp.a(alt_exception_entry.o)
 .debug_aranges
                0x000003b8       0x20 ../dsaf_bsp/\libhal_bsp.a(alt_icache_flush.o)

.debug_pubnames
                0x00000000      0x656
 *(.debug_pubnames)
 .debug_pubnames
                0x00000000       0x53 obj/default/hello_world_small.o
 .debug_pubnames
                0x00000053       0x1f c:/altera/13.0sp1/nios2eds/bin/gnu/h-i686-mingw32/bin/../lib/gcc/nios2-elf/4.1.2/mno-hw-mul\libgcc.a(lib2-mul.o)
 .debug_pubnames
                0x00000072       0x1b c:/altera/13.0sp1/nios2eds/bin/gnu/h-i686-mingw32/bin/../lib/gcc/nios2-elf/4.1.2/../../../../nios2-elf/lib/mno-hw-mul\libsmallc.a(lib_a-exit.o)
 .debug_pubnames
                0x0000008d       0x2b c:/altera/13.0sp1/nios2eds/bin/gnu/h-i686-mingw32/bin/../lib/gcc/nios2-elf/4.1.2/../../../../nios2-elf/lib/mno-hw-mul\libsmallc.a(lib_a-printf.o)
 .debug_pubnames
                0x000000b8       0x27 c:/altera/13.0sp1/nios2eds/bin/gnu/h-i686-mingw32/bin/../lib/gcc/nios2-elf/4.1.2/../../../../nios2-elf/lib/mno-hw-mul\libsmallc.a(lib_a-puts.o)
 .debug_pubnames
                0x000000df       0x1d c:/altera/13.0sp1/nios2eds/bin/gnu/h-i686-mingw32/bin/../lib/gcc/nios2-elf/4.1.2/../../../../nios2-elf/lib/mno-hw-mul\libsmallc.a(lib_a-strlen.o)
 .debug_pubnames
                0x000000fc       0x45 c:/altera/13.0sp1/nios2eds/bin/gnu/h-i686-mingw32/bin/../lib/gcc/nios2-elf/4.1.2/../../../../nios2-elf/lib/mno-hw-mul\libsmallc.a(lib_a-vfprintf.o)
 .debug_pubnames
                0x00000141       0x27 c:/altera/13.0sp1/nios2eds/bin/gnu/h-i686-mingw32/bin/../lib/gcc/nios2-elf/4.1.2/../../../../nios2-elf/lib/mno-hw-mul\libsmallc.a(lib_a-__call_atexit.o)
 .debug_pubnames
                0x00000168       0x2b c:/altera/13.0sp1/nios2eds/bin/gnu/h-i686-mingw32/bin/../lib/gcc/nios2-elf/4.1.2/../../../../nios2-elf/lib/mno-hw-mul\libsmallc.a(lib_a-fvwrite_small_dev.o)
 .debug_pubnames
                0x00000193       0x39 c:/altera/13.0sp1/nios2eds/bin/gnu/h-i686-mingw32/bin/../lib/gcc/nios2-elf/4.1.2/../../../../nios2-elf/lib/mno-hw-mul\libsmallc.a(lib_a-impure.o)
 .debug_pubnames
                0x000001cc       0x1f c:/altera/13.0sp1/nios2eds/bin/gnu/h-i686-mingw32/bin/../lib/gcc/nios2-elf/4.1.2/../../../../nios2-elf/lib/mno-hw-mul\libsmallc.a(lib_a-writer.o)
 .debug_pubnames
                0x000001eb       0x1c c:/altera/13.0sp1/nios2eds/bin/gnu/h-i686-mingw32/bin/../lib/gcc/nios2-elf/4.1.2/../../../../nios2-elf/lib/mno-hw-mul\libsmallc.a(lib_a-int_errno.o)
 .debug_pubnames
                0x00000207       0x48 c:/altera/13.0sp1/nios2eds/bin/gnu/h-i686-mingw32/bin/../lib/gcc/nios2-elf/4.1.2/mno-hw-mul\libgcc.a(lib2-divmod.o)
 .debug_pubnames
                0x0000024f       0x1f ../dsaf_bsp/\libhal_bsp.a(alt_load.o)
 .debug_pubnames
                0x0000026e       0x46 ../dsaf_bsp/\libhal_bsp.a(alt_main.o)
 .debug_pubnames
                0x000002b4       0x1c ../dsaf_bsp/\libhal_bsp.a(alt_write.o)
 .debug_pubnames
                0x000002d0       0x42 ../dsaf_bsp/\libhal_bsp.a(alt_sys_init.o)
 .debug_pubnames
                0x00000312       0x34 ../dsaf_bsp/\libhal_bsp.a(altera_avalon_jtag_uart_write.o)
 .debug_pubnames
                0x00000346       0x2f ../dsaf_bsp/\libhal_bsp.a(altera_avalon_timer_sc.o)
 .debug_pubnames
                0x00000375       0x53 ../dsaf_bsp/\libhal_bsp.a(altera_avalon_timer_ts.o)
 .debug_pubnames
                0x000003c8       0x52 ../dsaf_bsp/\libhal_bsp.a(altera_avalon_timer_vars.o)
 .debug_pubnames
                0x0000041a       0x2b ../dsaf_bsp/\libhal_bsp.a(alt_dcache_flush_all.o)
 .debug_pubnames
                0x00000445       0x20 ../dsaf_bsp/\libhal_bsp.a(alt_errno.o)
 .debug_pubnames
                0x00000465       0x2b ../dsaf_bsp/\libhal_bsp.a(alt_icache_flush_all.o)
 .debug_pubnames
                0x00000490       0x6e ../dsaf_bsp/\libhal_bsp.a(alt_iic.o)
 .debug_pubnames
                0x000004fe       0x2b ../dsaf_bsp/\libhal_bsp.a(alt_iic_isr_register.o)
 .debug_pubnames
                0x00000529       0x32 ../dsaf_bsp/\libhal_bsp.a(alt_irq_handler.o)
 .debug_pubnames
                0x0000055b       0x3b ../dsaf_bsp/\libhal_bsp.a(alt_irq_vars.o)
 .debug_pubnames
                0x00000596       0x68 ../dsaf_bsp/\libhal_bsp.a(alt_tick.o)
 .debug_pubnames
                0x000005fe       0x31 ../dsaf_bsp/\libhal_bsp.a(altera_nios2_qsys_irq.o)
 .debug_pubnames
                0x0000062f       0x27 ../dsaf_bsp/\libhal_bsp.a(alt_icache_flush.o)

.debug_info     0x00000000     0x52a8
 *(.debug_info .gnu.linkonce.wi.*)
 .debug_info    0x00000000       0xa0 ../dsaf_bsp//obj/HAL/src/crt0.o
 .debug_info    0x000000a0      0x20a obj/default/hello_world_small.o
 .debug_info    0x000002aa       0xf3 c:/altera/13.0sp1/nios2eds/bin/gnu/h-i686-mingw32/bin/../lib/gcc/nios2-elf/4.1.2/mno-hw-mul\libgcc.a(lib2-mul.o)
 .debug_info    0x0000039d       0x9f c:/altera/13.0sp1/nios2eds/bin/gnu/h-i686-mingw32/bin/../lib/gcc/nios2-elf/4.1.2/../../../../nios2-elf/lib/mno-hw-mul\libsmallc.a(lib_a-exit.o)
 .debug_info    0x0000043c      0x6c8 c:/altera/13.0sp1/nios2eds/bin/gnu/h-i686-mingw32/bin/../lib/gcc/nios2-elf/4.1.2/../../../../nios2-elf/lib/mno-hw-mul\libsmallc.a(lib_a-printf.o)
 .debug_info    0x00000b04      0x685 c:/altera/13.0sp1/nios2eds/bin/gnu/h-i686-mingw32/bin/../lib/gcc/nios2-elf/4.1.2/../../../../nios2-elf/lib/mno-hw-mul\libsmallc.a(lib_a-puts.o)
 .debug_info    0x00001189       0xc2 c:/altera/13.0sp1/nios2eds/bin/gnu/h-i686-mingw32/bin/../lib/gcc/nios2-elf/4.1.2/../../../../nios2-elf/lib/mno-hw-mul\libsmallc.a(lib_a-strlen.o)
 .debug_info    0x0000124b      0x9b6 c:/altera/13.0sp1/nios2eds/bin/gnu/h-i686-mingw32/bin/../lib/gcc/nios2-elf/4.1.2/../../../../nios2-elf/lib/mno-hw-mul\libsmallc.a(lib_a-vfprintf.o)
 .debug_info    0x00001c01      0x6d5 c:/altera/13.0sp1/nios2eds/bin/gnu/h-i686-mingw32/bin/../lib/gcc/nios2-elf/4.1.2/../../../../nios2-elf/lib/mno-hw-mul\libsmallc.a(lib_a-__call_atexit.o)
 .debug_info    0x000022d6      0x68e c:/altera/13.0sp1/nios2eds/bin/gnu/h-i686-mingw32/bin/../lib/gcc/nios2-elf/4.1.2/../../../../nios2-elf/lib/mno-hw-mul\libsmallc.a(lib_a-fvwrite_small_dev.o)
 .debug_info    0x00002964      0x636 c:/altera/13.0sp1/nios2eds/bin/gnu/h-i686-mingw32/bin/../lib/gcc/nios2-elf/4.1.2/../../../../nios2-elf/lib/mno-hw-mul\libsmallc.a(lib_a-impure.o)
 .debug_info    0x00002f9a      0x68c c:/altera/13.0sp1/nios2eds/bin/gnu/h-i686-mingw32/bin/../lib/gcc/nios2-elf/4.1.2/../../../../nios2-elf/lib/mno-hw-mul\libsmallc.a(lib_a-writer.o)
 .debug_info    0x00003626       0x8c c:/altera/13.0sp1/nios2eds/bin/gnu/h-i686-mingw32/bin/../lib/gcc/nios2-elf/4.1.2/../../../../nios2-elf/lib/mno-hw-mul\libsmallc.a(lib_a-int_errno.o)
 .debug_info    0x000036b2      0x21c c:/altera/13.0sp1/nios2eds/bin/gnu/h-i686-mingw32/bin/../lib/gcc/nios2-elf/4.1.2/mno-hw-mul\libgcc.a(lib2-divmod.o)
 .debug_info    0x000038ce      0x12e ../dsaf_bsp/\libhal_bsp.a(alt_load.o)
 .debug_info    0x000039fc      0x125 ../dsaf_bsp/\libhal_bsp.a(alt_main.o)
 .debug_info    0x00003b21      0x179 ../dsaf_bsp/\libhal_bsp.a(alt_write.o)
 .debug_info    0x00003c9a      0x19b ../dsaf_bsp/\libhal_bsp.a(alt_sys_init.o)
 .debug_info    0x00003e35      0x18f ../dsaf_bsp/\libhal_bsp.a(altera_avalon_jtag_uart_write.o)
 .debug_info    0x00003fc4      0x221 ../dsaf_bsp/\libhal_bsp.a(altera_avalon_timer_sc.o)
 .debug_info    0x000041e5      0x171 ../dsaf_bsp/\libhal_bsp.a(altera_avalon_timer_ts.o)
 .debug_info    0x00004356       0xf2 ../dsaf_bsp/\libhal_bsp.a(altera_avalon_timer_vars.o)
 .debug_info    0x00004448       0x8d ../dsaf_bsp/\libhal_bsp.a(alt_dcache_flush_all.o)
 .debug_info    0x000044d5       0xab ../dsaf_bsp/\libhal_bsp.a(alt_errno.o)
 .debug_info    0x00004580       0x8d ../dsaf_bsp/\libhal_bsp.a(alt_icache_flush_all.o)
 .debug_info    0x0000460d      0x341 ../dsaf_bsp/\libhal_bsp.a(alt_iic.o)
 .debug_info    0x0000494e      0x1f2 ../dsaf_bsp/\libhal_bsp.a(alt_iic_isr_register.o)
 .debug_info    0x00004b40       0xa9 ../dsaf_bsp/\libhal_bsp.a(alt_irq_entry.o)
 .debug_info    0x00004be9      0x17b ../dsaf_bsp/\libhal_bsp.a(alt_irq_handler.o)
 .debug_info    0x00004d64       0x92 ../dsaf_bsp/\libhal_bsp.a(alt_irq_vars.o)
 .debug_info    0x00004df6      0x2a1 ../dsaf_bsp/\libhal_bsp.a(alt_tick.o)
 .debug_info    0x00005097       0x8d ../dsaf_bsp/\libhal_bsp.a(altera_nios2_qsys_irq.o)
 .debug_info    0x00005124       0xaf ../dsaf_bsp/\libhal_bsp.a(alt_exception_entry.o)
 .debug_info    0x000051d3       0xd5 ../dsaf_bsp/\libhal_bsp.a(alt_icache_flush.o)

.debug_abbrev   0x00000000     0x1ce3
 *(.debug_abbrev)
 .debug_abbrev  0x00000000       0x12 ../dsaf_bsp//obj/HAL/src/crt0.o
 .debug_abbrev  0x00000012      0x12f obj/default/hello_world_small.o
 .debug_abbrev  0x00000141       0x7b c:/altera/13.0sp1/nios2eds/bin/gnu/h-i686-mingw32/bin/../lib/gcc/nios2-elf/4.1.2/mno-hw-mul\libgcc.a(lib2-mul.o)
 .debug_abbrev  0x000001bc       0x4e c:/altera/13.0sp1/nios2eds/bin/gnu/h-i686-mingw32/bin/../lib/gcc/nios2-elf/4.1.2/../../../../nios2-elf/lib/mno-hw-mul\libsmallc.a(lib_a-exit.o)
 .debug_abbrev  0x0000020a      0x179 c:/altera/13.0sp1/nios2eds/bin/gnu/h-i686-mingw32/bin/../lib/gcc/nios2-elf/4.1.2/../../../../nios2-elf/lib/mno-hw-mul\libsmallc.a(lib_a-printf.o)
 .debug_abbrev  0x00000383      0x180 c:/altera/13.0sp1/nios2eds/bin/gnu/h-i686-mingw32/bin/../lib/gcc/nios2-elf/4.1.2/../../../../nios2-elf/lib/mno-hw-mul\libsmallc.a(lib_a-puts.o)
 .debug_abbrev  0x00000503       0x7a c:/altera/13.0sp1/nios2eds/bin/gnu/h-i686-mingw32/bin/../lib/gcc/nios2-elf/4.1.2/../../../../nios2-elf/lib/mno-hw-mul\libsmallc.a(lib_a-strlen.o)
 .debug_abbrev  0x0000057d      0x263 c:/altera/13.0sp1/nios2eds/bin/gnu/h-i686-mingw32/bin/../lib/gcc/nios2-elf/4.1.2/../../../../nios2-elf/lib/mno-hw-mul\libsmallc.a(lib_a-vfprintf.o)
 .debug_abbrev  0x000007e0      0x1c6 c:/altera/13.0sp1/nios2eds/bin/gnu/h-i686-mingw32/bin/../lib/gcc/nios2-elf/4.1.2/../../../../nios2-elf/lib/mno-hw-mul\libsmallc.a(lib_a-__call_atexit.o)
 .debug_abbrev  0x000009a6      0x179 c:/altera/13.0sp1/nios2eds/bin/gnu/h-i686-mingw32/bin/../lib/gcc/nios2-elf/4.1.2/../../../../nios2-elf/lib/mno-hw-mul\libsmallc.a(lib_a-fvwrite_small_dev.o)
 .debug_abbrev  0x00000b1f      0x13f c:/altera/13.0sp1/nios2eds/bin/gnu/h-i686-mingw32/bin/../lib/gcc/nios2-elf/4.1.2/../../../../nios2-elf/lib/mno-hw-mul\libsmallc.a(lib_a-impure.o)
 .debug_abbrev  0x00000c5e      0x16c c:/altera/13.0sp1/nios2eds/bin/gnu/h-i686-mingw32/bin/../lib/gcc/nios2-elf/4.1.2/../../../../nios2-elf/lib/mno-hw-mul\libsmallc.a(lib_a-writer.o)
 .debug_abbrev  0x00000dca       0x3b c:/altera/13.0sp1/nios2eds/bin/gnu/h-i686-mingw32/bin/../lib/gcc/nios2-elf/4.1.2/../../../../nios2-elf/lib/mno-hw-mul\libsmallc.a(lib_a-int_errno.o)
 .debug_abbrev  0x00000e05       0xe0 c:/altera/13.0sp1/nios2eds/bin/gnu/h-i686-mingw32/bin/../lib/gcc/nios2-elf/4.1.2/mno-hw-mul\libgcc.a(lib2-divmod.o)
 .debug_abbrev  0x00000ee5       0x97 ../dsaf_bsp/\libhal_bsp.a(alt_load.o)
 .debug_abbrev  0x00000f7c       0xa6 ../dsaf_bsp/\libhal_bsp.a(alt_main.o)
 .debug_abbrev  0x00001022       0xdd ../dsaf_bsp/\libhal_bsp.a(alt_write.o)
 .debug_abbrev  0x000010ff       0xea ../dsaf_bsp/\libhal_bsp.a(alt_sys_init.o)
 .debug_abbrev  0x000011e9       0xf0 ../dsaf_bsp/\libhal_bsp.a(altera_avalon_jtag_uart_write.o)
 .debug_abbrev  0x000012d9      0x158 ../dsaf_bsp/\libhal_bsp.a(altera_avalon_timer_sc.o)
 .debug_abbrev  0x00001431       0xcb ../dsaf_bsp/\libhal_bsp.a(altera_avalon_timer_ts.o)
 .debug_abbrev  0x000014fc       0x87 ../dsaf_bsp/\libhal_bsp.a(altera_avalon_timer_vars.o)
 .debug_abbrev  0x00001583       0x3f ../dsaf_bsp/\libhal_bsp.a(alt_dcache_flush_all.o)
 .debug_abbrev  0x000015c2       0x5e ../dsaf_bsp/\libhal_bsp.a(alt_errno.o)
 .debug_abbrev  0x00001620       0x3f ../dsaf_bsp/\libhal_bsp.a(alt_icache_flush_all.o)
 .debug_abbrev  0x0000165f      0x160 ../dsaf_bsp/\libhal_bsp.a(alt_iic.o)
 .debug_abbrev  0x000017bf      0x17e ../dsaf_bsp/\libhal_bsp.a(alt_iic_isr_register.o)
 .debug_abbrev  0x0000193d       0x12 ../dsaf_bsp/\libhal_bsp.a(alt_irq_entry.o)
 .debug_abbrev  0x0000194f      0x117 ../dsaf_bsp/\libhal_bsp.a(alt_irq_handler.o)
 .debug_abbrev  0x00001a66       0x44 ../dsaf_bsp/\libhal_bsp.a(alt_irq_vars.o)
 .debug_abbrev  0x00001aaa      0x15f ../dsaf_bsp/\libhal_bsp.a(alt_tick.o)
 .debug_abbrev  0x00001c09       0x3f ../dsaf_bsp/\libhal_bsp.a(altera_nios2_qsys_irq.o)
 .debug_abbrev  0x00001c48       0x12 ../dsaf_bsp/\libhal_bsp.a(alt_exception_entry.o)
 .debug_abbrev  0x00001c5a       0x89 ../dsaf_bsp/\libhal_bsp.a(alt_icache_flush.o)

.debug_line     0x00000000     0x4e34
 *(.debug_line)
 .debug_line    0x00000000       0x6c ../dsaf_bsp//obj/HAL/src/crt0.o
 .debug_line    0x0000006c      0x3de obj/default/hello_world_small.o
 .debug_line    0x0000044a      0x11a c:/altera/13.0sp1/nios2eds/bin/gnu/h-i686-mingw32/bin/../lib/gcc/nios2-elf/4.1.2/mno-hw-mul\libgcc.a(lib2-mul.o)
 .debug_line    0x00000564      0x223 c:/altera/13.0sp1/nios2eds/bin/gnu/h-i686-mingw32/bin/../lib/gcc/nios2-elf/4.1.2/../../../../nios2-elf/lib/mno-hw-mul\libsmallc.a(lib_a-exit.o)
 .debug_line    0x00000787      0x2be c:/altera/13.0sp1/nios2eds/bin/gnu/h-i686-mingw32/bin/../lib/gcc/nios2-elf/4.1.2/../../../../nios2-elf/lib/mno-hw-mul\libsmallc.a(lib_a-printf.o)
 .debug_line    0x00000a45      0x2b2 c:/altera/13.0sp1/nios2eds/bin/gnu/h-i686-mingw32/bin/../lib/gcc/nios2-elf/4.1.2/../../../../nios2-elf/lib/mno-hw-mul\libsmallc.a(lib_a-puts.o)
 .debug_line    0x00000cf7      0x250 c:/altera/13.0sp1/nios2eds/bin/gnu/h-i686-mingw32/bin/../lib/gcc/nios2-elf/4.1.2/../../../../nios2-elf/lib/mno-hw-mul\libsmallc.a(lib_a-strlen.o)
 .debug_line    0x00000f47      0x666 c:/altera/13.0sp1/nios2eds/bin/gnu/h-i686-mingw32/bin/../lib/gcc/nios2-elf/4.1.2/../../../../nios2-elf/lib/mno-hw-mul\libsmallc.a(lib_a-vfprintf.o)
 .debug_line    0x000015ad      0x360 c:/altera/13.0sp1/nios2eds/bin/gnu/h-i686-mingw32/bin/../lib/gcc/nios2-elf/4.1.2/../../../../nios2-elf/lib/mno-hw-mul\libsmallc.a(lib_a-__call_atexit.o)
 .debug_line    0x0000190d      0x2a9 c:/altera/13.0sp1/nios2eds/bin/gnu/h-i686-mingw32/bin/../lib/gcc/nios2-elf/4.1.2/../../../../nios2-elf/lib/mno-hw-mul\libsmallc.a(lib_a-fvwrite_small_dev.o)
 .debug_line    0x00001bb6      0x230 c:/altera/13.0sp1/nios2eds/bin/gnu/h-i686-mingw32/bin/../lib/gcc/nios2-elf/4.1.2/../../../../nios2-elf/lib/mno-hw-mul\libsmallc.a(lib_a-impure.o)
 .debug_line    0x00001de6      0x29d c:/altera/13.0sp1/nios2eds/bin/gnu/h-i686-mingw32/bin/../lib/gcc/nios2-elf/4.1.2/../../../../nios2-elf/lib/mno-hw-mul\libsmallc.a(lib_a-writer.o)
 .debug_line    0x00002083      0x1e2 c:/altera/13.0sp1/nios2eds/bin/gnu/h-i686-mingw32/bin/../lib/gcc/nios2-elf/4.1.2/../../../../nios2-elf/lib/mno-hw-mul\libsmallc.a(lib_a-int_errno.o)
 .debug_line    0x00002265      0x24f c:/altera/13.0sp1/nios2eds/bin/gnu/h-i686-mingw32/bin/../lib/gcc/nios2-elf/4.1.2/mno-hw-mul\libgcc.a(lib2-divmod.o)
 .debug_line    0x000024b4      0x217 ../dsaf_bsp/\libhal_bsp.a(alt_load.o)
 .debug_line    0x000026cb      0x2c2 ../dsaf_bsp/\libhal_bsp.a(alt_main.o)
 .debug_line    0x0000298d      0x2ab ../dsaf_bsp/\libhal_bsp.a(alt_write.o)
 .debug_line    0x00002c38      0x2bf ../dsaf_bsp/\libhal_bsp.a(alt_sys_init.o)
 .debug_line    0x00002ef7      0x2f4 ../dsaf_bsp/\libhal_bsp.a(altera_avalon_jtag_uart_write.o)
 .debug_line    0x000031eb      0x2b9 ../dsaf_bsp/\libhal_bsp.a(altera_avalon_timer_sc.o)
 .debug_line    0x000034a4      0x32a ../dsaf_bsp/\libhal_bsp.a(altera_avalon_timer_ts.o)
 .debug_line    0x000037ce      0x242 ../dsaf_bsp/\libhal_bsp.a(altera_avalon_timer_vars.o)
 .debug_line    0x00003a10      0x1b5 ../dsaf_bsp/\libhal_bsp.a(alt_dcache_flush_all.o)
 .debug_line    0x00003bc5      0x1aa ../dsaf_bsp/\libhal_bsp.a(alt_errno.o)
 .debug_line    0x00003d6f      0x1c5 ../dsaf_bsp/\libhal_bsp.a(alt_icache_flush_all.o)
 .debug_line    0x00003f34      0x27f ../dsaf_bsp/\libhal_bsp.a(alt_iic.o)
 .debug_line    0x000041b3      0x239 ../dsaf_bsp/\libhal_bsp.a(alt_iic_isr_register.o)
 .debug_line    0x000043ec       0x6b ../dsaf_bsp/\libhal_bsp.a(alt_irq_entry.o)
 .debug_line    0x00004457      0x21f ../dsaf_bsp/\libhal_bsp.a(alt_irq_handler.o)
 .debug_line    0x00004676       0x72 ../dsaf_bsp/\libhal_bsp.a(alt_irq_vars.o)
 .debug_line    0x000046e8      0x2f2 ../dsaf_bsp/\libhal_bsp.a(alt_tick.o)
 .debug_line    0x000049da      0x1ce ../dsaf_bsp/\libhal_bsp.a(altera_nios2_qsys_irq.o)
 .debug_line    0x00004ba8       0xab ../dsaf_bsp/\libhal_bsp.a(alt_exception_entry.o)
 .debug_line    0x00004c53      0x1e1 ../dsaf_bsp/\libhal_bsp.a(alt_icache_flush.o)

.debug_frame    0x00000000      0x5a4
 *(.debug_frame)
 .debug_frame   0x00000000       0x7c obj/default/hello_world_small.o
 .debug_frame   0x0000007c       0x20 c:/altera/13.0sp1/nios2eds/bin/gnu/h-i686-mingw32/bin/../lib/gcc/nios2-elf/4.1.2/mno-hw-mul\libgcc.a(lib2-mul.o)
 .debug_frame   0x0000009c       0x2c c:/altera/13.0sp1/nios2eds/bin/gnu/h-i686-mingw32/bin/../lib/gcc/nios2-elf/4.1.2/../../../../nios2-elf/lib/mno-hw-mul\libsmallc.a(lib_a-exit.o)
 .debug_frame   0x000000c8       0x40 c:/altera/13.0sp1/nios2eds/bin/gnu/h-i686-mingw32/bin/../lib/gcc/nios2-elf/4.1.2/../../../../nios2-elf/lib/mno-hw-mul\libsmallc.a(lib_a-printf.o)
 .debug_frame   0x00000108       0x3c c:/altera/13.0sp1/nios2eds/bin/gnu/h-i686-mingw32/bin/../lib/gcc/nios2-elf/4.1.2/../../../../nios2-elf/lib/mno-hw-mul\libsmallc.a(lib_a-puts.o)
 .debug_frame   0x00000144       0x20 c:/altera/13.0sp1/nios2eds/bin/gnu/h-i686-mingw32/bin/../lib/gcc/nios2-elf/4.1.2/../../../../nios2-elf/lib/mno-hw-mul\libsmallc.a(lib_a-strlen.o)
 .debug_frame   0x00000164       0x64 c:/altera/13.0sp1/nios2eds/bin/gnu/h-i686-mingw32/bin/../lib/gcc/nios2-elf/4.1.2/../../../../nios2-elf/lib/mno-hw-mul\libsmallc.a(lib_a-vfprintf.o)
 .debug_frame   0x000001c8       0x4c c:/altera/13.0sp1/nios2eds/bin/gnu/h-i686-mingw32/bin/../lib/gcc/nios2-elf/4.1.2/../../../../nios2-elf/lib/mno-hw-mul\libsmallc.a(lib_a-__call_atexit.o)
 .debug_frame   0x00000214       0x30 c:/altera/13.0sp1/nios2eds/bin/gnu/h-i686-mingw32/bin/../lib/gcc/nios2-elf/4.1.2/../../../../nios2-elf/lib/mno-hw-mul\libsmallc.a(lib_a-fvwrite_small_dev.o)
 .debug_frame   0x00000244       0x2c c:/altera/13.0sp1/nios2eds/bin/gnu/h-i686-mingw32/bin/../lib/gcc/nios2-elf/4.1.2/../../../../nios2-elf/lib/mno-hw-mul\libsmallc.a(lib_a-writer.o)
 .debug_frame   0x00000270       0x70 c:/altera/13.0sp1/nios2eds/bin/gnu/h-i686-mingw32/bin/../lib/gcc/nios2-elf/4.1.2/mno-hw-mul\libgcc.a(lib2-divmod.o)
 .debug_frame   0x000002e0       0x38 ../dsaf_bsp/\libhal_bsp.a(alt_load.o)
 .debug_frame   0x00000318       0x28 ../dsaf_bsp/\libhal_bsp.a(alt_main.o)
 .debug_frame   0x00000340       0x28 ../dsaf_bsp/\libhal_bsp.a(alt_write.o)
 .debug_frame   0x00000368       0x40 ../dsaf_bsp/\libhal_bsp.a(alt_sys_init.o)
 .debug_frame   0x000003a8       0x20 ../dsaf_bsp/\libhal_bsp.a(altera_avalon_jtag_uart_write.o)
 .debug_frame   0x000003c8       0x40 ../dsaf_bsp/\libhal_bsp.a(altera_avalon_timer_sc.o)
 .debug_frame   0x00000408       0x40 ../dsaf_bsp/\libhal_bsp.a(altera_avalon_timer_ts.o)
 .debug_frame   0x00000448       0x20 ../dsaf_bsp/\libhal_bsp.a(alt_dcache_flush_all.o)
 .debug_frame   0x00000468       0x20 ../dsaf_bsp/\libhal_bsp.a(alt_icache_flush_all.o)
 .debug_frame   0x00000488       0x50 ../dsaf_bsp/\libhal_bsp.a(alt_iic.o)
 .debug_frame   0x000004d8       0x28 ../dsaf_bsp/\libhal_bsp.a(alt_iic_isr_register.o)
 .debug_frame   0x00000500       0x28 ../dsaf_bsp/\libhal_bsp.a(alt_irq_handler.o)
 .debug_frame   0x00000528       0x3c ../dsaf_bsp/\libhal_bsp.a(alt_tick.o)
 .debug_frame   0x00000564       0x20 ../dsaf_bsp/\libhal_bsp.a(altera_nios2_qsys_irq.o)
 .debug_frame   0x00000584       0x20 ../dsaf_bsp/\libhal_bsp.a(alt_icache_flush.o)

.debug_str      0x00000000     0x132d
 *(.debug_str)
 .debug_str     0x00000000      0x164 obj/default/hello_world_small.o
                                0x1ae (size before relaxing)
 .debug_str     0x00000164       0xcc c:/altera/13.0sp1/nios2eds/bin/gnu/h-i686-mingw32/bin/../lib/gcc/nios2-elf/4.1.2/mno-hw-mul\libgcc.a(lib2-mul.o)
                                0x175 (size before relaxing)
 .debug_str     0x00000230       0xde c:/altera/13.0sp1/nios2eds/bin/gnu/h-i686-mingw32/bin/../lib/gcc/nios2-elf/4.1.2/../../../../nios2-elf/lib/mno-hw-mul\libsmallc.a(lib_a-exit.o)
                                0x178 (size before relaxing)
 .debug_str     0x0000030e      0x39b c:/altera/13.0sp1/nios2eds/bin/gnu/h-i686-mingw32/bin/../lib/gcc/nios2-elf/4.1.2/../../../../nios2-elf/lib/mno-hw-mul\libsmallc.a(lib_a-printf.o)
                                0x466 (size before relaxing)
 .debug_str     0x000006a9       0x48 c:/altera/13.0sp1/nios2eds/bin/gnu/h-i686-mingw32/bin/../lib/gcc/nios2-elf/4.1.2/../../../../nios2-elf/lib/mno-hw-mul\libsmallc.a(lib_a-puts.o)
                                0x450 (size before relaxing)
 .debug_str     0x000006f1       0xe2 c:/altera/13.0sp1/nios2eds/bin/gnu/h-i686-mingw32/bin/../lib/gcc/nios2-elf/4.1.2/../../../../nios2-elf/lib/mno-hw-mul\libsmallc.a(lib_a-strlen.o)
                                0x184 (size before relaxing)
 .debug_str     0x000007d3      0x162 c:/altera/13.0sp1/nios2eds/bin/gnu/h-i686-mingw32/bin/../lib/gcc/nios2-elf/4.1.2/../../../../nios2-elf/lib/mno-hw-mul\libsmallc.a(lib_a-vfprintf.o)
                                0x5af (size before relaxing)
 .debug_str     0x00000935       0x91 c:/altera/13.0sp1/nios2eds/bin/gnu/h-i686-mingw32/bin/../lib/gcc/nios2-elf/4.1.2/../../../../nios2-elf/lib/mno-hw-mul\libsmallc.a(lib_a-__call_atexit.o)
                                0x491 (size before relaxing)
 .debug_str     0x000009c6       0x70 c:/altera/13.0sp1/nios2eds/bin/gnu/h-i686-mingw32/bin/../lib/gcc/nios2-elf/4.1.2/../../../../nios2-elf/lib/mno-hw-mul\libsmallc.a(lib_a-fvwrite_small_dev.o)
                                0x46a (size before relaxing)
 .debug_str     0x00000a36       0xe5 c:/altera/13.0sp1/nios2eds/bin/gnu/h-i686-mingw32/bin/../lib/gcc/nios2-elf/4.1.2/../../../../nios2-elf/lib/mno-hw-mul\libsmallc.a(lib_a-impure.o)
                                0x45d (size before relaxing)
 .debug_str     0x00000b1b       0x4f c:/altera/13.0sp1/nios2eds/bin/gnu/h-i686-mingw32/bin/../lib/gcc/nios2-elf/4.1.2/../../../../nios2-elf/lib/mno-hw-mul\libsmallc.a(lib_a-writer.o)
                                0x451 (size before relaxing)
 .debug_str     0x00000b6a       0x40 c:/altera/13.0sp1/nios2eds/bin/gnu/h-i686-mingw32/bin/../lib/gcc/nios2-elf/4.1.2/../../../../nios2-elf/lib/mno-hw-mul\libsmallc.a(lib_a-int_errno.o)
                                0x177 (size before relaxing)
 .debug_str     0x00000baa       0x76 c:/altera/13.0sp1/nios2eds/bin/gnu/h-i686-mingw32/bin/../lib/gcc/nios2-elf/4.1.2/mno-hw-mul\libgcc.a(lib2-divmod.o)
                                0x1b4 (size before relaxing)
 .debug_str     0x00000c20      0x160 ../dsaf_bsp/\libhal_bsp.a(alt_load.o)
                                0x1f5 (size before relaxing)
 .debug_str     0x00000d80       0x44 ../dsaf_bsp/\libhal_bsp.a(alt_main.o)
                                0x179 (size before relaxing)
 .debug_str     0x00000dc4       0x56 ../dsaf_bsp/\libhal_bsp.a(alt_write.o)
                                0x1a3 (size before relaxing)
 .debug_str     0x00000e1a       0xb8 ../dsaf_bsp/\libhal_bsp.a(alt_sys_init.o)
                                0x224 (size before relaxing)
 .debug_str     0x00000ed2       0x4a ../dsaf_bsp/\libhal_bsp.a(altera_avalon_jtag_uart_write.o)
                                0x1f1 (size before relaxing)
 .debug_str     0x00000f1c       0xb6 ../dsaf_bsp/\libhal_bsp.a(altera_avalon_timer_sc.o)
                                0x227 (size before relaxing)
 .debug_str     0x00000fd2       0x66 ../dsaf_bsp/\libhal_bsp.a(altera_avalon_timer_ts.o)
                                0x1e0 (size before relaxing)
 .debug_str     0x00001038       0x27 ../dsaf_bsp/\libhal_bsp.a(altera_avalon_timer_vars.o)
                                0x19c (size before relaxing)
 .debug_str     0x0000105f       0x34 ../dsaf_bsp/\libhal_bsp.a(alt_dcache_flush_all.o)
                                0x138 (size before relaxing)
 .debug_str     0x00001093       0x14 ../dsaf_bsp/\libhal_bsp.a(alt_errno.o)
                                0x128 (size before relaxing)
 .debug_str     0x000010a7       0x34 ../dsaf_bsp/\libhal_bsp.a(alt_icache_flush_all.o)
                                0x138 (size before relaxing)
 .debug_str     0x000010db       0xc4 ../dsaf_bsp/\libhal_bsp.a(alt_iic.o)
                                0x221 (size before relaxing)
 .debug_str     0x0000119f       0x4c ../dsaf_bsp/\libhal_bsp.a(alt_iic_isr_register.o)
                                0x1cb (size before relaxing)
 .debug_str     0x000011eb       0x3a ../dsaf_bsp/\libhal_bsp.a(alt_irq_handler.o)
                                0x17a (size before relaxing)
 .debug_str     0x00001225       0x17 ../dsaf_bsp/\libhal_bsp.a(alt_irq_vars.o)
                                0x132 (size before relaxing)
 .debug_str     0x0000123c       0x8a ../dsaf_bsp/\libhal_bsp.a(alt_tick.o)
                                0x235 (size before relaxing)
 .debug_str     0x000012c6       0x3b ../dsaf_bsp/\libhal_bsp.a(altera_nios2_qsys_irq.o)
                                0x13f (size before relaxing)
 .debug_str     0x00001301       0x2c ../dsaf_bsp/\libhal_bsp.a(alt_icache_flush.o)
                                0x13e (size before relaxing)

.debug_loc      0x00000000     0x1522
 *(.debug_loc)
 .debug_loc     0x00000000       0xd5 obj/default/hello_world_small.o
 .debug_loc     0x000000d5       0x4f c:/altera/13.0sp1/nios2eds/bin/gnu/h-i686-mingw32/bin/../lib/gcc/nios2-elf/4.1.2/mno-hw-mul\libgcc.a(lib2-mul.o)
 .debug_loc     0x00000124       0x3d c:/altera/13.0sp1/nios2eds/bin/gnu/h-i686-mingw32/bin/../lib/gcc/nios2-elf/4.1.2/../../../../nios2-elf/lib/mno-hw-mul\libsmallc.a(lib_a-exit.o)
 .debug_loc     0x00000161       0x8d c:/altera/13.0sp1/nios2eds/bin/gnu/h-i686-mingw32/bin/../lib/gcc/nios2-elf/4.1.2/../../../../nios2-elf/lib/mno-hw-mul\libsmallc.a(lib_a-printf.o)
 .debug_loc     0x000001ee       0xa2 c:/altera/13.0sp1/nios2eds/bin/gnu/h-i686-mingw32/bin/../lib/gcc/nios2-elf/4.1.2/../../../../nios2-elf/lib/mno-hw-mul\libsmallc.a(lib_a-puts.o)
 .debug_loc     0x00000290       0x1e c:/altera/13.0sp1/nios2eds/bin/gnu/h-i686-mingw32/bin/../lib/gcc/nios2-elf/4.1.2/../../../../nios2-elf/lib/mno-hw-mul\libsmallc.a(lib_a-strlen.o)
 .debug_loc     0x000002ae      0x878 c:/altera/13.0sp1/nios2eds/bin/gnu/h-i686-mingw32/bin/../lib/gcc/nios2-elf/4.1.2/../../../../nios2-elf/lib/mno-hw-mul\libsmallc.a(lib_a-vfprintf.o)
 .debug_loc     0x00000b26      0x1c1 c:/altera/13.0sp1/nios2eds/bin/gnu/h-i686-mingw32/bin/../lib/gcc/nios2-elf/4.1.2/../../../../nios2-elf/lib/mno-hw-mul\libsmallc.a(lib_a-__call_atexit.o)
 .debug_loc     0x00000ce7      0x162 c:/altera/13.0sp1/nios2eds/bin/gnu/h-i686-mingw32/bin/../lib/gcc/nios2-elf/4.1.2/../../../../nios2-elf/lib/mno-hw-mul\libsmallc.a(lib_a-fvwrite_small_dev.o)
 .debug_loc     0x00000e49       0x97 c:/altera/13.0sp1/nios2eds/bin/gnu/h-i686-mingw32/bin/../lib/gcc/nios2-elf/4.1.2/../../../../nios2-elf/lib/mno-hw-mul\libsmallc.a(lib_a-writer.o)
 .debug_loc     0x00000ee0      0x1d2 c:/altera/13.0sp1/nios2eds/bin/gnu/h-i686-mingw32/bin/../lib/gcc/nios2-elf/4.1.2/mno-hw-mul\libgcc.a(lib2-divmod.o)
 .debug_loc     0x000010b2       0x1f ../dsaf_bsp/\libhal_bsp.a(alt_load.o)
 .debug_loc     0x000010d1       0x1f ../dsaf_bsp/\libhal_bsp.a(alt_main.o)
 .debug_loc     0x000010f0       0x9a ../dsaf_bsp/\libhal_bsp.a(alt_write.o)
 .debug_loc     0x0000118a       0x51 ../dsaf_bsp/\libhal_bsp.a(alt_sys_init.o)
 .debug_loc     0x000011db       0x26 ../dsaf_bsp/\libhal_bsp.a(altera_avalon_jtag_uart_write.o)
 .debug_loc     0x00001201       0xdc ../dsaf_bsp/\libhal_bsp.a(altera_avalon_timer_sc.o)
 .debug_loc     0x000012dd       0x72 ../dsaf_bsp/\libhal_bsp.a(alt_iic.o)
 .debug_loc     0x0000134f       0xf4 ../dsaf_bsp/\libhal_bsp.a(alt_iic_isr_register.o)
 .debug_loc     0x00001443       0x5b ../dsaf_bsp/\libhal_bsp.a(alt_irq_handler.o)
 .debug_loc     0x0000149e       0x71 ../dsaf_bsp/\libhal_bsp.a(alt_tick.o)
 .debug_loc     0x0000150f       0x13 ../dsaf_bsp/\libhal_bsp.a(alt_icache_flush.o)

.debug_macinfo
 *(.debug_macinfo)

.debug_weaknames
 *(.debug_weaknames)

.debug_funcnames
 *(.debug_funcnames)

.debug_typenames
 *(.debug_typenames)

.debug_varnames
 *(.debug_varnames)

.debug_alt_sim_info
                0x00000000       0x20
 *(.debug_alt_sim_info)
 .debug_alt_sim_info
                0x00000000       0x20 ../dsaf_bsp//obj/HAL/src/crt0.o
                0x0000d000                __alt_data_end = 0xd000
                0x0000d000                PROVIDE (__alt_stack_pointer, __alt_data_end)
                0x000099b0                PROVIDE (__alt_stack_limit, __alt_stack_base)
                0x000099b0                PROVIDE (__alt_heap_start, end)
                0x0000d000                PROVIDE (__alt_heap_limit, 0xd000)
OUTPUT(dsaf.elf elf32-littlenios2)

.debug_ranges   0x00000000      0x200
 .debug_ranges  0x00000000       0x20 ../dsaf_bsp//obj/HAL/src/crt0.o
 .debug_ranges  0x00000020      0x140 c:/altera/13.0sp1/nios2eds/bin/gnu/h-i686-mingw32/bin/../lib/gcc/nios2-elf/4.1.2/../../../../nios2-elf/lib/mno-hw-mul\libsmallc.a(lib_a-vfprintf.o)
 .debug_ranges  0x00000160       0x18 c:/altera/13.0sp1/nios2eds/bin/gnu/h-i686-mingw32/bin/../lib/gcc/nios2-elf/4.1.2/../../../../nios2-elf/lib/mno-hw-mul\libsmallc.a(lib_a-__call_atexit.o)
 .debug_ranges  0x00000178       0x18 ../dsaf_bsp/\libhal_bsp.a(altera_avalon_timer_sc.o)
 .debug_ranges  0x00000190       0x28 ../dsaf_bsp/\libhal_bsp.a(alt_irq_entry.o)
 .debug_ranges  0x000001b8       0x18 ../dsaf_bsp/\libhal_bsp.a(alt_irq_handler.o)
 .debug_ranges  0x000001d0       0x30 ../dsaf_bsp/\libhal_bsp.a(alt_exception_entry.o)
