Archive member included because of file (symbol)

c:/altera/13.0sp1/nios2eds/bin/gnu/h-i686-mingw32/bin/../lib/gcc/nios2-elf/4.1.2/../../../../nios2-elf/lib/mno-hw-mul\libsmallc.a(lib_a-exit.o)
                              obj/default/hello_world_small.o (exit)
c:/altera/13.0sp1/nios2eds/bin/gnu/h-i686-mingw32/bin/../lib/gcc/nios2-elf/4.1.2/../../../../nios2-elf/lib/mno-hw-mul\libsmallc.a(lib_a-printf.o)
                              obj/default/hello_world_small.o (printf)
c:/altera/13.0sp1/nios2eds/bin/gnu/h-i686-mingw32/bin/../lib/gcc/nios2-elf/4.1.2/../../../../nios2-elf/lib/mno-hw-mul\libsmallc.a(lib_a-puts.o)
                              obj/default/hello_world_small.o (puts)
c:/altera/13.0sp1/nios2eds/bin/gnu/h-i686-mingw32/bin/../lib/gcc/nios2-elf/4.1.2/../../../../nios2-elf/lib/mno-hw-mul\libsmallc.a(lib_a-strlen.o)
                              c:/altera/13.0sp1/nios2eds/bin/gnu/h-i686-mingw32/bin/../lib/gcc/nios2-elf/4.1.2/../../../../nios2-elf/lib/mno-hw-mul\libsmallc.a(lib_a-puts.o) (strlen)
c:/altera/13.0sp1/nios2eds/bin/gnu/h-i686-mingw32/bin/../lib/gcc/nios2-elf/4.1.2/../../../../nios2-elf/lib/mno-hw-mul\libsmallc.a(lib_a-vfprintf.o)
                              c:/altera/13.0sp1/nios2eds/bin/gnu/h-i686-mingw32/bin/../lib/gcc/nios2-elf/4.1.2/../../../../nios2-elf/lib/mno-hw-mul\libsmallc.a(lib_a-printf.o) (___vfprintf_internal_r)
c:/altera/13.0sp1/nios2eds/bin/gnu/h-i686-mingw32/bin/../lib/gcc/nios2-elf/4.1.2/../../../../nios2-elf/lib/mno-hw-mul\libsmallc.a(lib_a-__call_atexit.o)
                              c:/altera/13.0sp1/nios2eds/bin/gnu/h-i686-mingw32/bin/../lib/gcc/nios2-elf/4.1.2/../../../../nios2-elf/lib/mno-hw-mul\libsmallc.a(lib_a-exit.o) (__call_exitprocs)
c:/altera/13.0sp1/nios2eds/bin/gnu/h-i686-mingw32/bin/../lib/gcc/nios2-elf/4.1.2/../../../../nios2-elf/lib/mno-hw-mul\libsmallc.a(lib_a-fvwrite_small_dev.o)
                              c:/altera/13.0sp1/nios2eds/bin/gnu/h-i686-mingw32/bin/../lib/gcc/nios2-elf/4.1.2/../../../../nios2-elf/lib/mno-hw-mul\libsmallc.a(lib_a-printf.o) (__sfvwrite_small_dev)
c:/altera/13.0sp1/nios2eds/bin/gnu/h-i686-mingw32/bin/../lib/gcc/nios2-elf/4.1.2/../../../../nios2-elf/lib/mno-hw-mul\libsmallc.a(lib_a-impure.o)
                              c:/altera/13.0sp1/nios2eds/bin/gnu/h-i686-mingw32/bin/../lib/gcc/nios2-elf/4.1.2/../../../../nios2-elf/lib/mno-hw-mul\libsmallc.a(lib_a-printf.o) (_impure_ptr)
c:/altera/13.0sp1/nios2eds/bin/gnu/h-i686-mingw32/bin/../lib/gcc/nios2-elf/4.1.2/../../../../nios2-elf/lib/mno-hw-mul\libsmallc.a(lib_a-writer.o)
                              c:/altera/13.0sp1/nios2eds/bin/gnu/h-i686-mingw32/bin/../lib/gcc/nios2-elf/4.1.2/../../../../nios2-elf/lib/mno-hw-mul\libsmallc.a(lib_a-fvwrite_small_dev.o) (_write_r)
c:/altera/13.0sp1/nios2eds/bin/gnu/h-i686-mingw32/bin/../lib/gcc/nios2-elf/4.1.2/../../../../nios2-elf/lib/mno-hw-mul\libsmallc.a(lib_a-int_errno.o)
                              c:/altera/13.0sp1/nios2eds/bin/gnu/h-i686-mingw32/bin/../lib/gcc/nios2-elf/4.1.2/../../../../nios2-elf/lib/mno-hw-mul\libsmallc.a(lib_a-writer.o) (errno)
c:/altera/13.0sp1/nios2eds/bin/gnu/h-i686-mingw32/bin/../lib/gcc/nios2-elf/4.1.2/mno-hw-mul\libgcc.a(lib2-divmod.o)
                              c:/altera/13.0sp1/nios2eds/bin/gnu/h-i686-mingw32/bin/../lib/gcc/nios2-elf/4.1.2/../../../../nios2-elf/lib/mno-hw-mul\libsmallc.a(lib_a-vfprintf.o) (__udivsi3)
c:/altera/13.0sp1/nios2eds/bin/gnu/h-i686-mingw32/bin/../lib/gcc/nios2-elf/4.1.2/mno-hw-mul\libgcc.a(lib2-mul.o)
                              c:/altera/13.0sp1/nios2eds/bin/gnu/h-i686-mingw32/bin/../lib/gcc/nios2-elf/4.1.2/../../../../nios2-elf/lib/mno-hw-mul\libsmallc.a(lib_a-vfprintf.o) (__mulsi3)
../dsaf_bsp/\libhal_bsp.a(alt_load.o)
                              ../dsaf_bsp//obj/HAL/src/crt0.o (alt_load)
../dsaf_bsp/\libhal_bsp.a(alt_main.o)
                              ../dsaf_bsp//obj/HAL/src/crt0.o (alt_main)
../dsaf_bsp/\libhal_bsp.a(alt_write.o)
                              c:/altera/13.0sp1/nios2eds/bin/gnu/h-i686-mingw32/bin/../lib/gcc/nios2-elf/4.1.2/../../../../nios2-elf/lib/mno-hw-mul\libsmallc.a(lib_a-writer.o) (write)
../dsaf_bsp/\libhal_bsp.a(alt_sys_init.o)
                              ../dsaf_bsp/\libhal_bsp.a(alt_main.o) (alt_sys_init)
../dsaf_bsp/\libhal_bsp.a(altera_avalon_jtag_uart_write.o)
                              ../dsaf_bsp/\libhal_bsp.a(alt_write.o) (altera_avalon_jtag_uart_write)
../dsaf_bsp/\libhal_bsp.a(altera_avalon_timer_sc.o)
                              ../dsaf_bsp/\libhal_bsp.a(alt_sys_init.o) (alt_avalon_timer_sc_init)
../dsaf_bsp/\libhal_bsp.a(alt_dcache_flush_all.o)
                              ../dsaf_bsp/\libhal_bsp.a(alt_load.o) (alt_dcache_flush_all)
../dsaf_bsp/\libhal_bsp.a(alt_errno.o)
                              ../dsaf_bsp/\libhal_bsp.a(alt_write.o) (alt_errno)
../dsaf_bsp/\libhal_bsp.a(alt_icache_flush_all.o)
                              ../dsaf_bsp/\libhal_bsp.a(alt_load.o) (alt_icache_flush_all)
../dsaf_bsp/\libhal_bsp.a(alt_iic.o)
                              ../dsaf_bsp/\libhal_bsp.a(altera_avalon_timer_sc.o) (alt_ic_isr_register)
../dsaf_bsp/\libhal_bsp.a(alt_iic_isr_register.o)
                              ../dsaf_bsp/\libhal_bsp.a(alt_iic.o) (alt_iic_isr_register)
../dsaf_bsp/\libhal_bsp.a(alt_irq_entry.o)
                              ../dsaf_bsp/\libhal_bsp.a(alt_iic_isr_register.o) (alt_irq_entry)
../dsaf_bsp/\libhal_bsp.a(alt_irq_handler.o)
                              ../dsaf_bsp/\libhal_bsp.a(alt_iic_isr_register.o) (alt_irq_handler)
../dsaf_bsp/\libhal_bsp.a(alt_irq_vars.o)
                              ../dsaf_bsp/\libhal_bsp.a(alt_iic.o) (alt_irq_active)
../dsaf_bsp/\libhal_bsp.a(alt_tick.o)
                              ../dsaf_bsp/\libhal_bsp.a(altera_avalon_timer_sc.o) (alt_tick)
../dsaf_bsp/\libhal_bsp.a(altera_nios2_qsys_irq.o)
                              ../dsaf_bsp/\libhal_bsp.a(alt_sys_init.o) (altera_nios2_qsys_irq_init)
../dsaf_bsp/\libhal_bsp.a(alt_exception_entry.o)
                              ../dsaf_bsp/\libhal_bsp.a(alt_irq_entry.o) (alt_exception)
../dsaf_bsp/\libhal_bsp.a(alt_icache_flush.o)
                              ../dsaf_bsp/\libhal_bsp.a(alt_icache_flush_all.o) (alt_icache_flush)

Allocating common symbols
Common symbol       size              file

alt_irq             0x100             ../dsaf_bsp/\libhal_bsp.a(alt_irq_handler.o)
errno               0x4               c:/altera/13.0sp1/nios2eds/bin/gnu/h-i686-mingw32/bin/../lib/gcc/nios2-elf/4.1.2/../../../../nios2-elf/lib/mno-hw-mul\libsmallc.a(lib_a-int_errno.o)

Memory Configuration

Name             Origin             Length             Attributes
reset            0x00008000         0x00000020
onchip_mem       0x00008020         0x00004fe0
*default*        0x00000000         0xffffffff

Linker script and memory map

LOAD ../dsaf_bsp//obj/HAL/src/crt0.o
                0x0000801c                exit = _exit
LOAD obj/default/hello_world_small.o
LOAD c:/altera/13.0sp1/nios2eds/bin/gnu/h-i686-mingw32/bin/../lib/gcc/nios2-elf/4.1.2/../../../../nios2-elf/lib/mno-hw-mul\libstdc++.a
LOAD c:/altera/13.0sp1/nios2eds/bin/gnu/h-i686-mingw32/bin/../lib/gcc/nios2-elf/4.1.2/../../../../nios2-elf/lib/mno-hw-mul\libm.a
LOAD c:/altera/13.0sp1/nios2eds/bin/gnu/h-i686-mingw32/bin/../lib/gcc/nios2-elf/4.1.2/mno-hw-mul\libgcc.a
START GROUP
LOAD c:/altera/13.0sp1/nios2eds/bin/gnu/h-i686-mingw32/bin/../lib/gcc/nios2-elf/4.1.2/../../../../nios2-elf/lib/mno-hw-mul\libsmallc.a
LOAD c:/altera/13.0sp1/nios2eds/bin/gnu/h-i686-mingw32/bin/../lib/gcc/nios2-elf/4.1.2/mno-hw-mul\libgcc.a
LOAD ../dsaf_bsp/\libhal_bsp.a
END GROUP
LOAD c:/altera/13.0sp1/nios2eds/bin/gnu/h-i686-mingw32/bin/../lib/gcc/nios2-elf/4.1.2/mno-hw-mul\libgcc.a
                0x00008000                __alt_mem_onchip_mem = 0x8000

.entry          0x00008000       0x20
 *(.entry)
 .entry         0x00008000       0x20 ../dsaf_bsp//obj/HAL/src/crt0.o
                0x00008000                __reset
                0x0000801c                _exit

.exceptions     0x00008020      0x120
                0x00008020                PROVIDE (__ram_exceptions_start, ABSOLUTE (.))
                0x00008020                . = ALIGN (0x20)
 *(.irq)
 *(.exceptions.entry.label)
 .exceptions.entry.label
                0x00008020        0x0 ../dsaf_bsp/\libhal_bsp.a(alt_irq_entry.o)
                0x00008020                alt_irq_entry
 .exceptions.entry.label
                0x00008020        0x0 ../dsaf_bsp/\libhal_bsp.a(alt_exception_entry.o)
                0x00008020                alt_exception
 *(.exceptions.entry.user)
 *(.exceptions.entry)
 .exceptions.entry
                0x00008020       0x54 ../dsaf_bsp/\libhal_bsp.a(alt_exception_entry.o)
 *(.exceptions.irqtest.user)
 *(.exceptions.irqtest)
 .exceptions.irqtest
                0x00008074       0x10 ../dsaf_bsp/\libhal_bsp.a(alt_irq_entry.o)
 *(.exceptions.irqhandler.user)
 *(.exceptions.irqhandler)
 .exceptions.irqhandler
                0x00008084        0x4 ../dsaf_bsp/\libhal_bsp.a(alt_irq_entry.o)
 *(.exceptions.irqreturn.user)
 *(.exceptions.irqreturn)
 .exceptions.irqreturn
                0x00008088        0x4 ../dsaf_bsp/\libhal_bsp.a(alt_irq_entry.o)
 *(.exceptions.notirq.label)
 .exceptions.notirq.label
                0x0000808c        0x0 ../dsaf_bsp/\libhal_bsp.a(alt_irq_entry.o)
 *(.exceptions.notirq.user)
 *(.exceptions.notirq)
 .exceptions.notirq
                0x0000808c        0x8 ../dsaf_bsp/\libhal_bsp.a(alt_exception_entry.o)
 *(.exceptions.soft.user)
 *(.exceptions.soft)
 *(.exceptions.unknown.user)
 *(.exceptions.unknown)
 .exceptions.unknown
                0x00008094        0x4 ../dsaf_bsp/\libhal_bsp.a(alt_exception_entry.o)
 *(.exceptions.exit.label)
 .exceptions.exit.label
                0x00008098        0x0 ../dsaf_bsp/\libhal_bsp.a(alt_irq_entry.o)
 .exceptions.exit.label
                0x00008098        0x0 ../dsaf_bsp/\libhal_bsp.a(alt_exception_entry.o)
 *(.exceptions.exit.user)
 *(.exceptions.exit)
 .exceptions.exit
                0x00008098       0x54 ../dsaf_bsp/\libhal_bsp.a(alt_exception_entry.o)
 *(.exceptions)
 .exceptions    0x000080ec       0x54 ../dsaf_bsp/\libhal_bsp.a(alt_irq_handler.o)
                0x000080ec                alt_irq_handler
                0x00008140                PROVIDE (__ram_exceptions_end, ABSOLUTE (.))
                0x00008020                PROVIDE (__flash_exceptions_start, LOADADDR (.exceptions))

.text           0x00008140     0x1244
                0x00008140                PROVIDE (stext, ABSOLUTE (.))
 *(.interp)
 *(.hash)
 *(.dynsym)
 *(.dynstr)
 *(.gnu.version)
 *(.gnu.version_d)
 *(.gnu.version_r)
 *(.rel.init)
 *(.rela.init)
 *(.rel.text .rel.text.* .rel.gnu.linkonce.t.*)
 *(.rela.text .rela.text.* .rela.gnu.linkonce.t.*)
 *(.rel.fini)
 *(.rela.fini)
 *(.rel.rodata .rel.rodata.* .rel.gnu.linkonce.r.*)
 *(.rela.rodata .rela.rodata.* .rela.gnu.linkonce.r.*)
 *(.rel.data .rel.data.* .rel.gnu.linkonce.d.*)
 *(.rela.data .rela.data.* .rela.gnu.linkonce.d.*)
 *(.rel.tdata .rel.tdata.* .rel.gnu.linkonce.td.*)
 *(.rela.tdata .rela.tdata.* .rela.gnu.linkonce.td.*)
 *(.rel.tbss .rel.tbss.* .rel.gnu.linkonce.tb.*)
 *(.rela.tbss .rela.tbss.* .rela.gnu.linkonce.tb.*)
 *(.rel.ctors)
 *(.rela.ctors)
 *(.rel.dtors)
 *(.rela.dtors)
 *(.rel.got)
 *(.rela.got)
 *(.rel.sdata .rel.sdata.* .rel.gnu.linkonce.s.*)
 *(.rela.sdata .rela.sdata.* .rela.gnu.linkonce.s.*)
 *(.rel.sbss .rel.sbss.* .rel.gnu.linkonce.sb.*)
 *(.rela.sbss .rela.sbss.* .rela.gnu.linkonce.sb.*)
 *(.rel.sdata2 .rel.sdata2.* .rel.gnu.linkonce.s2.*)
 *(.rela.sdata2 .rela.sdata2.* .rela.gnu.linkonce.s2.*)
 *(.rel.sbss2 .rel.sbss2.* .rel.gnu.linkonce.sb2.*)
 *(.rela.sbss2 .rela.sbss2.* .rela.gnu.linkonce.sb2.*)
 *(.rel.bss .rel.bss.* .rel.gnu.linkonce.b.*)
 *(.rela.bss .rela.bss.* .rela.gnu.linkonce.b.*)
 *(.rel.plt)
 *(.rela.plt)
 *(.rel.dyn)
 *(.init)
 *(.plt)
 *(.text .stub .text.* .gnu.linkonce.t.*)
 .text          0x00008140       0x3c ../dsaf_bsp//obj/HAL/src/crt0.o
                0x00008140                _start
 .text          0x0000817c       0x70 obj/default/hello_world_small.o
                0x0000817c                leading_zero_naive3
                0x000081a0                main
 .text          0x000081ec       0x20 c:/altera/13.0sp1/nios2eds/bin/gnu/h-i686-mingw32/bin/../lib/gcc/nios2-elf/4.1.2/../../../../nios2-elf/lib/mno-hw-mul\libsmallc.a(lib_a-exit.o)
 .text          0x0000820c       0x98 c:/altera/13.0sp1/nios2eds/bin/gnu/h-i686-mingw32/bin/../lib/gcc/nios2-elf/4.1.2/../../../../nios2-elf/lib/mno-hw-mul\libsmallc.a(lib_a-printf.o)
                0x0000820c                printf
                0x00008260                _printf_r
 .text          0x000082a4       0xa4 c:/altera/13.0sp1/nios2eds/bin/gnu/h-i686-mingw32/bin/../lib/gcc/nios2-elf/4.1.2/../../../../nios2-elf/lib/mno-hw-mul\libsmallc.a(lib_a-puts.o)
                0x000082a4                _puts_r
                0x00008334                puts
 .text          0x00008348       0x20 c:/altera/13.0sp1/nios2eds/bin/gnu/h-i686-mingw32/bin/../lib/gcc/nios2-elf/4.1.2/../../../../nios2-elf/lib/mno-hw-mul\libsmallc.a(lib_a-strlen.o)
                0x00008348                strlen
 .text          0x00008368      0x740 c:/altera/13.0sp1/nios2eds/bin/gnu/h-i686-mingw32/bin/../lib/gcc/nios2-elf/4.1.2/../../../../nios2-elf/lib/mno-hw-mul\libsmallc.a(lib_a-vfprintf.o)
                0x000083e8                ___vfprintf_internal_r
                0x00008a84                __vfprintf_internal
 .text          0x00008aa8      0x1c0 c:/altera/13.0sp1/nios2eds/bin/gnu/h-i686-mingw32/bin/../lib/gcc/nios2-elf/4.1.2/../../../../nios2-elf/lib/mno-hw-mul\libsmallc.a(lib_a-__call_atexit.o)
                0x00008aac                __call_exitprocs
 .text          0x00008c68       0xbc c:/altera/13.0sp1/nios2eds/bin/gnu/h-i686-mingw32/bin/../lib/gcc/nios2-elf/4.1.2/../../../../nios2-elf/lib/mno-hw-mul\libsmallc.a(lib_a-fvwrite_small_dev.o)
                0x00008c68                __sfvwrite_small_dev
 .text          0x00008d24        0x0 c:/altera/13.0sp1/nios2eds/bin/gnu/h-i686-mingw32/bin/../lib/gcc/nios2-elf/4.1.2/../../../../nios2-elf/lib/mno-hw-mul\libsmallc.a(lib_a-impure.o)
 .text          0x00008d24       0x78 c:/altera/13.0sp1/nios2eds/bin/gnu/h-i686-mingw32/bin/../lib/gcc/nios2-elf/4.1.2/../../../../nios2-elf/lib/mno-hw-mul\libsmallc.a(lib_a-writer.o)
                0x00008d24                _write_r
 .text          0x00008d9c        0x0 c:/altera/13.0sp1/nios2eds/bin/gnu/h-i686-mingw32/bin/../lib/gcc/nios2-elf/4.1.2/../../../../nios2-elf/lib/mno-hw-mul\libsmallc.a(lib_a-int_errno.o)
 .text          0x00008d9c      0x14c c:/altera/13.0sp1/nios2eds/bin/gnu/h-i686-mingw32/bin/../lib/gcc/nios2-elf/4.1.2/mno-hw-mul\libgcc.a(lib2-divmod.o)
                0x00008e18                __divsi3
                0x00008e78                __modsi3
                0x00008ed8                __udivsi3
                0x00008ee0                __umodsi3
 .text          0x00008ee8       0x38 c:/altera/13.0sp1/nios2eds/bin/gnu/h-i686-mingw32/bin/../lib/gcc/nios2-elf/4.1.2/mno-hw-mul\libgcc.a(lib2-mul.o)
                0x00008ee8                __mulsi3
 .text          0x00008f20       0x8c ../dsaf_bsp/\libhal_bsp.a(alt_load.o)
                0x00008f40                alt_load
 .text          0x00008fac       0x2c ../dsaf_bsp/\libhal_bsp.a(alt_main.o)
                0x00008fac                alt_main
 .text          0x00008fd8       0x78 ../dsaf_bsp/\libhal_bsp.a(alt_write.o)
                0x00008fd8                write
 .text          0x00009050       0x38 ../dsaf_bsp/\libhal_bsp.a(alt_sys_init.o)
                0x00009050                alt_sys_init
                0x00009068                alt_irq_init
 .text          0x00009088       0x34 ../dsaf_bsp/\libhal_bsp.a(altera_avalon_jtag_uart_write.o)
                0x00009088                altera_avalon_jtag_uart_write
 .text          0x000090bc       0x8c ../dsaf_bsp/\libhal_bsp.a(altera_avalon_timer_sc.o)
                0x000090bc                alt_avalon_timer_sc_init
 .text          0x00009148        0x4 ../dsaf_bsp/\libhal_bsp.a(alt_dcache_flush_all.o)
                0x00009148                alt_dcache_flush_all
 .text          0x0000914c        0x0 ../dsaf_bsp/\libhal_bsp.a(alt_errno.o)
 .text          0x0000914c        0xc ../dsaf_bsp/\libhal_bsp.a(alt_icache_flush_all.o)
                0x0000914c                alt_icache_flush_all
 .text          0x00009158       0x9c ../dsaf_bsp/\libhal_bsp.a(alt_iic.o)
                0x00009158                alt_ic_irq_enabled
                0x00009170                alt_ic_irq_enable
                0x000091b0                alt_ic_irq_disable
                0x000091f0                alt_ic_isr_register
 .text          0x000091f4       0x6c ../dsaf_bsp/\libhal_bsp.a(alt_iic_isr_register.o)
                0x000091f4                alt_iic_isr_register
 .text          0x00009260        0x0 ../dsaf_bsp/\libhal_bsp.a(alt_irq_entry.o)
 .text          0x00009260        0x0 ../dsaf_bsp/\libhal_bsp.a(alt_irq_handler.o)
 .text          0x00009260        0x0 ../dsaf_bsp/\libhal_bsp.a(alt_irq_vars.o)
 .text          0x00009260       0xe0 ../dsaf_bsp/\libhal_bsp.a(alt_tick.o)
                0x00009260                alt_alarm_stop
                0x00009294                alt_tick
 .text          0x00009340        0x8 ../dsaf_bsp/\libhal_bsp.a(altera_nios2_qsys_irq.o)
                0x00009340                altera_nios2_qsys_irq_init
 .text          0x00009348        0x0 ../dsaf_bsp/\libhal_bsp.a(alt_exception_entry.o)
 .text          0x00009348       0x38 ../dsaf_bsp/\libhal_bsp.a(alt_icache_flush.o)
                0x00009348                alt_icache_flush
 *(.gnu.warning.*)
 *(.fini)
                0x00009380                PROVIDE (__etext, ABSOLUTE (.))
                0x00009380                PROVIDE (_etext, ABSOLUTE (.))
                0x00009380                PROVIDE (etext, ABSOLUTE (.))
 *(.eh_frame_hdr)
                0x00009380                . = ALIGN (0x4)
                0x00009380                PROVIDE (__preinit_array_start, ABSOLUTE (.))
 *(.preinit_array)
                0x00009380                PROVIDE (__preinit_array_end, ABSOLUTE (.))
                0x00009380                PROVIDE (__init_array_start, ABSOLUTE (.))
 *(.init_array)
                0x00009380                PROVIDE (__init_array_end, ABSOLUTE (.))
                0x00009380                PROVIDE (__fini_array_start, ABSOLUTE (.))
 *(.fini_array)
                0x00009380                PROVIDE (__fini_array_end, ABSOLUTE (.))
 *(.eh_frame)
 *(.gcc_except_table)
 *(.dynamic)
                0x00009380                PROVIDE (__CTOR_LIST__, ABSOLUTE (.))
 *(.ctors)
 *(SORT(.ctors.*))
 .ctors.65535   0x00009380        0x4 c:/altera/13.0sp1/nios2eds/bin/gnu/h-i686-mingw32/bin/../lib/gcc/nios2-elf/4.1.2/../../../../nios2-elf/lib/mno-hw-mul\libsmallc.a(lib_a-__call_atexit.o)
                0x00009384                PROVIDE (__CTOR_END__, ABSOLUTE (.))
                0x00009384                PROVIDE (__DTOR_LIST__, ABSOLUTE (.))
 *(.dtors)
 *(SORT(.dtors.*))
                0x00009384                PROVIDE (__DTOR_END__, ABSOLUTE (.))
 *(.jcr)
                0x00009384                . = ALIGN (0x4)

.rodata         0x00009384       0x50
                0x00009384                PROVIDE (__ram_rodata_start, ABSOLUTE (.))
                0x00009384                . = ALIGN (0x4)
 *(.rodata .rodata.* .gnu.linkonce.r.*)
 .rodata.str1.4
                0x00009384       0x4a obj/default/hello_world_small.o
                                 0x4c (size before relaxing)
 *fill*         0x000093ce        0x2 00
 .rodata.str1.4
                0x000093d0        0x4 c:/altera/13.0sp1/nios2eds/bin/gnu/h-i686-mingw32/bin/../lib/gcc/nios2-elf/4.1.2/../../../../nios2-elf/lib/mno-hw-mul\libsmallc.a(lib_a-puts.o)
 *(.rodata1)
                0x000093d4                . = ALIGN (0x4)
                0x000093d4                PROVIDE (__ram_rodata_end, ABSOLUTE (.))
                0x00009384                PROVIDE (__flash_rodata_start, LOADADDR (.rodata))

.rwdata         0x000093d4       0xfc load address 0x000094d0
                0x000093d4                PROVIDE (__ram_rwdata_start, ABSOLUTE (.))
                0x000093d4                . = ALIGN (0x4)
 *(.got.plt)
 *(.got)
 *(.data1)
 *(.data .data.* .gnu.linkonce.d.*)
 .data          0x000093d4        0x0 ../dsaf_bsp//obj/HAL/src/crt0.o
 .data          0x000093d4        0x0 obj/default/hello_world_small.o
 .data          0x000093d4        0x0 c:/altera/13.0sp1/nios2eds/bin/gnu/h-i686-mingw32/bin/../lib/gcc/nios2-elf/4.1.2/../../../../nios2-elf/lib/mno-hw-mul\libsmallc.a(lib_a-exit.o)
 .data          0x000093d4        0x0 c:/altera/13.0sp1/nios2eds/bin/gnu/h-i686-mingw32/bin/../lib/gcc/nios2-elf/4.1.2/../../../../nios2-elf/lib/mno-hw-mul\libsmallc.a(lib_a-printf.o)
 .data          0x000093d4        0x0 c:/altera/13.0sp1/nios2eds/bin/gnu/h-i686-mingw32/bin/../lib/gcc/nios2-elf/4.1.2/../../../../nios2-elf/lib/mno-hw-mul\libsmallc.a(lib_a-puts.o)
 .data          0x000093d4        0x0 c:/altera/13.0sp1/nios2eds/bin/gnu/h-i686-mingw32/bin/../lib/gcc/nios2-elf/4.1.2/../../../../nios2-elf/lib/mno-hw-mul\libsmallc.a(lib_a-strlen.o)
 .data          0x000093d4        0x0 c:/altera/13.0sp1/nios2eds/bin/gnu/h-i686-mingw32/bin/../lib/gcc/nios2-elf/4.1.2/../../../../nios2-elf/lib/mno-hw-mul\libsmallc.a(lib_a-vfprintf.o)
 .data          0x000093d4        0x0 c:/altera/13.0sp1/nios2eds/bin/gnu/h-i686-mingw32/bin/../lib/gcc/nios2-elf/4.1.2/../../../../nios2-elf/lib/mno-hw-mul\libsmallc.a(lib_a-__call_atexit.o)
 .data          0x000093d4        0x0 c:/altera/13.0sp1/nios2eds/bin/gnu/h-i686-mingw32/bin/../lib/gcc/nios2-elf/4.1.2/../../../../nios2-elf/lib/mno-hw-mul\libsmallc.a(lib_a-fvwrite_small_dev.o)
 .data          0x000093d4       0xe0 c:/altera/13.0sp1/nios2eds/bin/gnu/h-i686-mingw32/bin/../lib/gcc/nios2-elf/4.1.2/../../../../nios2-elf/lib/mno-hw-mul\libsmallc.a(lib_a-impure.o)
 .data          0x000094b4        0x0 c:/altera/13.0sp1/nios2eds/bin/gnu/h-i686-mingw32/bin/../lib/gcc/nios2-elf/4.1.2/../../../../nios2-elf/lib/mno-hw-mul\libsmallc.a(lib_a-writer.o)
 .data          0x000094b4        0x0 c:/altera/13.0sp1/nios2eds/bin/gnu/h-i686-mingw32/bin/../lib/gcc/nios2-elf/4.1.2/../../../../nios2-elf/lib/mno-hw-mul\libsmallc.a(lib_a-int_errno.o)
 .data          0x000094b4        0x0 c:/altera/13.0sp1/nios2eds/bin/gnu/h-i686-mingw32/bin/../lib/gcc/nios2-elf/4.1.2/mno-hw-mul\libgcc.a(lib2-divmod.o)
 .data          0x000094b4        0x0 c:/altera/13.0sp1/nios2eds/bin/gnu/h-i686-mingw32/bin/../lib/gcc/nios2-elf/4.1.2/mno-hw-mul\libgcc.a(lib2-mul.o)
 .data          0x000094b4        0x0 ../dsaf_bsp/\libhal_bsp.a(alt_load.o)
 .data          0x000094b4        0x0 ../dsaf_bsp/\libhal_bsp.a(alt_main.o)
 .data          0x000094b4        0x0 ../dsaf_bsp/\libhal_bsp.a(alt_write.o)
 .data          0x000094b4        0x0 ../dsaf_bsp/\libhal_bsp.a(alt_sys_init.o)
 .data          0x000094b4        0x0 ../dsaf_bsp/\libhal_bsp.a(altera_avalon_jtag_uart_write.o)
 .data          0x000094b4        0x0 ../dsaf_bsp/\libhal_bsp.a(altera_avalon_timer_sc.o)
 .data          0x000094b4        0x0 ../dsaf_bsp/\libhal_bsp.a(alt_dcache_flush_all.o)
 .data          0x000094b4        0x0 ../dsaf_bsp/\libhal_bsp.a(alt_errno.o)
 .data          0x000094b4        0x0 ../dsaf_bsp/\libhal_bsp.a(alt_icache_flush_all.o)
 .data          0x000094b4        0x0 ../dsaf_bsp/\libhal_bsp.a(alt_iic.o)
 .data          0x000094b4        0x0 ../dsaf_bsp/\libhal_bsp.a(alt_iic_isr_register.o)
 .data          0x000094b4        0x0 ../dsaf_bsp/\libhal_bsp.a(alt_irq_entry.o)
 .data          0x000094b4        0x0 ../dsaf_bsp/\libhal_bsp.a(alt_irq_handler.o)
 .data          0x000094b4        0x0 ../dsaf_bsp/\libhal_bsp.a(alt_irq_vars.o)
 .data          0x000094b4        0x0 ../dsaf_bsp/\libhal_bsp.a(alt_tick.o)
 .data          0x000094b4        0x0 ../dsaf_bsp/\libhal_bsp.a(altera_nios2_qsys_irq.o)
 .data          0x000094b4        0x0 ../dsaf_bsp/\libhal_bsp.a(alt_exception_entry.o)
 .data          0x000094b4        0x0 ../dsaf_bsp/\libhal_bsp.a(alt_icache_flush.o)
                0x000114b4                _gp = ABSOLUTE ((. + 0x8000))
                0x000114b4                PROVIDE (gp, _gp)
 *(.rwdata .rwdata.*)
 *(.sdata .sdata.* .gnu.linkonce.s.*)
 .sdata         0x000094b4        0x8 c:/altera/13.0sp1/nios2eds/bin/gnu/h-i686-mingw32/bin/../lib/gcc/nios2-elf/4.1.2/../../../../nios2-elf/lib/mno-hw-mul\libsmallc.a(lib_a-impure.o)
                0x000094b4                _impure_ptr
                0x000094b8                _global_impure_ptr
 .sdata         0x000094bc        0x4 ../dsaf_bsp/\libhal_bsp.a(alt_sys_init.o)
                0x000094bc                jtag_uart
 .sdata         0x000094c0        0x4 ../dsaf_bsp/\libhal_bsp.a(alt_errno.o)
                0x000094c0                alt_errno
 .sdata         0x000094c4        0x4 ../dsaf_bsp/\libhal_bsp.a(alt_irq_vars.o)
                0x000094c4                alt_priority_mask
 .sdata         0x000094c8        0x8 ../dsaf_bsp/\libhal_bsp.a(alt_tick.o)
                0x000094c8                alt_alarm_list
 *(.sdata2 .sdata2.* .gnu.linkonce.s2.*)
                0x000094d0                . = ALIGN (0x4)
                0x000094d0                _edata = ABSOLUTE (.)
                0x000094d0                PROVIDE (edata, ABSOLUTE (.))
                0x000094d0                PROVIDE (__ram_rwdata_end, ABSOLUTE (.))
                0x000094d0                PROVIDE (__flash_rwdata_start, LOADADDR (.rwdata))

.bss            0x000095cc      0x11c
                0x000095cc                __bss_start = ABSOLUTE (.)
                0x000095cc                PROVIDE (__sbss_start, ABSOLUTE (.))
                0x000095cc                PROVIDE (___sbss_start, ABSOLUTE (.))
 *(.dynsbss)
 *(.sbss .sbss.* .gnu.linkonce.sb.*)
 .sbss          0x000095cc        0x4 c:/altera/13.0sp1/nios2eds/bin/gnu/h-i686-mingw32/bin/../lib/gcc/nios2-elf/4.1.2/../../../../nios2-elf/lib/mno-hw-mul\libsmallc.a(lib_a-int_errno.o)
                0x000095cc                errno
 .sbss          0x000095d0        0xc ../dsaf_bsp/\libhal_bsp.a(alt_main.o)
                0x000095d0                alt_argc
                0x000095d4                alt_argv
                0x000095d8                alt_envp
 .sbss          0x000095dc        0x4 ../dsaf_bsp/\libhal_bsp.a(alt_irq_vars.o)
                0x000095dc                alt_irq_active
 .sbss          0x000095e0        0x8 ../dsaf_bsp/\libhal_bsp.a(alt_tick.o)
                0x000095e0                _alt_tick_rate
                0x000095e4                _alt_nticks
 *(.sbss2 .sbss2.* .gnu.linkonce.sb2.*)
 *(.scommon)
                0x000095e8                PROVIDE (__sbss_end, ABSOLUTE (.))
                0x000095e8                PROVIDE (___sbss_end, ABSOLUTE (.))
 *(.dynbss)
 *(.bss .bss.* .gnu.linkonce.b.*)
 .bss           0x000095e8        0x0 ../dsaf_bsp//obj/HAL/src/crt0.o
 .bss           0x000095e8        0x0 obj/default/hello_world_small.o
 .bss           0x000095e8        0x0 c:/altera/13.0sp1/nios2eds/bin/gnu/h-i686-mingw32/bin/../lib/gcc/nios2-elf/4.1.2/../../../../nios2-elf/lib/mno-hw-mul\libsmallc.a(lib_a-exit.o)
 .bss           0x000095e8        0x0 c:/altera/13.0sp1/nios2eds/bin/gnu/h-i686-mingw32/bin/../lib/gcc/nios2-elf/4.1.2/../../../../nios2-elf/lib/mno-hw-mul\libsmallc.a(lib_a-printf.o)
 .bss           0x000095e8        0x0 c:/altera/13.0sp1/nios2eds/bin/gnu/h-i686-mingw32/bin/../lib/gcc/nios2-elf/4.1.2/../../../../nios2-elf/lib/mno-hw-mul\libsmallc.a(lib_a-puts.o)
 .bss           0x000095e8        0x0 c:/altera/13.0sp1/nios2eds/bin/gnu/h-i686-mingw32/bin/../lib/gcc/nios2-elf/4.1.2/../../../../nios2-elf/lib/mno-hw-mul\libsmallc.a(lib_a-strlen.o)
 .bss           0x000095e8        0x0 c:/altera/13.0sp1/nios2eds/bin/gnu/h-i686-mingw32/bin/../lib/gcc/nios2-elf/4.1.2/../../../../nios2-elf/lib/mno-hw-mul\libsmallc.a(lib_a-vfprintf.o)
 .bss           0x000095e8        0x0 c:/altera/13.0sp1/nios2eds/bin/gnu/h-i686-mingw32/bin/../lib/gcc/nios2-elf/4.1.2/../../../../nios2-elf/lib/mno-hw-mul\libsmallc.a(lib_a-__call_atexit.o)
 .bss           0x000095e8        0x0 c:/altera/13.0sp1/nios2eds/bin/gnu/h-i686-mingw32/bin/../lib/gcc/nios2-elf/4.1.2/../../../../nios2-elf/lib/mno-hw-mul\libsmallc.a(lib_a-fvwrite_small_dev.o)
 .bss           0x000095e8        0x0 c:/altera/13.0sp1/nios2eds/bin/gnu/h-i686-mingw32/bin/../lib/gcc/nios2-elf/4.1.2/../../../../nios2-elf/lib/mno-hw-mul\libsmallc.a(lib_a-impure.o)
 .bss           0x000095e8        0x0 c:/altera/13.0sp1/nios2eds/bin/gnu/h-i686-mingw32/bin/../lib/gcc/nios2-elf/4.1.2/../../../../nios2-elf/lib/mno-hw-mul\libsmallc.a(lib_a-writer.o)
 .bss           0x000095e8        0x0 c:/altera/13.0sp1/nios2eds/bin/gnu/h-i686-mingw32/bin/../lib/gcc/nios2-elf/4.1.2/../../../../nios2-elf/lib/mno-hw-mul\libsmallc.a(lib_a-int_errno.o)
 .bss           0x000095e8        0x0 c:/altera/13.0sp1/nios2eds/bin/gnu/h-i686-mingw32/bin/../lib/gcc/nios2-elf/4.1.2/mno-hw-mul\libgcc.a(lib2-divmod.o)
 .bss           0x000095e8        0x0 c:/altera/13.0sp1/nios2eds/bin/gnu/h-i686-mingw32/bin/../lib/gcc/nios2-elf/4.1.2/mno-hw-mul\libgcc.a(lib2-mul.o)
 .bss           0x000095e8        0x0 ../dsaf_bsp/\libhal_bsp.a(alt_load.o)
 .bss           0x000095e8        0x0 ../dsaf_bsp/\libhal_bsp.a(alt_main.o)
 .bss           0x000095e8        0x0 ../dsaf_bsp/\libhal_bsp.a(alt_write.o)
 .bss           0x000095e8        0x0 ../dsaf_bsp/\libhal_bsp.a(alt_sys_init.o)
 .bss           0x000095e8        0x0 ../dsaf_bsp/\libhal_bsp.a(altera_avalon_jtag_uart_write.o)
 .bss           0x000095e8        0x0 ../dsaf_bsp/\libhal_bsp.a(altera_avalon_timer_sc.o)
 .bss           0x000095e8        0x0 ../dsaf_bsp/\libhal_bsp.a(alt_dcache_flush_all.o)
 .bss           0x000095e8        0x0 ../dsaf_bsp/\libhal_bsp.a(alt_errno.o)
 .bss           0x000095e8        0x0 ../dsaf_bsp/\libhal_bsp.a(alt_icache_flush_all.o)
 .bss           0x000095e8        0x0 ../dsaf_bsp/\libhal_bsp.a(alt_iic.o)
 .bss           0x000095e8        0x0 ../dsaf_bsp/\libhal_bsp.a(alt_iic_isr_register.o)
 .bss           0x000095e8        0x0 ../dsaf_bsp/\libhal_bsp.a(alt_irq_entry.o)
 .bss           0x000095e8        0x0 ../dsaf_bsp/\libhal_bsp.a(alt_irq_handler.o)
 .bss           0x000095e8        0x0 ../dsaf_bsp/\libhal_bsp.a(alt_irq_vars.o)
 .bss           0x000095e8        0x0 ../dsaf_bsp/\libhal_bsp.a(alt_tick.o)
 .bss           0x000095e8        0x0 ../dsaf_bsp/\libhal_bsp.a(altera_nios2_qsys_irq.o)
 .bss           0x000095e8        0x0 ../dsaf_bsp/\libhal_bsp.a(alt_exception_entry.o)
 .bss           0x000095e8        0x0 ../dsaf_bsp/\libhal_bsp.a(alt_icache_flush.o)
 *(COMMON)
 COMMON         0x000095e8      0x100 ../dsaf_bsp/\libhal_bsp.a(alt_irq_handler.o)
                0x000095e8                alt_irq
                0x000096e8                . = ALIGN (0x4)
                0x000096e8                __bss_end = ABSOLUTE (.)

.onchip_mem     0x000096e8        0x0
                0x000096e8                PROVIDE (_alt_partition_onchip_mem_start, ABSOLUTE (.))
 *(.onchip_mem. onchip_mem.*)
                0x000096e8                . = ALIGN (0x4)
                0x000096e8                PROVIDE (_alt_partition_onchip_mem_end, ABSOLUTE (.))
                0x000096e8                _end = ABSOLUTE (.)
                0x000096e8                end = ABSOLUTE (.)
                0x000096e8                __alt_stack_base = ABSOLUTE (.)
                0x000096e8                PROVIDE (_alt_partition_onchip_mem_load_addr, LOADADDR (.onchip_mem))

.stab
 *(.stab)

.stabstr
 *(.stabstr)

.stab.excl
 *(.stab.excl)

.stab.exclstr
 *(.stab.exclstr)

.stab.index
 *(.stab.index)

.stab.indexstr
 *(.stab.indexstr)

.comment        0x00000000       0x26
 *(.comment)
 .comment       0x00000000       0x26 obj/default/hello_world_small.o
                                 0x27 (size before relaxing)
 .comment       0x00000000       0x27 c:/altera/13.0sp1/nios2eds/bin/gnu/h-i686-mingw32/bin/../lib/gcc/nios2-elf/4.1.2/../../../../nios2-elf/lib/mno-hw-mul\libsmallc.a(lib_a-exit.o)
 .comment       0x00000000       0x27 c:/altera/13.0sp1/nios2eds/bin/gnu/h-i686-mingw32/bin/../lib/gcc/nios2-elf/4.1.2/../../../../nios2-elf/lib/mno-hw-mul\libsmallc.a(lib_a-printf.o)
 .comment       0x00000000       0x27 c:/altera/13.0sp1/nios2eds/bin/gnu/h-i686-mingw32/bin/../lib/gcc/nios2-elf/4.1.2/../../../../nios2-elf/lib/mno-hw-mul\libsmallc.a(lib_a-puts.o)
 .comment       0x00000000       0x27 c:/altera/13.0sp1/nios2eds/bin/gnu/h-i686-mingw32/bin/../lib/gcc/nios2-elf/4.1.2/../../../../nios2-elf/lib/mno-hw-mul\libsmallc.a(lib_a-strlen.o)
 .comment       0x00000000       0x27 c:/altera/13.0sp1/nios2eds/bin/gnu/h-i686-mingw32/bin/../lib/gcc/nios2-elf/4.1.2/../../../../nios2-elf/lib/mno-hw-mul\libsmallc.a(lib_a-vfprintf.o)
 .comment       0x00000000       0x27 c:/altera/13.0sp1/nios2eds/bin/gnu/h-i686-mingw32/bin/../lib/gcc/nios2-elf/4.1.2/../../../../nios2-elf/lib/mno-hw-mul\libsmallc.a(lib_a-__call_atexit.o)
 .comment       0x00000000       0x27 c:/altera/13.0sp1/nios2eds/bin/gnu/h-i686-mingw32/bin/../lib/gcc/nios2-elf/4.1.2/../../../../nios2-elf/lib/mno-hw-mul\libsmallc.a(lib_a-fvwrite_small_dev.o)
 .comment       0x00000000       0x27 c:/altera/13.0sp1/nios2eds/bin/gnu/h-i686-mingw32/bin/../lib/gcc/nios2-elf/4.1.2/../../../../nios2-elf/lib/mno-hw-mul\libsmallc.a(lib_a-impure.o)
 .comment       0x00000000       0x27 c:/altera/13.0sp1/nios2eds/bin/gnu/h-i686-mingw32/bin/../lib/gcc/nios2-elf/4.1.2/../../../../nios2-elf/lib/mno-hw-mul\libsmallc.a(lib_a-writer.o)
 .comment       0x00000000       0x27 c:/altera/13.0sp1/nios2eds/bin/gnu/h-i686-mingw32/bin/../lib/gcc/nios2-elf/4.1.2/../../../../nios2-elf/lib/mno-hw-mul\libsmallc.a(lib_a-int_errno.o)
 .comment       0x00000000       0x27 c:/altera/13.0sp1/nios2eds/bin/gnu/h-i686-mingw32/bin/../lib/gcc/nios2-elf/4.1.2/mno-hw-mul\libgcc.a(lib2-divmod.o)
 .comment       0x00000000       0x27 c:/altera/13.0sp1/nios2eds/bin/gnu/h-i686-mingw32/bin/../lib/gcc/nios2-elf/4.1.2/mno-hw-mul\libgcc.a(lib2-mul.o)
 .comment       0x00000000       0x27 ../dsaf_bsp/\libhal_bsp.a(alt_load.o)
 .comment       0x00000000       0x27 ../dsaf_bsp/\libhal_bsp.a(alt_main.o)
 .comment       0x00000000       0x27 ../dsaf_bsp/\libhal_bsp.a(alt_write.o)
 .comment       0x00000000       0x27 ../dsaf_bsp/\libhal_bsp.a(alt_sys_init.o)
 .comment       0x00000000       0x27 ../dsaf_bsp/\libhal_bsp.a(altera_avalon_jtag_uart_write.o)
 .comment       0x00000000       0x27 ../dsaf_bsp/\libhal_bsp.a(altera_avalon_timer_sc.o)
 .comment       0x00000000       0x27 ../dsaf_bsp/\libhal_bsp.a(alt_dcache_flush_all.o)
 .comment       0x00000000       0x27 ../dsaf_bsp/\libhal_bsp.a(alt_errno.o)
 .comment       0x00000000       0x27 ../dsaf_bsp/\libhal_bsp.a(alt_icache_flush_all.o)
 .comment       0x00000000       0x27 ../dsaf_bsp/\libhal_bsp.a(alt_iic.o)
 .comment       0x00000000       0x27 ../dsaf_bsp/\libhal_bsp.a(alt_iic_isr_register.o)
 .comment       0x00000000       0x27 ../dsaf_bsp/\libhal_bsp.a(alt_irq_handler.o)
 .comment       0x00000000       0x27 ../dsaf_bsp/\libhal_bsp.a(alt_irq_vars.o)
 .comment       0x00000000       0x27 ../dsaf_bsp/\libhal_bsp.a(alt_tick.o)
 .comment       0x00000000       0x27 ../dsaf_bsp/\libhal_bsp.a(altera_nios2_qsys_irq.o)
 .comment       0x00000000       0x27 ../dsaf_bsp/\libhal_bsp.a(alt_icache_flush.o)

.debug
 *(.debug)

.line
 *(.line)

.debug_srcinfo
 *(.debug_srcinfo)

.debug_sfnames
 *(.debug_sfnames)

.debug_aranges  0x00000000      0x3b8
 *(.debug_aranges)
 .debug_aranges
                0x00000000       0x28 ../dsaf_bsp//obj/HAL/src/crt0.o
 .debug_aranges
                0x00000028       0x20 obj/default/hello_world_small.o
 .debug_aranges
                0x00000048       0x20 c:/altera/13.0sp1/nios2eds/bin/gnu/h-i686-mingw32/bin/../lib/gcc/nios2-elf/4.1.2/../../../../nios2-elf/lib/mno-hw-mul\libsmallc.a(lib_a-exit.o)
 .debug_aranges
                0x00000068       0x20 c:/altera/13.0sp1/nios2eds/bin/gnu/h-i686-mingw32/bin/../lib/gcc/nios2-elf/4.1.2/../../../../nios2-elf/lib/mno-hw-mul\libsmallc.a(lib_a-printf.o)
 .debug_aranges
                0x00000088       0x20 c:/altera/13.0sp1/nios2eds/bin/gnu/h-i686-mingw32/bin/../lib/gcc/nios2-elf/4.1.2/../../../../nios2-elf/lib/mno-hw-mul\libsmallc.a(lib_a-puts.o)
 .debug_aranges
                0x000000a8       0x20 c:/altera/13.0sp1/nios2eds/bin/gnu/h-i686-mingw32/bin/../lib/gcc/nios2-elf/4.1.2/../../../../nios2-elf/lib/mno-hw-mul\libsmallc.a(lib_a-strlen.o)
 .debug_aranges
                0x000000c8       0x20 c:/altera/13.0sp1/nios2eds/bin/gnu/h-i686-mingw32/bin/../lib/gcc/nios2-elf/4.1.2/../../../../nios2-elf/lib/mno-hw-mul\libsmallc.a(lib_a-vfprintf.o)
 .debug_aranges
                0x000000e8       0x20 c:/altera/13.0sp1/nios2eds/bin/gnu/h-i686-mingw32/bin/../lib/gcc/nios2-elf/4.1.2/../../../../nios2-elf/lib/mno-hw-mul\libsmallc.a(lib_a-__call_atexit.o)
 .debug_aranges
                0x00000108       0x20 c:/altera/13.0sp1/nios2eds/bin/gnu/h-i686-mingw32/bin/../lib/gcc/nios2-elf/4.1.2/../../../../nios2-elf/lib/mno-hw-mul\libsmallc.a(lib_a-fvwrite_small_dev.o)
 .debug_aranges
                0x00000128       0x20 c:/altera/13.0sp1/nios2eds/bin/gnu/h-i686-mingw32/bin/../lib/gcc/nios2-elf/4.1.2/../../../../nios2-elf/lib/mno-hw-mul\libsmallc.a(lib_a-writer.o)
 .debug_aranges
                0x00000148       0x20 c:/altera/13.0sp1/nios2eds/bin/gnu/h-i686-mingw32/bin/../lib/gcc/nios2-elf/4.1.2/mno-hw-mul\libgcc.a(lib2-divmod.o)
 .debug_aranges
                0x00000168       0x20 c:/altera/13.0sp1/nios2eds/bin/gnu/h-i686-mingw32/bin/../lib/gcc/nios2-elf/4.1.2/mno-hw-mul\libgcc.a(lib2-mul.o)
 .debug_aranges
                0x00000188       0x20 ../dsaf_bsp/\libhal_bsp.a(alt_load.o)
 .debug_aranges
                0x000001a8       0x20 ../dsaf_bsp/\libhal_bsp.a(alt_main.o)
 .debug_aranges
                0x000001c8       0x20 ../dsaf_bsp/\libhal_bsp.a(alt_write.o)
 .debug_aranges
                0x000001e8       0x20 ../dsaf_bsp/\libhal_bsp.a(alt_sys_init.o)
 .debug_aranges
                0x00000208       0x20 ../dsaf_bsp/\libhal_bsp.a(altera_avalon_jtag_uart_write.o)
 .debug_aranges
                0x00000228       0x20 ../dsaf_bsp/\libhal_bsp.a(altera_avalon_timer_sc.o)
 .debug_aranges
                0x00000248       0x20 ../dsaf_bsp/\libhal_bsp.a(alt_dcache_flush_all.o)
 .debug_aranges
                0x00000268       0x20 ../dsaf_bsp/\libhal_bsp.a(alt_icache_flush_all.o)
 .debug_aranges
                0x00000288       0x20 ../dsaf_bsp/\libhal_bsp.a(alt_iic.o)
 .debug_aranges
                0x000002a8       0x20 ../dsaf_bsp/\libhal_bsp.a(alt_iic_isr_register.o)
 .debug_aranges
                0x000002c8       0x30 ../dsaf_bsp/\libhal_bsp.a(alt_irq_entry.o)
 .debug_aranges
                0x000002f8       0x28 ../dsaf_bsp/\libhal_bsp.a(alt_irq_handler.o)
 .debug_aranges
                0x00000320       0x20 ../dsaf_bsp/\libhal_bsp.a(alt_tick.o)
 .debug_aranges
                0x00000340       0x20 ../dsaf_bsp/\libhal_bsp.a(altera_nios2_qsys_irq.o)
 .debug_aranges
                0x00000360       0x38 ../dsaf_bsp/\libhal_bsp.a(alt_exception_entry.o)
 .debug_aranges
                0x00000398       0x20 ../dsaf_bsp/\libhal_bsp.a(alt_icache_flush.o)

.debug_pubnames
                0x00000000      0x591
 *(.debug_pubnames)
 .debug_pubnames
                0x00000000       0x33 obj/default/hello_world_small.o
 .debug_pubnames
                0x00000033       0x1b c:/altera/13.0sp1/nios2eds/bin/gnu/h-i686-mingw32/bin/../lib/gcc/nios2-elf/4.1.2/../../../../nios2-elf/lib/mno-hw-mul\libsmallc.a(lib_a-exit.o)
 .debug_pubnames
                0x0000004e       0x2b c:/altera/13.0sp1/nios2eds/bin/gnu/h-i686-mingw32/bin/../lib/gcc/nios2-elf/4.1.2/../../../../nios2-elf/lib/mno-hw-mul\libsmallc.a(lib_a-printf.o)
 .debug_pubnames
                0x00000079       0x27 c:/altera/13.0sp1/nios2eds/bin/gnu/h-i686-mingw32/bin/../lib/gcc/nios2-elf/4.1.2/../../../../nios2-elf/lib/mno-hw-mul\libsmallc.a(lib_a-puts.o)
 .debug_pubnames
                0x000000a0       0x1d c:/altera/13.0sp1/nios2eds/bin/gnu/h-i686-mingw32/bin/../lib/gcc/nios2-elf/4.1.2/../../../../nios2-elf/lib/mno-hw-mul\libsmallc.a(lib_a-strlen.o)
 .debug_pubnames
                0x000000bd       0x45 c:/altera/13.0sp1/nios2eds/bin/gnu/h-i686-mingw32/bin/../lib/gcc/nios2-elf/4.1.2/../../../../nios2-elf/lib/mno-hw-mul\libsmallc.a(lib_a-vfprintf.o)
 .debug_pubnames
                0x00000102       0x27 c:/altera/13.0sp1/nios2eds/bin/gnu/h-i686-mingw32/bin/../lib/gcc/nios2-elf/4.1.2/../../../../nios2-elf/lib/mno-hw-mul\libsmallc.a(lib_a-__call_atexit.o)
 .debug_pubnames
                0x00000129       0x2b c:/altera/13.0sp1/nios2eds/bin/gnu/h-i686-mingw32/bin/../lib/gcc/nios2-elf/4.1.2/../../../../nios2-elf/lib/mno-hw-mul\libsmallc.a(lib_a-fvwrite_small_dev.o)
 .debug_pubnames
                0x00000154       0x39 c:/altera/13.0sp1/nios2eds/bin/gnu/h-i686-mingw32/bin/../lib/gcc/nios2-elf/4.1.2/../../../../nios2-elf/lib/mno-hw-mul\libsmallc.a(lib_a-impure.o)
 .debug_pubnames
                0x0000018d       0x1f c:/altera/13.0sp1/nios2eds/bin/gnu/h-i686-mingw32/bin/../lib/gcc/nios2-elf/4.1.2/../../../../nios2-elf/lib/mno-hw-mul\libsmallc.a(lib_a-writer.o)
 .debug_pubnames
                0x000001ac       0x1c c:/altera/13.0sp1/nios2eds/bin/gnu/h-i686-mingw32/bin/../lib/gcc/nios2-elf/4.1.2/../../../../nios2-elf/lib/mno-hw-mul\libsmallc.a(lib_a-int_errno.o)
 .debug_pubnames
                0x000001c8       0x48 c:/altera/13.0sp1/nios2eds/bin/gnu/h-i686-mingw32/bin/../lib/gcc/nios2-elf/4.1.2/mno-hw-mul\libgcc.a(lib2-divmod.o)
 .debug_pubnames
                0x00000210       0x1f c:/altera/13.0sp1/nios2eds/bin/gnu/h-i686-mingw32/bin/../lib/gcc/nios2-elf/4.1.2/mno-hw-mul\libgcc.a(lib2-mul.o)
 .debug_pubnames
                0x0000022f       0x1f ../dsaf_bsp/\libhal_bsp.a(alt_load.o)
 .debug_pubnames
                0x0000024e       0x46 ../dsaf_bsp/\libhal_bsp.a(alt_main.o)
 .debug_pubnames
                0x00000294       0x1c ../dsaf_bsp/\libhal_bsp.a(alt_write.o)
 .debug_pubnames
                0x000002b0       0x42 ../dsaf_bsp/\libhal_bsp.a(alt_sys_init.o)
 .debug_pubnames
                0x000002f2       0x34 ../dsaf_bsp/\libhal_bsp.a(altera_avalon_jtag_uart_write.o)
 .debug_pubnames
                0x00000326       0x2f ../dsaf_bsp/\libhal_bsp.a(altera_avalon_timer_sc.o)
 .debug_pubnames
                0x00000355       0x2b ../dsaf_bsp/\libhal_bsp.a(alt_dcache_flush_all.o)
 .debug_pubnames
                0x00000380       0x20 ../dsaf_bsp/\libhal_bsp.a(alt_errno.o)
 .debug_pubnames
                0x000003a0       0x2b ../dsaf_bsp/\libhal_bsp.a(alt_icache_flush_all.o)
 .debug_pubnames
                0x000003cb       0x6e ../dsaf_bsp/\libhal_bsp.a(alt_iic.o)
 .debug_pubnames
                0x00000439       0x2b ../dsaf_bsp/\libhal_bsp.a(alt_iic_isr_register.o)
 .debug_pubnames
                0x00000464       0x32 ../dsaf_bsp/\libhal_bsp.a(alt_irq_handler.o)
 .debug_pubnames
                0x00000496       0x3b ../dsaf_bsp/\libhal_bsp.a(alt_irq_vars.o)
 .debug_pubnames
                0x000004d1       0x68 ../dsaf_bsp/\libhal_bsp.a(alt_tick.o)
 .debug_pubnames
                0x00000539       0x31 ../dsaf_bsp/\libhal_bsp.a(altera_nios2_qsys_irq.o)
 .debug_pubnames
                0x0000056a       0x27 ../dsaf_bsp/\libhal_bsp.a(alt_icache_flush.o)

.debug_info     0x00000000     0x4f1b
 *(.debug_info .gnu.linkonce.wi.*)
 .debug_info    0x00000000       0xa0 ../dsaf_bsp//obj/HAL/src/crt0.o
 .debug_info    0x000000a0       0xe2 obj/default/hello_world_small.o
 .debug_info    0x00000182       0x9f c:/altera/13.0sp1/nios2eds/bin/gnu/h-i686-mingw32/bin/../lib/gcc/nios2-elf/4.1.2/../../../../nios2-elf/lib/mno-hw-mul\libsmallc.a(lib_a-exit.o)
 .debug_info    0x00000221      0x6c8 c:/altera/13.0sp1/nios2eds/bin/gnu/h-i686-mingw32/bin/../lib/gcc/nios2-elf/4.1.2/../../../../nios2-elf/lib/mno-hw-mul\libsmallc.a(lib_a-printf.o)
 .debug_info    0x000008e9      0x685 c:/altera/13.0sp1/nios2eds/bin/gnu/h-i686-mingw32/bin/../lib/gcc/nios2-elf/4.1.2/../../../../nios2-elf/lib/mno-hw-mul\libsmallc.a(lib_a-puts.o)
 .debug_info    0x00000f6e       0xc2 c:/altera/13.0sp1/nios2eds/bin/gnu/h-i686-mingw32/bin/../lib/gcc/nios2-elf/4.1.2/../../../../nios2-elf/lib/mno-hw-mul\libsmallc.a(lib_a-strlen.o)
 .debug_info    0x00001030      0x9b6 c:/altera/13.0sp1/nios2eds/bin/gnu/h-i686-mingw32/bin/../lib/gcc/nios2-elf/4.1.2/../../../../nios2-elf/lib/mno-hw-mul\libsmallc.a(lib_a-vfprintf.o)
 .debug_info    0x000019e6      0x6d5 c:/altera/13.0sp1/nios2eds/bin/gnu/h-i686-mingw32/bin/../lib/gcc/nios2-elf/4.1.2/../../../../nios2-elf/lib/mno-hw-mul\libsmallc.a(lib_a-__call_atexit.o)
 .debug_info    0x000020bb      0x68e c:/altera/13.0sp1/nios2eds/bin/gnu/h-i686-mingw32/bin/../lib/gcc/nios2-elf/4.1.2/../../../../nios2-elf/lib/mno-hw-mul\libsmallc.a(lib_a-fvwrite_small_dev.o)
 .debug_info    0x00002749      0x636 c:/altera/13.0sp1/nios2eds/bin/gnu/h-i686-mingw32/bin/../lib/gcc/nios2-elf/4.1.2/../../../../nios2-elf/lib/mno-hw-mul\libsmallc.a(lib_a-impure.o)
 .debug_info    0x00002d7f      0x68c c:/altera/13.0sp1/nios2eds/bin/gnu/h-i686-mingw32/bin/../lib/gcc/nios2-elf/4.1.2/../../../../nios2-elf/lib/mno-hw-mul\libsmallc.a(lib_a-writer.o)
 .debug_info    0x0000340b       0x8c c:/altera/13.0sp1/nios2eds/bin/gnu/h-i686-mingw32/bin/../lib/gcc/nios2-elf/4.1.2/../../../../nios2-elf/lib/mno-hw-mul\libsmallc.a(lib_a-int_errno.o)
 .debug_info    0x00003497      0x21c c:/altera/13.0sp1/nios2eds/bin/gnu/h-i686-mingw32/bin/../lib/gcc/nios2-elf/4.1.2/mno-hw-mul\libgcc.a(lib2-divmod.o)
 .debug_info    0x000036b3       0xf3 c:/altera/13.0sp1/nios2eds/bin/gnu/h-i686-mingw32/bin/../lib/gcc/nios2-elf/4.1.2/mno-hw-mul\libgcc.a(lib2-mul.o)
 .debug_info    0x000037a6      0x12e ../dsaf_bsp/\libhal_bsp.a(alt_load.o)
 .debug_info    0x000038d4      0x125 ../dsaf_bsp/\libhal_bsp.a(alt_main.o)
 .debug_info    0x000039f9      0x179 ../dsaf_bsp/\libhal_bsp.a(alt_write.o)
 .debug_info    0x00003b72      0x199 ../dsaf_bsp/\libhal_bsp.a(alt_sys_init.o)
 .debug_info    0x00003d0b      0x18f ../dsaf_bsp/\libhal_bsp.a(altera_avalon_jtag_uart_write.o)
 .debug_info    0x00003e9a      0x221 ../dsaf_bsp/\libhal_bsp.a(altera_avalon_timer_sc.o)
 .debug_info    0x000040bb       0x8d ../dsaf_bsp/\libhal_bsp.a(alt_dcache_flush_all.o)
 .debug_info    0x00004148       0xab ../dsaf_bsp/\libhal_bsp.a(alt_errno.o)
 .debug_info    0x000041f3       0x8d ../dsaf_bsp/\libhal_bsp.a(alt_icache_flush_all.o)
 .debug_info    0x00004280      0x341 ../dsaf_bsp/\libhal_bsp.a(alt_iic.o)
 .debug_info    0x000045c1      0x1f2 ../dsaf_bsp/\libhal_bsp.a(alt_iic_isr_register.o)
 .debug_info    0x000047b3       0xa9 ../dsaf_bsp/\libhal_bsp.a(alt_irq_entry.o)
 .debug_info    0x0000485c      0x17b ../dsaf_bsp/\libhal_bsp.a(alt_irq_handler.o)
 .debug_info    0x000049d7       0x92 ../dsaf_bsp/\libhal_bsp.a(alt_irq_vars.o)
 .debug_info    0x00004a69      0x2a1 ../dsaf_bsp/\libhal_bsp.a(alt_tick.o)
 .debug_info    0x00004d0a       0x8d ../dsaf_bsp/\libhal_bsp.a(altera_nios2_qsys_irq.o)
 .debug_info    0x00004d97       0xaf ../dsaf_bsp/\libhal_bsp.a(alt_exception_entry.o)
 .debug_info    0x00004e46       0xd5 ../dsaf_bsp/\libhal_bsp.a(alt_icache_flush.o)

.debug_abbrev   0x00000000     0x1af6
 *(.debug_abbrev)
 .debug_abbrev  0x00000000       0x12 ../dsaf_bsp//obj/HAL/src/crt0.o
 .debug_abbrev  0x00000012       0x94 obj/default/hello_world_small.o
 .debug_abbrev  0x000000a6       0x4e c:/altera/13.0sp1/nios2eds/bin/gnu/h-i686-mingw32/bin/../lib/gcc/nios2-elf/4.1.2/../../../../nios2-elf/lib/mno-hw-mul\libsmallc.a(lib_a-exit.o)
 .debug_abbrev  0x000000f4      0x179 c:/altera/13.0sp1/nios2eds/bin/gnu/h-i686-mingw32/bin/../lib/gcc/nios2-elf/4.1.2/../../../../nios2-elf/lib/mno-hw-mul\libsmallc.a(lib_a-printf.o)
 .debug_abbrev  0x0000026d      0x180 c:/altera/13.0sp1/nios2eds/bin/gnu/h-i686-mingw32/bin/../lib/gcc/nios2-elf/4.1.2/../../../../nios2-elf/lib/mno-hw-mul\libsmallc.a(lib_a-puts.o)
 .debug_abbrev  0x000003ed       0x7a c:/altera/13.0sp1/nios2eds/bin/gnu/h-i686-mingw32/bin/../lib/gcc/nios2-elf/4.1.2/../../../../nios2-elf/lib/mno-hw-mul\libsmallc.a(lib_a-strlen.o)
 .debug_abbrev  0x00000467      0x263 c:/altera/13.0sp1/nios2eds/bin/gnu/h-i686-mingw32/bin/../lib/gcc/nios2-elf/4.1.2/../../../../nios2-elf/lib/mno-hw-mul\libsmallc.a(lib_a-vfprintf.o)
 .debug_abbrev  0x000006ca      0x1c6 c:/altera/13.0sp1/nios2eds/bin/gnu/h-i686-mingw32/bin/../lib/gcc/nios2-elf/4.1.2/../../../../nios2-elf/lib/mno-hw-mul\libsmallc.a(lib_a-__call_atexit.o)
 .debug_abbrev  0x00000890      0x179 c:/altera/13.0sp1/nios2eds/bin/gnu/h-i686-mingw32/bin/../lib/gcc/nios2-elf/4.1.2/../../../../nios2-elf/lib/mno-hw-mul\libsmallc.a(lib_a-fvwrite_small_dev.o)
 .debug_abbrev  0x00000a09      0x13f c:/altera/13.0sp1/nios2eds/bin/gnu/h-i686-mingw32/bin/../lib/gcc/nios2-elf/4.1.2/../../../../nios2-elf/lib/mno-hw-mul\libsmallc.a(lib_a-impure.o)
 .debug_abbrev  0x00000b48      0x16c c:/altera/13.0sp1/nios2eds/bin/gnu/h-i686-mingw32/bin/../lib/gcc/nios2-elf/4.1.2/../../../../nios2-elf/lib/mno-hw-mul\libsmallc.a(lib_a-writer.o)
 .debug_abbrev  0x00000cb4       0x3b c:/altera/13.0sp1/nios2eds/bin/gnu/h-i686-mingw32/bin/../lib/gcc/nios2-elf/4.1.2/../../../../nios2-elf/lib/mno-hw-mul\libsmallc.a(lib_a-int_errno.o)
 .debug_abbrev  0x00000cef       0xe0 c:/altera/13.0sp1/nios2eds/bin/gnu/h-i686-mingw32/bin/../lib/gcc/nios2-elf/4.1.2/mno-hw-mul\libgcc.a(lib2-divmod.o)
 .debug_abbrev  0x00000dcf       0x7b c:/altera/13.0sp1/nios2eds/bin/gnu/h-i686-mingw32/bin/../lib/gcc/nios2-elf/4.1.2/mno-hw-mul\libgcc.a(lib2-mul.o)
 .debug_abbrev  0x00000e4a       0x97 ../dsaf_bsp/\libhal_bsp.a(alt_load.o)
 .debug_abbrev  0x00000ee1       0xa6 ../dsaf_bsp/\libhal_bsp.a(alt_main.o)
 .debug_abbrev  0x00000f87       0xdd ../dsaf_bsp/\libhal_bsp.a(alt_write.o)
 .debug_abbrev  0x00001064       0xea ../dsaf_bsp/\libhal_bsp.a(alt_sys_init.o)
 .debug_abbrev  0x0000114e       0xf0 ../dsaf_bsp/\libhal_bsp.a(altera_avalon_jtag_uart_write.o)
 .debug_abbrev  0x0000123e      0x158 ../dsaf_bsp/\libhal_bsp.a(altera_avalon_timer_sc.o)
 .debug_abbrev  0x00001396       0x3f ../dsaf_bsp/\libhal_bsp.a(alt_dcache_flush_all.o)
 .debug_abbrev  0x000013d5       0x5e ../dsaf_bsp/\libhal_bsp.a(alt_errno.o)
 .debug_abbrev  0x00001433       0x3f ../dsaf_bsp/\libhal_bsp.a(alt_icache_flush_all.o)
 .debug_abbrev  0x00001472      0x160 ../dsaf_bsp/\libhal_bsp.a(alt_iic.o)
 .debug_abbrev  0x000015d2      0x17e ../dsaf_bsp/\libhal_bsp.a(alt_iic_isr_register.o)
 .debug_abbrev  0x00001750       0x12 ../dsaf_bsp/\libhal_bsp.a(alt_irq_entry.o)
 .debug_abbrev  0x00001762      0x117 ../dsaf_bsp/\libhal_bsp.a(alt_irq_handler.o)
 .debug_abbrev  0x00001879       0x44 ../dsaf_bsp/\libhal_bsp.a(alt_irq_vars.o)
 .debug_abbrev  0x000018bd      0x15f ../dsaf_bsp/\libhal_bsp.a(alt_tick.o)
 .debug_abbrev  0x00001a1c       0x3f ../dsaf_bsp/\libhal_bsp.a(altera_nios2_qsys_irq.o)
 .debug_abbrev  0x00001a5b       0x12 ../dsaf_bsp/\libhal_bsp.a(alt_exception_entry.o)
 .debug_abbrev  0x00001a6d       0x89 ../dsaf_bsp/\libhal_bsp.a(alt_icache_flush.o)

.debug_line     0x00000000     0x4744
 *(.debug_line)
 .debug_line    0x00000000       0x6c ../dsaf_bsp//obj/HAL/src/crt0.o
 .debug_line    0x0000006c      0x26a obj/default/hello_world_small.o
 .debug_line    0x000002d6      0x223 c:/altera/13.0sp1/nios2eds/bin/gnu/h-i686-mingw32/bin/../lib/gcc/nios2-elf/4.1.2/../../../../nios2-elf/lib/mno-hw-mul\libsmallc.a(lib_a-exit.o)
 .debug_line    0x000004f9      0x2be c:/altera/13.0sp1/nios2eds/bin/gnu/h-i686-mingw32/bin/../lib/gcc/nios2-elf/4.1.2/../../../../nios2-elf/lib/mno-hw-mul\libsmallc.a(lib_a-printf.o)
 .debug_line    0x000007b7      0x2b2 c:/altera/13.0sp1/nios2eds/bin/gnu/h-i686-mingw32/bin/../lib/gcc/nios2-elf/4.1.2/../../../../nios2-elf/lib/mno-hw-mul\libsmallc.a(lib_a-puts.o)
 .debug_line    0x00000a69      0x250 c:/altera/13.0sp1/nios2eds/bin/gnu/h-i686-mingw32/bin/../lib/gcc/nios2-elf/4.1.2/../../../../nios2-elf/lib/mno-hw-mul\libsmallc.a(lib_a-strlen.o)
 .debug_line    0x00000cb9      0x666 c:/altera/13.0sp1/nios2eds/bin/gnu/h-i686-mingw32/bin/../lib/gcc/nios2-elf/4.1.2/../../../../nios2-elf/lib/mno-hw-mul\libsmallc.a(lib_a-vfprintf.o)
 .debug_line    0x0000131f      0x360 c:/altera/13.0sp1/nios2eds/bin/gnu/h-i686-mingw32/bin/../lib/gcc/nios2-elf/4.1.2/../../../../nios2-elf/lib/mno-hw-mul\libsmallc.a(lib_a-__call_atexit.o)
 .debug_line    0x0000167f      0x2a9 c:/altera/13.0sp1/nios2eds/bin/gnu/h-i686-mingw32/bin/../lib/gcc/nios2-elf/4.1.2/../../../../nios2-elf/lib/mno-hw-mul\libsmallc.a(lib_a-fvwrite_small_dev.o)
 .debug_line    0x00001928      0x230 c:/altera/13.0sp1/nios2eds/bin/gnu/h-i686-mingw32/bin/../lib/gcc/nios2-elf/4.1.2/../../../../nios2-elf/lib/mno-hw-mul\libsmallc.a(lib_a-impure.o)
 .debug_line    0x00001b58      0x29d c:/altera/13.0sp1/nios2eds/bin/gnu/h-i686-mingw32/bin/../lib/gcc/nios2-elf/4.1.2/../../../../nios2-elf/lib/mno-hw-mul\libsmallc.a(lib_a-writer.o)
 .debug_line    0x00001df5      0x1e2 c:/altera/13.0sp1/nios2eds/bin/gnu/h-i686-mingw32/bin/../lib/gcc/nios2-elf/4.1.2/../../../../nios2-elf/lib/mno-hw-mul\libsmallc.a(lib_a-int_errno.o)
 .debug_line    0x00001fd7      0x24f c:/altera/13.0sp1/nios2eds/bin/gnu/h-i686-mingw32/bin/../lib/gcc/nios2-elf/4.1.2/mno-hw-mul\libgcc.a(lib2-divmod.o)
 .debug_line    0x00002226      0x11a c:/altera/13.0sp1/nios2eds/bin/gnu/h-i686-mingw32/bin/../lib/gcc/nios2-elf/4.1.2/mno-hw-mul\libgcc.a(lib2-mul.o)
 .debug_line    0x00002340      0x217 ../dsaf_bsp/\libhal_bsp.a(alt_load.o)
 .debug_line    0x00002557      0x2c2 ../dsaf_bsp/\libhal_bsp.a(alt_main.o)
 .debug_line    0x00002819      0x2ab ../dsaf_bsp/\libhal_bsp.a(alt_write.o)
 .debug_line    0x00002ac4      0x2af ../dsaf_bsp/\libhal_bsp.a(alt_sys_init.o)
 .debug_line    0x00002d73      0x2f4 ../dsaf_bsp/\libhal_bsp.a(altera_avalon_jtag_uart_write.o)
 .debug_line    0x00003067      0x2b9 ../dsaf_bsp/\libhal_bsp.a(altera_avalon_timer_sc.o)
 .debug_line    0x00003320      0x1b5 ../dsaf_bsp/\libhal_bsp.a(alt_dcache_flush_all.o)
 .debug_line    0x000034d5      0x1aa ../dsaf_bsp/\libhal_bsp.a(alt_errno.o)
 .debug_line    0x0000367f      0x1c5 ../dsaf_bsp/\libhal_bsp.a(alt_icache_flush_all.o)
 .debug_line    0x00003844      0x27f ../dsaf_bsp/\libhal_bsp.a(alt_iic.o)
 .debug_line    0x00003ac3      0x239 ../dsaf_bsp/\libhal_bsp.a(alt_iic_isr_register.o)
 .debug_line    0x00003cfc       0x6b ../dsaf_bsp/\libhal_bsp.a(alt_irq_entry.o)
 .debug_line    0x00003d67      0x21f ../dsaf_bsp/\libhal_bsp.a(alt_irq_handler.o)
 .debug_line    0x00003f86       0x72 ../dsaf_bsp/\libhal_bsp.a(alt_irq_vars.o)
 .debug_line    0x00003ff8      0x2f2 ../dsaf_bsp/\libhal_bsp.a(alt_tick.o)
 .debug_line    0x000042ea      0x1ce ../dsaf_bsp/\libhal_bsp.a(altera_nios2_qsys_irq.o)
 .debug_line    0x000044b8       0xab ../dsaf_bsp/\libhal_bsp.a(alt_exception_entry.o)
 .debug_line    0x00004563      0x1e1 ../dsaf_bsp/\libhal_bsp.a(alt_icache_flush.o)

.debug_frame    0x00000000      0x518
 *(.debug_frame)
 .debug_frame   0x00000000       0x38 obj/default/hello_world_small.o
 .debug_frame   0x00000038       0x2c c:/altera/13.0sp1/nios2eds/bin/gnu/h-i686-mingw32/bin/../lib/gcc/nios2-elf/4.1.2/../../../../nios2-elf/lib/mno-hw-mul\libsmallc.a(lib_a-exit.o)
 .debug_frame   0x00000064       0x40 c:/altera/13.0sp1/nios2eds/bin/gnu/h-i686-mingw32/bin/../lib/gcc/nios2-elf/4.1.2/../../../../nios2-elf/lib/mno-hw-mul\libsmallc.a(lib_a-printf.o)
 .debug_frame   0x000000a4       0x3c c:/altera/13.0sp1/nios2eds/bin/gnu/h-i686-mingw32/bin/../lib/gcc/nios2-elf/4.1.2/../../../../nios2-elf/lib/mno-hw-mul\libsmallc.a(lib_a-puts.o)
 .debug_frame   0x000000e0       0x20 c:/altera/13.0sp1/nios2eds/bin/gnu/h-i686-mingw32/bin/../lib/gcc/nios2-elf/4.1.2/../../../../nios2-elf/lib/mno-hw-mul\libsmallc.a(lib_a-strlen.o)
 .debug_frame   0x00000100       0x64 c:/altera/13.0sp1/nios2eds/bin/gnu/h-i686-mingw32/bin/../lib/gcc/nios2-elf/4.1.2/../../../../nios2-elf/lib/mno-hw-mul\libsmallc.a(lib_a-vfprintf.o)
 .debug_frame   0x00000164       0x4c c:/altera/13.0sp1/nios2eds/bin/gnu/h-i686-mingw32/bin/../lib/gcc/nios2-elf/4.1.2/../../../../nios2-elf/lib/mno-hw-mul\libsmallc.a(lib_a-__call_atexit.o)
 .debug_frame   0x000001b0       0x30 c:/altera/13.0sp1/nios2eds/bin/gnu/h-i686-mingw32/bin/../lib/gcc/nios2-elf/4.1.2/../../../../nios2-elf/lib/mno-hw-mul\libsmallc.a(lib_a-fvwrite_small_dev.o)
 .debug_frame   0x000001e0       0x2c c:/altera/13.0sp1/nios2eds/bin/gnu/h-i686-mingw32/bin/../lib/gcc/nios2-elf/4.1.2/../../../../nios2-elf/lib/mno-hw-mul\libsmallc.a(lib_a-writer.o)
 .debug_frame   0x0000020c       0x70 c:/altera/13.0sp1/nios2eds/bin/gnu/h-i686-mingw32/bin/../lib/gcc/nios2-elf/4.1.2/mno-hw-mul\libgcc.a(lib2-divmod.o)
 .debug_frame   0x0000027c       0x20 c:/altera/13.0sp1/nios2eds/bin/gnu/h-i686-mingw32/bin/../lib/gcc/nios2-elf/4.1.2/mno-hw-mul\libgcc.a(lib2-mul.o)
 .debug_frame   0x0000029c       0x38 ../dsaf_bsp/\libhal_bsp.a(alt_load.o)
 .debug_frame   0x000002d4       0x28 ../dsaf_bsp/\libhal_bsp.a(alt_main.o)
 .debug_frame   0x000002fc       0x28 ../dsaf_bsp/\libhal_bsp.a(alt_write.o)
 .debug_frame   0x00000324       0x38 ../dsaf_bsp/\libhal_bsp.a(alt_sys_init.o)
 .debug_frame   0x0000035c       0x20 ../dsaf_bsp/\libhal_bsp.a(altera_avalon_jtag_uart_write.o)
 .debug_frame   0x0000037c       0x40 ../dsaf_bsp/\libhal_bsp.a(altera_avalon_timer_sc.o)
 .debug_frame   0x000003bc       0x20 ../dsaf_bsp/\libhal_bsp.a(alt_dcache_flush_all.o)
 .debug_frame   0x000003dc       0x20 ../dsaf_bsp/\libhal_bsp.a(alt_icache_flush_all.o)
 .debug_frame   0x000003fc       0x50 ../dsaf_bsp/\libhal_bsp.a(alt_iic.o)
 .debug_frame   0x0000044c       0x28 ../dsaf_bsp/\libhal_bsp.a(alt_iic_isr_register.o)
 .debug_frame   0x00000474       0x28 ../dsaf_bsp/\libhal_bsp.a(alt_irq_handler.o)
 .debug_frame   0x0000049c       0x3c ../dsaf_bsp/\libhal_bsp.a(alt_tick.o)
 .debug_frame   0x000004d8       0x20 ../dsaf_bsp/\libhal_bsp.a(altera_nios2_qsys_irq.o)
 .debug_frame   0x000004f8       0x20 ../dsaf_bsp/\libhal_bsp.a(alt_icache_flush.o)

.debug_str      0x00000000     0x1263
 *(.debug_str)
 .debug_str     0x00000000       0xfb obj/default/hello_world_small.o
                                0x140 (size before relaxing)
 .debug_str     0x000000fb       0xde c:/altera/13.0sp1/nios2eds/bin/gnu/h-i686-mingw32/bin/../lib/gcc/nios2-elf/4.1.2/../../../../nios2-elf/lib/mno-hw-mul\libsmallc.a(lib_a-exit.o)
                                0x178 (size before relaxing)
 .debug_str     0x000001d9      0x39b c:/altera/13.0sp1/nios2eds/bin/gnu/h-i686-mingw32/bin/../lib/gcc/nios2-elf/4.1.2/../../../../nios2-elf/lib/mno-hw-mul\libsmallc.a(lib_a-printf.o)
                                0x466 (size before relaxing)
 .debug_str     0x00000574       0x48 c:/altera/13.0sp1/nios2eds/bin/gnu/h-i686-mingw32/bin/../lib/gcc/nios2-elf/4.1.2/../../../../nios2-elf/lib/mno-hw-mul\libsmallc.a(lib_a-puts.o)
                                0x450 (size before relaxing)
 .debug_str     0x000005bc       0xe2 c:/altera/13.0sp1/nios2eds/bin/gnu/h-i686-mingw32/bin/../lib/gcc/nios2-elf/4.1.2/../../../../nios2-elf/lib/mno-hw-mul\libsmallc.a(lib_a-strlen.o)
                                0x184 (size before relaxing)
 .debug_str     0x0000069e      0x162 c:/altera/13.0sp1/nios2eds/bin/gnu/h-i686-mingw32/bin/../lib/gcc/nios2-elf/4.1.2/../../../../nios2-elf/lib/mno-hw-mul\libsmallc.a(lib_a-vfprintf.o)
                                0x5af (size before relaxing)
 .debug_str     0x00000800       0x91 c:/altera/13.0sp1/nios2eds/bin/gnu/h-i686-mingw32/bin/../lib/gcc/nios2-elf/4.1.2/../../../../nios2-elf/lib/mno-hw-mul\libsmallc.a(lib_a-__call_atexit.o)
                                0x491 (size before relaxing)
 .debug_str     0x00000891       0x70 c:/altera/13.0sp1/nios2eds/bin/gnu/h-i686-mingw32/bin/../lib/gcc/nios2-elf/4.1.2/../../../../nios2-elf/lib/mno-hw-mul\libsmallc.a(lib_a-fvwrite_small_dev.o)
                                0x46a (size before relaxing)
 .debug_str     0x00000901       0xe5 c:/altera/13.0sp1/nios2eds/bin/gnu/h-i686-mingw32/bin/../lib/gcc/nios2-elf/4.1.2/../../../../nios2-elf/lib/mno-hw-mul\libsmallc.a(lib_a-impure.o)
                                0x45d (size before relaxing)
 .debug_str     0x000009e6       0x4f c:/altera/13.0sp1/nios2eds/bin/gnu/h-i686-mingw32/bin/../lib/gcc/nios2-elf/4.1.2/../../../../nios2-elf/lib/mno-hw-mul\libsmallc.a(lib_a-writer.o)
                                0x451 (size before relaxing)
 .debug_str     0x00000a35       0x40 c:/altera/13.0sp1/nios2eds/bin/gnu/h-i686-mingw32/bin/../lib/gcc/nios2-elf/4.1.2/../../../../nios2-elf/lib/mno-hw-mul\libsmallc.a(lib_a-int_errno.o)
                                0x177 (size before relaxing)
 .debug_str     0x00000a75      0x10b c:/altera/13.0sp1/nios2eds/bin/gnu/h-i686-mingw32/bin/../lib/gcc/nios2-elf/4.1.2/mno-hw-mul\libgcc.a(lib2-divmod.o)
                                0x1b4 (size before relaxing)
 .debug_str     0x00000b80       0x37 c:/altera/13.0sp1/nios2eds/bin/gnu/h-i686-mingw32/bin/../lib/gcc/nios2-elf/4.1.2/mno-hw-mul\libgcc.a(lib2-mul.o)
                                0x175 (size before relaxing)
 .debug_str     0x00000bb7      0x160 ../dsaf_bsp/\libhal_bsp.a(alt_load.o)
                                0x1f5 (size before relaxing)
 .debug_str     0x00000d17       0x70 ../dsaf_bsp/\libhal_bsp.a(alt_main.o)
                                0x179 (size before relaxing)
 .debug_str     0x00000d87       0x56 ../dsaf_bsp/\libhal_bsp.a(alt_write.o)
                                0x1a3 (size before relaxing)
 .debug_str     0x00000ddd       0xb8 ../dsaf_bsp/\libhal_bsp.a(alt_sys_init.o)
                                0x224 (size before relaxing)
 .debug_str     0x00000e95       0x4a ../dsaf_bsp/\libhal_bsp.a(altera_avalon_jtag_uart_write.o)
                                0x1f1 (size before relaxing)
 .debug_str     0x00000edf       0xb6 ../dsaf_bsp/\libhal_bsp.a(altera_avalon_timer_sc.o)
                                0x227 (size before relaxing)
 .debug_str     0x00000f95       0x34 ../dsaf_bsp/\libhal_bsp.a(alt_dcache_flush_all.o)
                                0x138 (size before relaxing)
 .debug_str     0x00000fc9       0x14 ../dsaf_bsp/\libhal_bsp.a(alt_errno.o)
                                0x128 (size before relaxing)
 .debug_str     0x00000fdd       0x34 ../dsaf_bsp/\libhal_bsp.a(alt_icache_flush_all.o)
                                0x138 (size before relaxing)
 .debug_str     0x00001011       0xc4 ../dsaf_bsp/\libhal_bsp.a(alt_iic.o)
                                0x221 (size before relaxing)
 .debug_str     0x000010d5       0x4c ../dsaf_bsp/\libhal_bsp.a(alt_iic_isr_register.o)
                                0x1cb (size before relaxing)
 .debug_str     0x00001121       0x3a ../dsaf_bsp/\libhal_bsp.a(alt_irq_handler.o)
                                0x17a (size before relaxing)
 .debug_str     0x0000115b       0x17 ../dsaf_bsp/\libhal_bsp.a(alt_irq_vars.o)
                                0x132 (size before relaxing)
 .debug_str     0x00001172       0x8a ../dsaf_bsp/\libhal_bsp.a(alt_tick.o)
                                0x235 (size before relaxing)
 .debug_str     0x000011fc       0x3b ../dsaf_bsp/\libhal_bsp.a(altera_nios2_qsys_irq.o)
                                0x13f (size before relaxing)
 .debug_str     0x00001237       0x2c ../dsaf_bsp/\libhal_bsp.a(alt_icache_flush.o)
                                0x13e (size before relaxing)

.debug_loc      0x00000000     0x147e
 *(.debug_loc)
 .debug_loc     0x00000000       0x50 obj/default/hello_world_small.o
 .debug_loc     0x00000050       0x3d c:/altera/13.0sp1/nios2eds/bin/gnu/h-i686-mingw32/bin/../lib/gcc/nios2-elf/4.1.2/../../../../nios2-elf/lib/mno-hw-mul\libsmallc.a(lib_a-exit.o)
 .debug_loc     0x0000008d       0x8d c:/altera/13.0sp1/nios2eds/bin/gnu/h-i686-mingw32/bin/../lib/gcc/nios2-elf/4.1.2/../../../../nios2-elf/lib/mno-hw-mul\libsmallc.a(lib_a-printf.o)
 .debug_loc     0x0000011a       0xa2 c:/altera/13.0sp1/nios2eds/bin/gnu/h-i686-mingw32/bin/../lib/gcc/nios2-elf/4.1.2/../../../../nios2-elf/lib/mno-hw-mul\libsmallc.a(lib_a-puts.o)
 .debug_loc     0x000001bc       0x1e c:/altera/13.0sp1/nios2eds/bin/gnu/h-i686-mingw32/bin/../lib/gcc/nios2-elf/4.1.2/../../../../nios2-elf/lib/mno-hw-mul\libsmallc.a(lib_a-strlen.o)
 .debug_loc     0x000001da      0x878 c:/altera/13.0sp1/nios2eds/bin/gnu/h-i686-mingw32/bin/../lib/gcc/nios2-elf/4.1.2/../../../../nios2-elf/lib/mno-hw-mul\libsmallc.a(lib_a-vfprintf.o)
 .debug_loc     0x00000a52      0x1c1 c:/altera/13.0sp1/nios2eds/bin/gnu/h-i686-mingw32/bin/../lib/gcc/nios2-elf/4.1.2/../../../../nios2-elf/lib/mno-hw-mul\libsmallc.a(lib_a-__call_atexit.o)
 .debug_loc     0x00000c13      0x162 c:/altera/13.0sp1/nios2eds/bin/gnu/h-i686-mingw32/bin/../lib/gcc/nios2-elf/4.1.2/../../../../nios2-elf/lib/mno-hw-mul\libsmallc.a(lib_a-fvwrite_small_dev.o)
 .debug_loc     0x00000d75       0x97 c:/altera/13.0sp1/nios2eds/bin/gnu/h-i686-mingw32/bin/../lib/gcc/nios2-elf/4.1.2/../../../../nios2-elf/lib/mno-hw-mul\libsmallc.a(lib_a-writer.o)
 .debug_loc     0x00000e0c      0x1d2 c:/altera/13.0sp1/nios2eds/bin/gnu/h-i686-mingw32/bin/../lib/gcc/nios2-elf/4.1.2/mno-hw-mul\libgcc.a(lib2-divmod.o)
 .debug_loc     0x00000fde       0x4f c:/altera/13.0sp1/nios2eds/bin/gnu/h-i686-mingw32/bin/../lib/gcc/nios2-elf/4.1.2/mno-hw-mul\libgcc.a(lib2-mul.o)
 .debug_loc     0x0000102d       0x1f ../dsaf_bsp/\libhal_bsp.a(alt_load.o)
 .debug_loc     0x0000104c       0x1f ../dsaf_bsp/\libhal_bsp.a(alt_main.o)
 .debug_loc     0x0000106b       0x9a ../dsaf_bsp/\libhal_bsp.a(alt_write.o)
 .debug_loc     0x00001105       0x32 ../dsaf_bsp/\libhal_bsp.a(alt_sys_init.o)
 .debug_loc     0x00001137       0x26 ../dsaf_bsp/\libhal_bsp.a(altera_avalon_jtag_uart_write.o)
 .debug_loc     0x0000115d       0xdc ../dsaf_bsp/\libhal_bsp.a(altera_avalon_timer_sc.o)
 .debug_loc     0x00001239       0x72 ../dsaf_bsp/\libhal_bsp.a(alt_iic.o)
 .debug_loc     0x000012ab       0xf4 ../dsaf_bsp/\libhal_bsp.a(alt_iic_isr_register.o)
 .debug_loc     0x0000139f       0x5b ../dsaf_bsp/\libhal_bsp.a(alt_irq_handler.o)
 .debug_loc     0x000013fa       0x71 ../dsaf_bsp/\libhal_bsp.a(alt_tick.o)
 .debug_loc     0x0000146b       0x13 ../dsaf_bsp/\libhal_bsp.a(alt_icache_flush.o)

.debug_macinfo
 *(.debug_macinfo)

.debug_weaknames
 *(.debug_weaknames)

.debug_funcnames
 *(.debug_funcnames)

.debug_typenames
 *(.debug_typenames)

.debug_varnames
 *(.debug_varnames)

.debug_alt_sim_info
                0x00000000       0x20
 *(.debug_alt_sim_info)
 .debug_alt_sim_info
                0x00000000       0x20 ../dsaf_bsp//obj/HAL/src/crt0.o
                0x0000d000                __alt_data_end = 0xd000
                0x0000d000                PROVIDE (__alt_stack_pointer, __alt_data_end)
                0x000096e8                PROVIDE (__alt_stack_limit, __alt_stack_base)
                0x000096e8                PROVIDE (__alt_heap_start, end)
                0x0000d000                PROVIDE (__alt_heap_limit, 0xd000)
OUTPUT(dsaf.elf elf32-littlenios2)

.debug_ranges   0x00000000      0x200
 .debug_ranges  0x00000000       0x20 ../dsaf_bsp//obj/HAL/src/crt0.o
 .debug_ranges  0x00000020      0x140 c:/altera/13.0sp1/nios2eds/bin/gnu/h-i686-mingw32/bin/../lib/gcc/nios2-elf/4.1.2/../../../../nios2-elf/lib/mno-hw-mul\libsmallc.a(lib_a-vfprintf.o)
 .debug_ranges  0x00000160       0x18 c:/altera/13.0sp1/nios2eds/bin/gnu/h-i686-mingw32/bin/../lib/gcc/nios2-elf/4.1.2/../../../../nios2-elf/lib/mno-hw-mul\libsmallc.a(lib_a-__call_atexit.o)
 .debug_ranges  0x00000178       0x18 ../dsaf_bsp/\libhal_bsp.a(altera_avalon_timer_sc.o)
 .debug_ranges  0x00000190       0x28 ../dsaf_bsp/\libhal_bsp.a(alt_irq_entry.o)
 .debug_ranges  0x000001b8       0x18 ../dsaf_bsp/\libhal_bsp.a(alt_irq_handler.o)
 .debug_ranges  0x000001d0       0x30 ../dsaf_bsp/\libhal_bsp.a(alt_exception_entry.o)
