<html>
<body>
<pre>
<h1>µVision Build Log</h1>
<h2>Tool Versions:</h2>
IDE-Version: µVision V5.29.0.0
Copyright (C) 2019 ARM Ltd and ARM Germany GmbH. All rights reserved.
License Information: Georgios Kalfountzos University of liverpool Flex license: MDK Professional 5.29 (Flex): 100 user(s) (mdk_pro) Operation stops: 13 Jun 2020
 
Tool Versions:
Toolchain:       MDK Professional 5.29 (Flex): 100 user(s)  Version: 5.29.0.0
Toolchain Path:  C:\Keil_v5\ARM\ARMCC\Bin
C Compiler:      Armcc.exe V5.06 update 6 (build 750)
Assembler:       Armasm.exe V5.06 update 6 (build 750)
Linker/Locator:  ArmLink.exe V5.06 update 6 (build 750)
Library Manager: ArmAr.exe V5.06 update 6 (build 750)
Hex Converter:   FromElf.exe V5.06 update 6 (build 750)
CPU DLL:         SARMCM3.DLL V5.29.0.0
Dialog DLL:      DCM.DLL V1.17.3.0
Target DLL:      CMSIS_AGDI.dll V1.32.0.0
Dialog DLL:      TCM.DLL V1.36.5.0
 
<h2>Project:</h2>
C:\Users\geoka\Desktop\arm\FRDM_K64\boards\frdmk64f\assign4\aa\BASIC_ELEC422\mdk\BASIC.uvprojx
Project File Date:  04/13/2020

<h2>Output:</h2>
*** Using Compiler 'V5.06 update 6 (build 750)', folder: 'C:\Keil_v5\ARM\ARMCC\Bin'
Build target 'BASIC Debug'
compiling main.c...
..\main.c(189): warning:  #1035-D: single-precision operand implicitly converted to double-precision
  			send2thread2->POT1_value = (value/65534)*3.3;                                     // Set the mail content
..\main.c(192): warning:  #1035-D: single-precision operand implicitly converted to double-precision
  			send2thread2->POT2_value = (value/65534)*3.3;                                     // Set the mail content
..\main.c: 2 warnings, 0 errors
linking...
Program Size: Code=25628 RO-data=1976 RW-data=148 ZI-data=77352  
"debug\LEDS-SIGNALS-UART.out" - 0 Error(s), 2 Warning(s).

<h2>Software Packages used:</h2>

Package Vendor: ARM
                http://www.keil.com/pack/ARM.CMSIS.5.6.0.pack
                ARM.CMSIS.5.6.0
                CMSIS (Cortex Microcontroller Software Interface Standard)
   * Component: RTOS Version: 1.0.0
   * Component: CORE Version: 5.3.0
   * Component: Keil RTX Version: 4.82.0

Package Vendor: NXP
                http://mcuxpresso.nxp.com/cmsis_pack/repo/NXP.MK64F12_DFP.12.1.0.pack
                NXP.MK64F12_DFP.12.1.0
                Device Family Pack for MK64F12
   * Component: MK64F12_header Version: 1.0.0

Package Vendor: Keil
                http://www.keil.com/pack/Keil.Kinetis_K60_DFP.1.5.0.pack
                Keil.Kinetis_K60_DFP.1.5.0
                NXP Kinetis K60 Series Device Support and Examples

<h2>Collection of Component include folders:</h2>
  .\RTE\_BASIC_Debug
  C:\Users\geoka\AppData\Local\Arm\Packs\ARM\CMSIS\5.6.0\CMSIS\Core\Include
  C:\Users\geoka\AppData\Local\Arm\Packs\ARM\CMSIS\5.6.0\CMSIS\RTOS\RTX\INC
  C:\Users\geoka\AppData\Local\Arm\Packs\Keil\Kinetis_K60_DFP\1.5.0\Device\Include
  C:\Users\geoka\AppData\Local\Arm\Packs\NXP\MK64F12_DFP\12.1.0

<h2>Collection of Component Files used:</h2>

   * Component: ::CMSIS:RTOS:1.0.0 (API)

   * Component: ARM::CMSIS:CORE:5.3.0

   * Component: ARM::CMSIS:RTOS:Keil RTX:4.82.0
      Source file:   CMSIS\RTOS\RTX\UserCodeTemplates\Mutex.c
      Include file:  CMSIS\RTOS\RTX\UserCodeTemplates\osObjects.h
      Source file:   CMSIS\RTOS\RTX\SRC\ARM\SVC_Table.s
      Source file:   CMSIS\RTOS\RTX\Templates\RTX_Conf_CM.c
      Source file:   CMSIS\RTOS\RTX\UserCodeTemplates\MailQueue.c
      Include file:  CMSIS\RTOS\RTX\INC\cmsis_os.h
      Source file:   CMSIS\RTOS\RTX\UserCodeTemplates\MemPool.c
      Source file:   CMSIS\RTOS\RTX\UserCodeTemplates\MsgQueue.c
      Source file:   CMSIS\RTOS\RTX\UserCodeTemplates\Thread.c
      Source file:   CMSIS\RTOS\RTX\UserCodeTemplates\main.c
      Source file:   CMSIS\RTOS\RTX\UserCodeTemplates\Timer.c
      Source file:   CMSIS\RTOS\RTX\UserCodeTemplates\Semaphore.c
      Library file:  CMSIS\RTOS\RTX\LIB\ARM\RTX_CM4.lib

   * Component: NXP::Device:CMSIS:MK64F12_header:1.0.0
      Include file:  fsl_device_registers.h
      Include file:  MK64F12.h
      Include file:  MK64F12_features.h
Build Time Elapsed:  00:00:05
</pre>
</body>
</html>
